Archive member included because of file (symbol)

c:/isystem/winideaopen9/gcc/arm/bin/../lib/gcc/arm-none-eabi/4.9.3/../../../../arm-none-eabi/lib/cortex-m7\libc.a(lib_a-assert.o)
                              C:\WinOpen\Sistemas_embebidos\BaseProject\workspace\Debug\pmc.o (__assert_func)
c:/isystem/winideaopen9/gcc/arm/bin/../lib/gcc/arm-none-eabi/4.9.3/../../../../arm-none-eabi/lib/cortex-m7\libc.a(lib_a-fiprintf.o)
                              c:/isystem/winideaopen9/gcc/arm/bin/../lib/gcc/arm-none-eabi/4.9.3/../../../../arm-none-eabi/lib/cortex-m7\libc.a(lib_a-assert.o) (fiprintf)
c:/isystem/winideaopen9/gcc/arm/bin/../lib/gcc/arm-none-eabi/4.9.3/../../../../arm-none-eabi/lib/cortex-m7\libc.a(lib_a-impure.o)
                              C:\WinOpen\Sistemas_embebidos\BaseProject\workspace\Debug\dbg_console.o (_impure_ptr)
c:/isystem/winideaopen9/gcc/arm/bin/../lib/gcc/arm-none-eabi/4.9.3/../../../../arm-none-eabi/lib/cortex-m7\libc.a(lib_a-memcpy.o)
                              C:\WinOpen\Sistemas_embebidos\BaseProject\workspace\Debug\board_memories.o (memcpy)
c:/isystem/winideaopen9/gcc/arm/bin/../lib/gcc/arm-none-eabi/4.9.3/../../../../arm-none-eabi/lib/cortex-m7\libc.a(lib_a-memset.o)
                              C:\WinOpen\Sistemas_embebidos\BaseProject\workspace\Debug\Mem_Alloc.o (memset)
c:/isystem/winideaopen9/gcc/arm/bin/../lib/gcc/arm-none-eabi/4.9.3/../../../../arm-none-eabi/lib/cortex-m7\libc.a(lib_a-printf.o)
                              C:\WinOpen\Sistemas_embebidos\BaseProject\workspace\Debug\dbg_console.o (printf)
c:/isystem/winideaopen9/gcc/arm/bin/../lib/gcc/arm-none-eabi/4.9.3/../../../../arm-none-eabi/lib/cortex-m7\libc.a(lib_a-putchar.o)
                              C:\WinOpen\Sistemas_embebidos\BaseProject\workspace\Debug\dbg_console.o (putchar)
c:/isystem/winideaopen9/gcc/arm/bin/../lib/gcc/arm-none-eabi/4.9.3/../../../../arm-none-eabi/lib/cortex-m7\libc.a(lib_a-setvbuf.o)
                              C:\WinOpen\Sistemas_embebidos\BaseProject\workspace\Debug\dbg_console.o (setvbuf)
c:/isystem/winideaopen9/gcc/arm/bin/../lib/gcc/arm-none-eabi/4.9.3/../../../../arm-none-eabi/lib/cortex-m7\libc.a(lib_a-vfiprintf.o)
                              c:/isystem/winideaopen9/gcc/arm/bin/../lib/gcc/arm-none-eabi/4.9.3/../../../../arm-none-eabi/lib/cortex-m7\libc.a(lib_a-fiprintf.o) (_vfiprintf_r)
c:/isystem/winideaopen9/gcc/arm/bin/../lib/gcc/arm-none-eabi/4.9.3/../../../../arm-none-eabi/lib/cortex-m7\libc.a(lib_a-vfprintf.o)
                              c:/isystem/winideaopen9/gcc/arm/bin/../lib/gcc/arm-none-eabi/4.9.3/../../../../arm-none-eabi/lib/cortex-m7\libc.a(lib_a-printf.o) (_vfprintf_r)
c:/isystem/winideaopen9/gcc/arm/bin/../lib/gcc/arm-none-eabi/4.9.3/../../../../arm-none-eabi/lib/cortex-m7\libc.a(lib_a-wsetup.o)
                              c:/isystem/winideaopen9/gcc/arm/bin/../lib/gcc/arm-none-eabi/4.9.3/../../../../arm-none-eabi/lib/cortex-m7\libc.a(lib_a-vfiprintf.o) (__swsetup_r)
c:/isystem/winideaopen9/gcc/arm/bin/../lib/gcc/arm-none-eabi/4.9.3/../../../../arm-none-eabi/lib/cortex-m7\libc.a(lib_a-abort.o)
                              c:/isystem/winideaopen9/gcc/arm/bin/../lib/gcc/arm-none-eabi/4.9.3/../../../../arm-none-eabi/lib/cortex-m7\libc.a(lib_a-assert.o) (abort)
c:/isystem/winideaopen9/gcc/arm/bin/../lib/gcc/arm-none-eabi/4.9.3/../../../../arm-none-eabi/lib/cortex-m7\libc.a(lib_a-dtoa.o)
                              c:/isystem/winideaopen9/gcc/arm/bin/../lib/gcc/arm-none-eabi/4.9.3/../../../../arm-none-eabi/lib/cortex-m7\libc.a(lib_a-vfprintf.o) (_dtoa_r)
c:/isystem/winideaopen9/gcc/arm/bin/../lib/gcc/arm-none-eabi/4.9.3/../../../../arm-none-eabi/lib/cortex-m7\libc.a(lib_a-fflush.o)
                              c:/isystem/winideaopen9/gcc/arm/bin/../lib/gcc/arm-none-eabi/4.9.3/../../../../arm-none-eabi/lib/cortex-m7\libc.a(lib_a-setvbuf.o) (_fflush_r)
c:/isystem/winideaopen9/gcc/arm/bin/../lib/gcc/arm-none-eabi/4.9.3/../../../../arm-none-eabi/lib/cortex-m7\libc.a(lib_a-findfp.o)
                              c:/isystem/winideaopen9/gcc/arm/bin/../lib/gcc/arm-none-eabi/4.9.3/../../../../arm-none-eabi/lib/cortex-m7\libc.a(lib_a-setvbuf.o) (_cleanup_r)
c:/isystem/winideaopen9/gcc/arm/bin/../lib/gcc/arm-none-eabi/4.9.3/../../../../arm-none-eabi/lib/cortex-m7\libc.a(lib_a-fputwc.o)
                              c:/isystem/winideaopen9/gcc/arm/bin/../lib/gcc/arm-none-eabi/4.9.3/../../../../arm-none-eabi/lib/cortex-m7\libc.a(lib_a-vfiprintf.o) (_fputwc_r)
c:/isystem/winideaopen9/gcc/arm/bin/../lib/gcc/arm-none-eabi/4.9.3/../../../../arm-none-eabi/lib/cortex-m7\libc.a(lib_a-freer.o)
                              c:/isystem/winideaopen9/gcc/arm/bin/../lib/gcc/arm-none-eabi/4.9.3/../../../../arm-none-eabi/lib/cortex-m7\libc.a(lib_a-setvbuf.o) (_free_r)
c:/isystem/winideaopen9/gcc/arm/bin/../lib/gcc/arm-none-eabi/4.9.3/../../../../arm-none-eabi/lib/cortex-m7\libc.a(lib_a-fvwrite.o)
[...]
Memory Configuration

Name             Origin             Length             Attributes
rom              0x00400000         0x00200000         xr
ram              0x20400000         0x00050000         xrw
ram_heap         0x20450000         0x00010000         xrw
sdram            0x70000000         0x00200000         xrw
*default*        0x00000000         0xffffffff

Linker script and memory map

LOAD C:\WinOpen\Sistemas_embebidos\BaseProject\workspace\Debug\dbg_console.o
LOAD C:\WinOpen\Sistemas_embebidos\BaseProject\workspace\Debug\board_lowlevel.o
LOAD C:\WinOpen\Sistemas_embebidos\BaseProject\workspace\Debug\board_memories.o
LOAD C:\WinOpen\Sistemas_embebidos\BaseProject\workspace\Debug\exceptions.o
LOAD C:\WinOpen\Sistemas_embebidos\BaseProject\workspace\Debug\pio.o
LOAD C:\WinOpen\Sistemas_embebidos\BaseProject\workspace\Debug\mpu.o
LOAD C:\WinOpen\Sistemas_embebidos\BaseProject\workspace\Debug\pmc.o
LOAD C:\WinOpen\Sistemas_embebidos\BaseProject\workspace\Debug\uart.o
LOAD C:\WinOpen\Sistemas_embebidos\BaseProject\workspace\Debug\wdt.o
LOAD C:\WinOpen\Sistemas_embebidos\BaseProject\workspace\Debug\pio_it.o
LOAD C:\WinOpen\Sistemas_embebidos\BaseProject\workspace\Debug\supc.o
LOAD C:\WinOpen\Sistemas_embebidos\BaseProject\workspace\Debug\tc.o
LOAD C:\WinOpen\Sistemas_embebidos\BaseProject\workspace\Debug\xdma_hardware_interface.o
LOAD C:\WinOpen\Sistemas_embebidos\BaseProject\workspace\Debug\xdmac.o
LOAD C:\WinOpen\Sistemas_embebidos\BaseProject\workspace\Debug\xdmad.o
LOAD C:\WinOpen\Sistemas_embebidos\BaseProject\workspace\Debug\Uart_Cfg.o
LOAD C:\WinOpen\Sistemas_embebidos\BaseProject\workspace\Debug\syscalls.o
LOAD C:\WinOpen\Sistemas_embebidos\BaseProject\workspace\Debug\system_sam.o
LOAD C:\WinOpen\Sistemas_embebidos\BaseProject\workspace\Debug\timetick.o
LOAD C:\WinOpen\Sistemas_embebidos\BaseProject\workspace\Debug\app_scheduler.o
LOAD C:\WinOpen\Sistemas_embebidos\BaseProject\workspace\Debug\Tasks.o
LOAD C:\WinOpen\Sistemas_embebidos\BaseProject\workspace\Debug\Mem_Alloc.o
LOAD C:\WinOpen\Sistemas_embebidos\BaseProject\workspace\Debug\led.o
LOAD C:\WinOpen\Sistemas_embebidos\BaseProject\workspace\Debug\main.o
LOAD C:\WinOpen\Sistemas_embebidos\BaseProject\workspace\Debug\startup_sam.o
                0x00002000                STACK_SIZE = DEFINED (STACK_SIZE)?STACK_SIZE:0x2000
                0x00010000                HEAP_SIZE = DEFINED (HEAP_SIZE)?HEAP_SIZE:0x10000
                0x00010000                MY_HEAP_SIZE = DEFINED (MY_HEAP_SIZE)?MY_HEAP_SIZE:0x10000

.text           0x00400000     0xa128
                0x00400000                . = ALIGN (0x4)
                0x00400000                _sfixed = .
 *(.vectors .vectors.*)
 .vectors       0x00400000      0x140 C:\WinOpen\Sistemas_embebidos\BaseProject\workspace\Debug\startup_sam.o
                0x00400000                exception_table
 *(.text .text.* .gnu.linkonce.t.*)
 .text          0x00400140      0x56c C:\WinOpen\Sistemas_embebidos\BaseProject\workspace\Debug\dbg_console.o
                0x00400140                DBG_Configure
                0x004001f0                DBG_PutChar
                0x00400244                DBG_GetChar
                0x00400288                DBG_IsRxReady
                0x004002c0                DBG_DumpFrame
                0x00400304                DBG_DumpMemory
                0x00400468                DBG_GetInteger
                0x00400538                DBG_GetIntegerMinMax
                0x00400598                DBG_GetHexa32
                0x00400640                puts
                0x0040066c                gets
 .text          0x004006ac      0x19c C:\WinOpen\Sistemas_embebidos\BaseProject\workspace\Debug\board_lowlevel.o
                0x004006ac                _SetupMemoryRegion
                0x00400838                LowLevelInit
 .text          0x00400848       0xe8 C:\WinOpen\Sistemas_embebidos\BaseProject\workspace\Debug\exceptions.o
                0x00400848                NMI_Handler
                0x004008d0                HardFault_Handler
                0x004008e4                MemManage_Handler
                0x004008fc                BusFault_Handler
                0x00400918                UsageFault_Handler
 .text          0x00400930      0x540 C:\WinOpen\Sistemas_embebidos\BaseProject\workspace\Debug\pio.o
                0x00400ba0                PIO_Configure
                0x00400d04                PIO_Set
                0x00400d20                PIO_Clear
                0x00400d3c                PIO_Get
                0x00400d84                PIO_GetOutputDataStatus
                0x00400db0                PIO_SetDebounceFilter
                0x00400dec                PIO_EnableWriteProtect
                0x00400e10                PIO_DisableWriteProtect
                0x00400e34                PIO_GetWriteProtectViolationInfo
                0x00400e54                PIO_SetPinType
 .text          0x00400e70       0xf0 C:\WinOpen\Sistemas_embebidos\BaseProject\workspace\Debug\mpu.o
                0x00400e70                MPU_Enable
                0x00400e8c                MPU_SetRegionNum
                0x00400ea8                MPU_DisableRegion
                0x00400ec4                MPU_SetRegion
                0x00400ee8                MPU_CalMPURegionSize
                0x00400f28                MPU_UpdateRegions
 .text          0x00400f60      0x76c C:\WinOpen\Sistemas_embebidos\BaseProject\workspace\Debug\pmc.o
                0x00401034                PMC_EnablePeripheral
                0x004010c4                PMC_DisablePeripheral
                0x00401154                PMC_EnableAllPeripherals
                0x00401194                PMC_DisableAllPeripherals
                0x004011d0                PMC_IsPeriphEnabled
                0x0040122c                PMC_EnableExtOsc
                0x004012a8                PMC_DisableExtOsc
                0x004012e4                PMC_SelectExtOsc
                0x00401350                PMC_SelectExtBypassOsc
                0x004013bc                PMC_EnableIntRC4_8_12MHz
                0x00401448                PMC_DisableIntRC4_8_12MHz
                0x0040148c                PMC_SetPllaClock
                0x004014e4                PMC_SetMckSelection
                0x00401528                PMC_DisableAllClocks
                0x00401578                PMC_ConfigureMckWithPlla
                0x004015b0                PMC_EnableXT32KFME
                0x004015dc                PMC_ConfigurePCK0
                0x0040162c                PMC_ConfigurePCK1
                0x0040167c                PMC_ConfigurePCK2
 .text          0x004016cc      0x898 C:\WinOpen\Sistemas_embebidos\BaseProject\workspace\Debug\uart.o
                0x004016cc                Uart_Isr
                0x004018e0                UART_IsRxReady
                0x00401900                UART_IsTxReady
                0x00401920                UART_IsTxSent
                0x0040193c                Uart_Init
                0x00401ae0                Uart_SetBaurate
                0x00401b70                Uart_SetTxEnable
                0x00401bd0                Uart_SetRxEnable
                0x00401c30                Uart_SendByte
                0x00401cb4                Uart_SendBuffer
                0x00401dfc                Uart_EnableInt
                0x00401e60                Uart_GetStatus
                0x00401eb4                Uart_GetByte
                0x00401f28                UART0_Handler
                0x00401f34                UART1_Handler
                0x00401f40                UART2_Handler
                0x00401f4c                UART3_Handler
                0x00401f58                UART4_Handler
 .text          0x00401f64       0xa8 C:\WinOpen\Sistemas_embebidos\BaseProject\workspace\Debug\wdt.o
                0x00401f64                WDT_Enable
                0x00401f80                WDT_Disable
                0x00401f9c                WDT_Restart
                0x00401fb8                WDT_GetStatus
                0x00401fd4                WDT_GetPeriod
 .text          0x0040200c      0x4ac C:\WinOpen\Sistemas_embebidos\BaseProject\workspace\Debug\pio_it.o
                0x004020f8                PioInterruptHandler
                0x004021a8                PIOA_Handler
                0x004021bc                PIOB_Handler
                0x004021d0                PIOC_Handler
                0x004021e4                PIOD_Handler
                0x004021f8                PIOE_Handler
                0x0040220c                PIO_InitializeInterrupts
                0x00402314                PIO_ConfigureIt
                0x004023f0                PIO_EnableIt
                0x00402480                PIO_DisableIt
 .text          0x004024b8       0x60 C:\WinOpen\Sistemas_embebidos\BaseProject\workspace\Debug\Uart_Cfg.o
                0x004024b8                FnTxNotification
                0x004024d4                FnRxNotification
                0x004024f8                FnErrNotification
 .text          0x00402518      0x164 C:\WinOpen\Sistemas_embebidos\BaseProject\workspace\Debug\syscalls.o
                0x00402518                _sbrk
                0x00402558                link
                0x00402574                _close
                0x0040258c                _fstat
                0x004025ac                _isatty
                0x004025c4                _lseek
                0x004025e0                _read
                0x004025fc                _write
                0x00402638                _exit
                0x00402650                _kill
                0x00402668                _getpid
 .text          0x0040267c      0x378 C:\WinOpen\Sistemas_embebidos\BaseProject\workspace\Debug\system_sam.o
                0x0040267c                SystemInit
                0x00402788                SystemCoreClockUpdate
                0x004028f0                system_init_flash
                0x00402984                sysclk_enable_usb
                0x004029c0                sysclk_disable_usb
 .text          0x004029f4      0x330 C:\WinOpen\Sistemas_embebidos\BaseProject\workspace\Debug\timetick.o
                0x00402a8c                SysTick_Handler
                0x00402b14                SetTimeEvent
                0x00402b30                TimeTick_Configure
                0x00402be4                GetDelayInTicks
                0x00402c30                GetTicks
                0x00402c64                Wait
                0x00402cc4                Sleep
 .text          0x00402d24      0x26c C:\WinOpen\Sistemas_embebidos\BaseProject\workspace\Debug\app_scheduler.o
                0x00402d24                vfnScheduler_Callback
                0x00402e50                vfnScheduler_Init
                0x00402ed4                vfnScheduler_Start
                0x00402ef0                vfnScheduler_Stop
                0x00402f08                vfnTask_Scheduler
 .text          0x00402f90       0x84 C:\WinOpen\Sistemas_embebidos\BaseProject\workspace\Debug\Tasks.o
                0x00402f90                vfnTsk_1ms
                0x00402f9c                vfnTsk_2msA
                0x00402fa8                vfnTsk_2msB
                0x00402fb4                vfnTsk_10ms
                0x00402fc0                vfnTsk_50ms
                0x00402fcc                vfnTsk_100ms
 .text          0x00403014       0xdc C:\WinOpen\Sistemas_embebidos\BaseProject\workspace\Debug\Mem_Alloc.o
                0x00403014                Mem_Init
                0x00403080                Mem_Alloc
 .text          0x004030f0      0x168 C:\WinOpen\Sistemas_embebidos\BaseProject\workspace\Debug\led.o
                0x004030f0                LED_Configure
                0x00403128                LED_Set
                0x0040318c                LED_Clear
                0x004031f0                LED_Toggle
 .text          0x00403258      0x25c C:\WinOpen\Sistemas_embebidos\BaseProject\workspace\Debug\main.o
                0x00403400                Serial_Cnf
                0x00403458                main
 .text          0x004034b4       0xe0 C:\WinOpen\Sistemas_embebidos\BaseProject\workspace\Debug\startup_sam.o
                0x004034f4                Reset_Handler
                0x0040358c                DebugMon_Handler
                0x0040358c                TRNG_Handler
                0x0040358c                TC2_Handler
                0x0040358c                AFEC1_Handler
                0x0040358c                PendSV_Handler
                0x0040358c                TC7_Handler
                0x0040358c                QSPI_Handler
                0x0040358c                ISI_Handler
                0x0040358c                TC9_Handler
                0x0040358c                RSWDT_Handler
                0x0040358c                MCAN1_Handler
                0x0040358c                USART0_Handler
                0x0040358c                RTT_Handler
                0x0040358c                USBHS_Handler
                0x0040358c                CCF_Handler
                0x0040358c                RTC_Handler
                0x0040358c                TC6_Handler
                0x0040358c                WDT_Handler
                0x0040358c                TC4_Handler
                0x0040358c                TC1_Handler
                0x0040358c                HSMCI_Handler
                0x0040358c                DACC_Handler
                0x0040358c                TC3_Handler
                0x0040358c                Dummy_Handler
                0x0040358c                TWIHS1_Handler
                0x0040358c                XDMAC_Handler
                0x0040358c                PWM1_Handler
                0x0040358c                USART1_Handler
                0x0040358c                PWM0_Handler
                0x0040358c                AFEC0_Handler
                0x0040358c                CCW_Handler
                0x0040358c                TC11_Handler
                0x0040358c                SSC_Handler
                0x0040358c                ACC_Handler
                0x0040358c                PMC_Handler
                0x0040358c                GMAC_Handler
                0x0040358c                SUPC_Handler
                0x0040358c                SVC_Handler
                0x0040358c                TC8_Handler
                0x0040358c                GMACQ2_Handler
                0x0040358c                EFC_Handler
                0x0040358c                USART2_Handler
                0x0040358c                SDRAMC_Handler
                0x0040358c                SPI1_Handler
                0x0040358c                MCAN0_Handler
                0x0040358c                TC10_Handler
                0x0040358c                TWIHS2_Handler
                0x0040358c                MLB_Handler
                0x0040358c                GMACQ1_Handler
                0x0040358c                MCAN1_Line1_Handler
                0x0040358c                FPU_Handler
                0x0040358c                RSTC_Handler
                0x0040358c                TC0_Handler
                0x0040358c                MCAN0_Line1_Handler
                0x0040358c                TC5_Handler
                0x0040358c                AES_Handler
                0x0040358c                ICM_Handler
                0x0040358c                TWIHS0_Handler
                0x0040358c                SPI0_Handler
 .text.__assert_func
                0x00403594       0x3c c:/isystem/winideaopen9/gcc/arm/bin/../lib/gcc/arm-none-eabi/4.9.3/../../../../arm-none-eabi/lib/cortex-m7\libc.a(lib_a-assert.o)
                0x00403594                __assert_func
 .text.fiprintf
                0x004035d0       0x28 c:/isystem/winideaopen9/gcc/arm/bin/../lib/gcc/arm-none-eabi/4.9.3/../../../../arm-none-eabi/lib/cortex-m7\libc.a(lib_a-fiprintf.o)
                0x004035d0                fiprintf
 .text          0x004035f8      0x134 c:/isystem/winideaopen9/gcc/arm/bin/../lib/gcc/arm-none-eabi/4.9.3/../../../../arm-none-eabi/lib/cortex-m7\libc.a(lib_a-memcpy.o)
                0x004035f8                memcpy
 .text.memset   0x0040372c       0xa0 c:/isystem/winideaopen9/gcc/arm/bin/../lib/gcc/arm-none-eabi/4.9.3/../../../../arm-none-eabi/lib/cortex-m7\libc.a(lib_a-memset.o)
                0x0040372c                memset
 .text.printf   0x004037cc       0x28 c:/isystem/winideaopen9/gcc/arm/bin/../lib/gcc/arm-none-eabi/4.9.3/../../../../arm-none-eabi/lib/cortex-m7\libc.a(lib_a-printf.o)
                0x004037cc                printf
 .text.putchar  0x004037f4       0x10 c:/isystem/winideaopen9/gcc/arm/bin/../lib/gcc/arm-none-eabi/4.9.3/../../../../arm-none-eabi/lib/cortex-m7\libc.a(lib_a-putchar.o)
                0x004037f4                putchar
 .text.setvbuf  0x00403804       0xfc c:/isystem/winideaopen9/gcc/arm/bin/../lib/gcc/arm-none-eabi/4.9.3/../../../../arm-none-eabi/lib/cortex-m7\libc.a(lib_a-setvbuf.o)
                0x00403804                setvbuf
 .text.__sprint_r.part.0
                0x00403900       0x78 c:/isystem/winideaopen9/gcc/arm/bin/../lib/gcc/arm-none-eabi/4.9.3/../../../../arm-none-eabi/lib/cortex-m7\libc.a(lib_a-vfiprintf.o)
 .text.__sprint_r
                0x00403978       0x18 c:/isystem/winideaopen9/gcc/arm/bin/../lib/gcc/arm-none-eabi/4.9.3/../../../../arm-none-eabi/lib/cortex-m7\libc.a(lib_a-vfiprintf.o)
                0x00403978                __sprint_r
 .text._vfiprintf_r
                0x00403990      0xbf4 c:/isystem/winideaopen9/gcc/arm/bin/../lib/gcc/arm-none-eabi/4.9.3/../../../../arm-none-eabi/lib/cortex-m7\libc.a(lib_a-vfiprintf.o)
                0x00403990                _vfiprintf_r
 .text.__sbprintf
                0x00404584       0x80 c:/isystem/winideaopen9/gcc/arm/bin/../lib/gcc/arm-none-eabi/4.9.3/../../../../arm-none-eabi/lib/cortex-m7\libc.a(lib_a-vfiprintf.o)
 .text._vfprintf_r
                0x00404604     0x1554 c:/isystem/winideaopen9/gcc/arm/bin/../lib/gcc/arm-none-eabi/4.9.3/../../../../arm-none-eabi/lib/cortex-m7\libc.a(lib_a-vfprintf.o)
                0x00404604                _vfprintf_r
 .text.__sbprintf
                0x00405b58       0x80 c:/isystem/winideaopen9/gcc/arm/bin/../lib/gcc/arm-none-eabi/4.9.3/../../../../arm-none-eabi/lib/cortex-m7\libc.a(lib_a-vfprintf.o)
 .text.__swsetup_r
                0x00405bd8       0xc4 c:/isystem/winideaopen9/gcc/arm/bin/../lib/gcc/arm-none-eabi/4.9.3/../../../../arm-none-eabi/lib/cortex-m7\libc.a(lib_a-wsetup.o)
                0x00405bd8                __swsetup_r
 .text.abort    0x00405c9c       0x10 c:/isystem/winideaopen9/gcc/arm/bin/../lib/gcc/arm-none-eabi/4.9.3/../../../../arm-none-eabi/lib/cortex-m7\libc.a(lib_a-abort.o)
                0x00405c9c                abort
 .text.quorem   0x00405cac      0x140 c:/isystem/winideaopen9/gcc/arm/bin/../lib/gcc/arm-none-eabi/4.9.3/../../../../arm-none-eabi/lib/cortex-m7\libc.a(lib_a-dtoa.o)
 *fill*         0x00405dec        0x4 
 .text._dtoa_r  0x00405df0      0xee8 c:/isystem/winideaopen9/gcc/arm/bin/../lib/gcc/arm-none-eabi/4.9.3/../../../../arm-none-eabi/lib/cortex-m7\libc.a(lib_a-dtoa.o)
                0x00405df0                _dtoa_r
 .text.__sflush_r
                0x00406cd8      0x148 c:/isystem/winideaopen9/gcc/arm/bin/../lib/gcc/arm-none-eabi/4.9.3/../../../../arm-none-eabi/lib/cortex-m7\libc.a(lib_a-fflush.o)
                0x00406cd8                __sflush_r
 .text._fflush_r
                0x00406e20       0x2c c:/isystem/winideaopen9/gcc/arm/bin/../lib/gcc/arm-none-eabi/4.9.3/../../../../arm-none-eabi/lib/cortex-m7\libc.a(lib_a-fflush.o)
                0x00406e20                _fflush_r
 .text._cleanup_r
                0x00406e4c        0xc c:/isystem/winideaopen9/gcc/arm/bin/../lib/gcc/arm-none-eabi/4.9.3/../../../../arm-none-eabi/lib/cortex-m7\libc.a(lib_a-findfp.o)
                0x00406e4c                _cleanup_r
 .text.__sinit.part.1
                0x00406e58       0xfc c:/isystem/winideaopen9/gcc/arm/bin/../lib/gcc/arm-none-eabi/4.9.3/../../../../arm-none-eabi/lib/cortex-m7\libc.a(lib_a-findfp.o)
 .text.__sinit  0x00406f54        0xc c:/isystem/winideaopen9/gcc/arm/bin/../lib/gcc/arm-none-eabi/4.9.3/../../../../arm-none-eabi/lib/cortex-m7\libc.a(lib_a-findfp.o)
                0x00406f54                __sinit
 .text.__sfp_lock_acquire
                0x00406f60        0x4 c:/isystem/winideaopen9/gcc/arm/bin/../lib/gcc/arm-none-eabi/4.9.3/../../../../arm-none-eabi/lib/cortex-m7\libc.a(lib_a-findfp.o)
                0x00406f60                __sfp_lock_acquire
 .text.__sfp_lock_release
                0x00406f64        0x4 c:/isystem/winideaopen9/gcc/arm/bin/../lib/gcc/arm-none-eabi/4.9.3/../../../../arm-none-eabi/lib/cortex-m7\libc.a(lib_a-findfp.o)
                0x00406f64                __sfp_lock_release
 .text.__fputwc
                0x00406f68       0xb0 c:/isystem/winideaopen9/gcc/arm/bin/../lib/gcc/arm-none-eabi/4.9.3/../../../../arm-none-eabi/lib/cortex-m7\libc.a(lib_a-fputwc.o)
                0x00406f68                __fputwc
 .text._fputwc_r
                0x00407018       0x24 c:/isystem/winideaopen9/gcc/arm/bin/../lib/gcc/arm-none-eabi/4.9.3/../../../../arm-none-eabi/lib/cortex-m7\libc.a(lib_a-fputwc.o)
                0x00407018                _fputwc_r
 .text._malloc_trim_r
                0x0040703c       0x9c c:/isystem/winideaopen9/gcc/arm/bin/../lib/gcc/arm-none-eabi/4.9.3/../../../../arm-none-eabi/lib/cortex-m7\libc.a(lib_a-freer.o)
                0x0040703c                _malloc_trim_r
 .text._free_r  0x004070d8      0x1b0 c:/isystem/winideaopen9/gcc/arm/bin/../lib/gcc/arm-none-eabi/4.9.3/../../../../arm-none-eabi/lib/cortex-m7\libc.a(lib_a-freer.o)
                0x004070d8                _free_r
 .text.__sfvwrite_r
                0x00407288      0x324 c:/isystem/winideaopen9/gcc/arm/bin/../lib/gcc/arm-none-eabi/4.9.3/../../../../arm-none-eabi/lib/cortex-m7\libc.a(lib_a-fvwrite.o)
                0x00407288                __sfvwrite_r
 .text._fwalk_reent
                0x004075ac       0x50 c:/isystem/winideaopen9/gcc/arm/bin/../lib/gcc/arm-none-eabi/4.9.3/../../../../arm-none-eabi/lib/cortex-m7\libc.a(lib_a-fwalk.o)
                0x004075ac                _fwalk_reent
 .text.__locale_charset
                0x004075fc        0x8 c:/isystem/winideaopen9/gcc/arm/bin/../lib/gcc/arm-none-eabi/4.9.3/../../../../arm-none-eabi/lib/cortex-m7\libc.a(lib_a-locale.o)
                0x004075fc                __locale_charset
 .text.__locale_mb_cur_max
                0x00407604        0xc c:/isystem/winideaopen9/gcc/arm/bin/../lib/gcc/arm-none-eabi/4.9.3/../../../../arm-none-eabi/lib/cortex-m7\libc.a(lib_a-locale.o)
                0x00407604                __locale_mb_cur_max
 .text._localeconv_r
                0x00407610        0x8 c:/isystem/winideaopen9/gcc/arm/bin/../lib/gcc/arm-none-eabi/4.9.3/../../../../arm-none-eabi/lib/cortex-m7\libc.a(lib_a-locale.o)
                0x00407610                _localeconv_r
 .text.__smakebuf_r
                0x00407618       0xe4 c:/isystem/winideaopen9/gcc/arm/bin/../lib/gcc/arm-none-eabi/4.9.3/../../../../arm-none-eabi/lib/cortex-m7\libc.a(lib_a-makebuf.o)
                0x00407618                __smakebuf_r
 .text.malloc   0x004076fc       0x10 c:/isystem/winideaopen9/gcc/arm/bin/../lib/gcc/arm-none-eabi/4.9.3/../../../../arm-none-eabi/lib/cortex-m7\libc.a(lib_a-malloc.o)
                0x004076fc                malloc
 .text._malloc_r
                0x0040770c      0x558 c:/isystem/winideaopen9/gcc/arm/bin/../lib/gcc/arm-none-eabi/4.9.3/../../../../arm-none-eabi/lib/cortex-m7\libc.a(lib_a-mallocr.o)
                0x0040770c                _malloc_r
 .text.memchr   0x00407c64       0x90 c:/isystem/winideaopen9/gcc/arm/bin/../lib/gcc/arm-none-eabi/4.9.3/../../../../arm-none-eabi/lib/cortex-m7\libc.a(lib_a-memchr.o)
                0x00407c64                memchr
 .text.memmove  0x00407cf4       0xc4 c:/isystem/winideaopen9/gcc/arm/bin/../lib/gcc/arm-none-eabi/4.9.3/../../../../arm-none-eabi/lib/cortex-m7\libc.a(lib_a-memmove.o)
                0x00407cf4                memmove
 .text.__malloc_lock
                0x00407db8        0x4 c:/isystem/winideaopen9/gcc/arm/bin/../lib/gcc/arm-none-eabi/4.9.3/../../../../arm-none-eabi/lib/cortex-m7\libc.a(lib_a-mlock.o)
                0x00407db8                __malloc_lock
 .text.__malloc_unlock
                0x00407dbc        0x4 c:/isystem/winideaopen9/gcc/arm/bin/../lib/gcc/arm-none-eabi/4.9.3/../../../../arm-none-eabi/lib/cortex-m7\libc.a(lib_a-mlock.o)
                0x00407dbc                __malloc_unlock
 .text._Balloc  0x00407dc0       0x50 c:/isystem/winideaopen9/gcc/arm/bin/../lib/gcc/arm-none-eabi/4.9.3/../../../../arm-none-eabi/lib/cortex-m7\libc.a(lib_a-mprec.o)
                0x00407dc0                _Balloc
 .text._Bfree   0x00407e10       0x14 c:/isystem/winideaopen9/gcc/arm/bin/../lib/gcc/arm-none-eabi/4.9.3/../../../../arm-none-eabi/lib/cortex-m7\libc.a(lib_a-mprec.o)
                0x00407e10                _Bfree
 .text.__multadd
                0x00407e24       0x84 c:/isystem/winideaopen9/gcc/arm/bin/../lib/gcc/arm-none-eabi/4.9.3/../../../../arm-none-eabi/lib/cortex-m7\libc.a(lib_a-mprec.o)
                0x00407e24                __multadd
 .text.__hi0bits
                0x00407ea8       0x44 c:/isystem/winideaopen9/gcc/arm/bin/../lib/gcc/arm-none-eabi/4.9.3/../../../../arm-none-eabi/lib/cortex-m7\libc.a(lib_a-mprec.o)
                0x00407ea8                __hi0bits
 .text.__lo0bits
                0x00407eec       0x64 c:/isystem/winideaopen9/gcc/arm/bin/../lib/gcc/arm-none-eabi/4.9.3/../../../../arm-none-eabi/lib/cortex-m7\libc.a(lib_a-mprec.o)
                0x00407eec                __lo0bits
 .text.__i2b    0x00407f50       0x14 c:/isystem/winideaopen9/gcc/arm/bin/../lib/gcc/arm-none-eabi/4.9.3/../../../../arm-none-eabi/lib/cortex-m7\libc.a(lib_a-mprec.o)
                0x00407f50                __i2b
 .text.__multiply
                0x00407f64      0x144 c:/isystem/winideaopen9/gcc/arm/bin/../lib/gcc/arm-none-eabi/4.9.3/../../../../arm-none-eabi/lib/cortex-m7\libc.a(lib_a-mprec.o)
                0x00407f64                __multiply
 .text.__pow5mult
                0x004080a8       0xa0 c:/isystem/winideaopen9/gcc/arm/bin/../lib/gcc/arm-none-eabi/4.9.3/../../../../arm-none-eabi/lib/cortex-m7\libc.a(lib_a-mprec.o)
                0x004080a8                __pow5mult
 .text.__lshift
                0x00408148       0xb4 c:/isystem/winideaopen9/gcc/arm/bin/../lib/gcc/arm-none-eabi/4.9.3/../../../../arm-none-eabi/lib/cortex-m7\libc.a(lib_a-mprec.o)
                0x00408148                __lshift
 .text.__mcmp   0x004081fc       0x48 c:/isystem/winideaopen9/gcc/arm/bin/../lib/gcc/arm-none-eabi/4.9.3/../../../../arm-none-eabi/lib/cortex-m7\libc.a(lib_a-mprec.o)
                0x004081fc                __mcmp
 .text.__mdiff  0x00408244       0xe4 c:/isystem/winideaopen9/gcc/arm/bin/../lib/gcc/arm-none-eabi/4.9.3/../../../../arm-none-eabi/lib/cortex-m7\libc.a(lib_a-mprec.o)
                0x00408244                __mdiff
 .text.__d2b    0x00408328       0xb0 c:/isystem/winideaopen9/gcc/arm/bin/../lib/gcc/arm-none-eabi/4.9.3/../../../../arm-none-eabi/lib/cortex-m7\libc.a(lib_a-mprec.o)
                0x00408328                __d2b
 .text._putc_r  0x004083d8       0x58 c:/isystem/winideaopen9/gcc/arm/bin/../lib/gcc/arm-none-eabi/4.9.3/../../../../arm-none-eabi/lib/cortex-m7\libc.a(lib_a-putc.o)
                0x004083d8                _putc_r
 .text._realloc_r
                0x00408430      0x3f0 c:/isystem/winideaopen9/gcc/arm/bin/../lib/gcc/arm-none-eabi/4.9.3/../../../../arm-none-eabi/lib/cortex-m7\libc.a(lib_a-reallocr.o)
                0x00408430                _realloc_r
 .text.__fpclassifyd
                0x00408820       0x44 c:/isystem/winideaopen9/gcc/arm/bin/../lib/gcc/arm-none-eabi/4.9.3/../../../../arm-none-eabi/lib/cortex-m7\libc.a(lib_a-s_fpclassify.o)
                0x00408820                __fpclassifyd
 .text._sbrk_r  0x00408864       0x24 c:/isystem/winideaopen9/gcc/arm/bin/../lib/gcc/arm-none-eabi/4.9.3/../../../../arm-none-eabi/lib/cortex-m7\libc.a(lib_a-sbrkr.o)
                0x00408864                _sbrk_r
 .text._raise_r
                0x00408888       0x58 c:/isystem/winideaopen9/gcc/arm/bin/../lib/gcc/arm-none-eabi/4.9.3/../../../../arm-none-eabi/lib/cortex-m7\libc.a(lib_a-signal.o)
                0x00408888                _raise_r
 .text.raise    0x004088e0       0x10 c:/isystem/winideaopen9/gcc/arm/bin/../lib/gcc/arm-none-eabi/4.9.3/../../../../arm-none-eabi/lib/cortex-m7\libc.a(lib_a-signal.o)
                0x004088e0                raise
 .text._kill_r  0x004088f0       0x28 c:/isystem/winideaopen9/gcc/arm/bin/../lib/gcc/arm-none-eabi/4.9.3/../../../../arm-none-eabi/lib/cortex-m7\libc.a(lib_a-signalr.o)
                0x004088f0                _kill_r
 .text._getpid_r
                0x00408918        0x4 c:/isystem/winideaopen9/gcc/arm/bin/../lib/gcc/arm-none-eabi/4.9.3/../../../../arm-none-eabi/lib/cortex-m7\libc.a(lib_a-signalr.o)
                0x00408918                _getpid_r
 .text.__sread  0x0040891c       0x24 c:/isystem/winideaopen9/gcc/arm/bin/../lib/gcc/arm-none-eabi/4.9.3/../../../../arm-none-eabi/lib/cortex-m7\libc.a(lib_a-stdio.o)
                0x0040891c                __sread
 .text.__swrite
                0x00408940       0x38 c:/isystem/winideaopen9/gcc/arm/bin/../lib/gcc/arm-none-eabi/4.9.3/../../../../arm-none-eabi/lib/cortex-m7\libc.a(lib_a-stdio.o)
                0x00408940                __swrite
 .text.__sseek  0x00408978       0x24 c:/isystem/winideaopen9/gcc/arm/bin/../lib/gcc/arm-none-eabi/4.9.3/../../../../arm-none-eabi/lib/cortex-m7\libc.a(lib_a-stdio.o)
                0x00408978                __sseek
 .text.__sclose
                0x0040899c        0x8 c:/isystem/winideaopen9/gcc/arm/bin/../lib/gcc/arm-none-eabi/4.9.3/../../../../arm-none-eabi/lib/cortex-m7\libc.a(lib_a-stdio.o)
                0x0040899c                __sclose
 .text.strlen   0x004089a4       0x5c c:/isystem/winideaopen9/gcc/arm/bin/../lib/gcc/arm-none-eabi/4.9.3/../../../../arm-none-eabi/lib/cortex-m7\libc.a(lib_a-strlen.o)
                0x004089a4                strlen
 .text.__swbuf_r
                0x00408a00       0xa8 c:/isystem/winideaopen9/gcc/arm/bin/../lib/gcc/arm-none-eabi/4.9.3/../../../../arm-none-eabi/lib/cortex-m7\libc.a(lib_a-wbuf.o)
                0x00408a00                __swbuf_r
 .text._wcrtomb_r
                0x00408aa8       0x54 c:/isystem/winideaopen9/gcc/arm/bin/../lib/gcc/arm-none-eabi/4.9.3/../../../../arm-none-eabi/lib/cortex-m7\libc.a(lib_a-wcrtomb.o)
                0x00408aa8                _wcrtomb_r
 .text.__ascii_wctomb
                0x00408afc       0x18 c:/isystem/winideaopen9/gcc/arm/bin/../lib/gcc/arm-none-eabi/4.9.3/../../../../arm-none-eabi/lib/cortex-m7\libc.a(lib_a-wctomb_r.o)
                0x00408afc                __ascii_wctomb
 .text._write_r
                0x00408b14       0x28 c:/isystem/winideaopen9/gcc/arm/bin/../lib/gcc/arm-none-eabi/4.9.3/../../../../arm-none-eabi/lib/cortex-m7\libc.a(lib_a-writer.o)
                0x00408b14                _write_r
 .text._calloc_r
                0x00408b3c       0x60 c:/isystem/winideaopen9/gcc/arm/bin/../lib/gcc/arm-none-eabi/4.9.3/../../../../arm-none-eabi/lib/cortex-m7\libc.a(lib_a-callocr.o)
                0x00408b3c                _calloc_r
 .text._close_r
                0x00408b9c       0x24 c:/isystem/winideaopen9/gcc/arm/bin/../lib/gcc/arm-none-eabi/4.9.3/../../../../arm-none-eabi/lib/cortex-m7\libc.a(lib_a-closer.o)
                0x00408b9c                _close_r
 .text._fclose_r
                0x00408bc0       0x84 c:/isystem/winideaopen9/gcc/arm/bin/../lib/gcc/arm-none-eabi/4.9.3/../../../../arm-none-eabi/lib/cortex-m7\libc.a(lib_a-fclose.o)
                0x00408bc0                _fclose_r
 .text._fstat_r
                0x00408c44       0x28 c:/isystem/winideaopen9/gcc/arm/bin/../lib/gcc/arm-none-eabi/4.9.3/../../../../arm-none-eabi/lib/cortex-m7\libc.a(lib_a-fstatr.o)
                0x00408c44                _fstat_r
 .text._isatty_r
                0x00408c6c       0x24 c:/isystem/winideaopen9/gcc/arm/bin/../lib/gcc/arm-none-eabi/4.9.3/../../../../arm-none-eabi/lib/cortex-m7\libc.a(lib_a-isattyr.o)
                0x00408c6c                _isatty_r
 .text._lseek_r
                0x00408c90       0x28 c:/isystem/winideaopen9/gcc/arm/bin/../lib/gcc/arm-none-eabi/4.9.3/../../../../arm-none-eabi/lib/cortex-m7\libc.a(lib_a-lseekr.o)
                0x00408c90                _lseek_r
 .text._read_r  0x00408cb8       0x28 c:/isystem/winideaopen9/gcc/arm/bin/../lib/gcc/arm-none-eabi/4.9.3/../../../../arm-none-eabi/lib/cortex-m7\libc.a(lib_a-readr.o)
                0x00408cb8                _read_r
 .text          0x00408ce0      0x370 c:/isystem/winideaopen9/gcc/arm/bin/../lib/gcc/arm-none-eabi/4.9.3/cortex-m7\libgcc.a(_arm_addsubdf3.o)
                0x00408ce0                __aeabi_drsub
                0x00408ce8                __aeabi_dsub
                0x00408ce8                __subdf3
                0x00408cec                __aeabi_dadd
                0x00408cec                __adddf3
                0x00408f64                __floatunsidf
                0x00408f64                __aeabi_ui2d
                0x00408f84                __floatsidf
                0x00408f84                __aeabi_i2d
                0x00408fa8                __aeabi_f2d
                0x00408fa8                __extendsfdf2
                0x00408fe4                __floatundidf
                0x00408fe4                __aeabi_ul2d
                0x00408ff4                __floatdidf
                0x00408ff4                __aeabi_l2d
 .text          0x00409050      0x424 c:/isystem/winideaopen9/gcc/arm/bin/../lib/gcc/arm-none-eabi/4.9.3/cortex-m7\libgcc.a(_arm_muldivdf3.o)
                0x00409050                __aeabi_dmul
                0x00409050                __muldf3
                0x004092a4                __divdf3
                0x004092a4                __aeabi_ddiv
 .text          0x00409474      0x110 c:/isystem/winideaopen9/gcc/arm/bin/../lib/gcc/arm-none-eabi/4.9.3/cortex-m7\libgcc.a(_arm_cmpdf2.o)
                0x00409474                __gtdf2
                0x00409474                __gedf2
                0x0040947c                __ltdf2
                0x0040947c                __ledf2
                0x00409484                __nedf2
                0x00409484                __eqdf2
                0x00409484                __cmpdf2
                0x00409500                __aeabi_cdrcmple
                0x00409510                __aeabi_cdcmpeq
                0x00409510                __aeabi_cdcmple
                0x00409520                __aeabi_dcmpeq
                0x00409534                __aeabi_dcmplt
                0x00409548                __aeabi_dcmple
                0x0040955c                __aeabi_dcmpge
                0x00409570                __aeabi_dcmpgt
 .text          0x00409584       0x50 c:/isystem/winideaopen9/gcc/arm/bin/../lib/gcc/arm-none-eabi/4.9.3/cortex-m7\libgcc.a(_arm_fixdfsi.o)
                0x00409584                __aeabi_d2iz
                0x00409584                __fixdfsi
 .text          0x004095d4       0x30 c:/isystem/winideaopen9/gcc/arm/bin/../lib/gcc/arm-none-eabi/4.9.3/cortex-m7\libgcc.a(_aeabi_uldivmod.o)
                0x004095d4                __aeabi_uldivmod
 .text          0x00409604       0x60 c:/isystem/winideaopen9/gcc/arm/bin/../lib/gcc/arm-none-eabi/4.9.3/cortex-m7\libgcc.a(bpabi.o)
                0x00409604                __gnu_ldivmod_helper
                0x00409634                __gnu_uldivmod_helper
 .text          0x00409664        0x4 c:/isystem/winideaopen9/gcc/arm/bin/../lib/gcc/arm-none-eabi/4.9.3/cortex-m7\libgcc.a(_dvmd_tls.o)
                0x00409664                __aeabi_idiv0
                0x00409664                __aeabi_ldiv0
 .text          0x00409668      0x284 c:/isystem/winideaopen9/gcc/arm/bin/../lib/gcc/arm-none-eabi/4.9.3/cortex-m7\libgcc.a(_divdi3.o)
                0x00409668                __divdi3
 .text          0x004098ec      0x248 c:/isystem/winideaopen9/gcc/arm/bin/../lib/gcc/arm-none-eabi/4.9.3/cortex-m7\libgcc.a(_udivdi3.o)
                0x004098ec                __udivdi3
 *(.glue_7t)
 .glue_7t       0x00000000        0x0 linker stubs
 *(.glue_7)
 .glue_7        0x00000000        0x0 linker stubs
 *(.rodata .rodata* .gnu.linkonce.r.*)
 .rodata        0x00409b34       0xf7 C:\WinOpen\Sistemas_embebidos\BaseProject\workspace\Debug\dbg_console.o
 *fill*         0x00409c2b        0x1 
 .rodata        0x00409c2c       0xac C:\WinOpen\Sistemas_embebidos\BaseProject\workspace\Debug\pmc.o
 .rodata        0x00409cd8        0x3 C:\WinOpen\Sistemas_embebidos\BaseProject\workspace\Debug\uart.o
 *fill*         0x00409cdb        0x1 
 .rodata        0x00409cdc       0xee C:\WinOpen\Sistemas_embebidos\BaseProject\workspace\Debug\pio_it.o
 *fill*         0x00409dca        0x2 
 .rodata        0x00409dcc       0x58 C:\WinOpen\Sistemas_embebidos\BaseProject\workspace\Debug\Uart_Cfg.o
                0x00409df8                UartChannelCfg
                0x00409e18                UART_Config
 .rodata        0x00409e24       0x19 C:\WinOpen\Sistemas_embebidos\BaseProject\workspace\Debug\syscalls.o
 *fill*         0x00409e3d        0x3 
 .rodata        0x00409e40       0xbe C:\WinOpen\Sistemas_embebidos\BaseProject\workspace\Debug\timetick.o
 *fill*         0x00409efe        0x2 
 .rodata        0x00409f00       0x1c C:\WinOpen\Sistemas_embebidos\BaseProject\workspace\Debug\led.o
 .rodata        0x00409f1c       0x28 C:\WinOpen\Sistemas_embebidos\BaseProject\workspace\Debug\main.o
 .rodata.str1.4
                0x00409f44       0x3f c:/isystem/winideaopen9/gcc/arm/bin/../lib/gcc/arm-none-eabi/4.9.3/../../../../arm-none-eabi/lib/cortex-m7\libc.a(lib_a-assert.o)
                                 0x43 (size before relaxing)
 *fill*         0x00409f83        0x1 
 .rodata.str1.4
                0x00409f84        0x2 c:/isystem/winideaopen9/gcc/arm/bin/../lib/gcc/arm-none-eabi/4.9.3/../../../../arm-none-eabi/lib/cortex-m7\libc.a(lib_a-impure.o)
 *fill*         0x00409f86        0x2 
 .rodata.zeroes.6869
                0x00409f88       0x10 c:/isystem/winideaopen9/gcc/arm/bin/../lib/gcc/arm-none-eabi/4.9.3/../../../../arm-none-eabi/lib/cortex-m7\libc.a(lib_a-vfiprintf.o)
 .rodata.str1.4
                0x00409f98       0x2f c:/isystem/winideaopen9/gcc/arm/bin/../lib/gcc/arm-none-eabi/4.9.3/../../../../arm-none-eabi/lib/cortex-m7\libc.a(lib_a-vfiprintf.o)
 *fill*         0x00409fc7        0x1 
 .rodata.blanks.6868
                0x00409fc8       0x10 c:/isystem/winideaopen9/gcc/arm/bin/../lib/gcc/arm-none-eabi/4.9.3/../../../../arm-none-eabi/lib/cortex-m7\libc.a(lib_a-vfiprintf.o)
 .rodata.zeroes.6926
                0x00409fd8       0x10 c:/isystem/winideaopen9/gcc/arm/bin/../lib/gcc/arm-none-eabi/4.9.3/../../../../arm-none-eabi/lib/cortex-m7\libc.a(lib_a-vfprintf.o)
 .rodata.str1.4
                0x00409fe8       0x12 c:/isystem/winideaopen9/gcc/arm/bin/../lib/gcc/arm-none-eabi/4.9.3/../../../../arm-none-eabi/lib/cortex-m7\libc.a(lib_a-vfprintf.o)
                                 0x42 (size before relaxing)
 *fill*         0x00409ffa        0x2 
 .rodata.blanks.6925
                0x00409ffc       0x10 c:/isystem/winideaopen9/gcc/arm/bin/../lib/gcc/arm-none-eabi/4.9.3/../../../../arm-none-eabi/lib/cortex-m7\libc.a(lib_a-vfprintf.o)
 .rodata.str1.4
                0x0040a00c       0x10 c:/isystem/winideaopen9/gcc/arm/bin/../lib/gcc/arm-none-eabi/4.9.3/../../../../arm-none-eabi/lib/cortex-m7\libc.a(lib_a-dtoa.o)
                                 0x12 (size before relaxing)
 .rodata.str1.4
                0x0040a01c        0xc c:/isystem/winideaopen9/gcc/arm/bin/../lib/gcc/arm-none-eabi/4.9.3/../../../../arm-none-eabi/lib/cortex-m7\libc.a(lib_a-locale.o)
                                 0x12 (size before relaxing)
 .rodata.__mprec_tens
                0x0040a028       0xc8 c:/isystem/winideaopen9/gcc/arm/bin/../lib/gcc/arm-none-eabi/4.9.3/../../../../arm-none-eabi/lib/cortex-m7\libc.a(lib_a-mprec.o)
                0x0040a028                __mprec_tens
 .rodata.p05.5302
                0x0040a0f0        0xc c:/isystem/winideaopen9/gcc/arm/bin/../lib/gcc/arm-none-eabi/4.9.3/../../../../arm-none-eabi/lib/cortex-m7\libc.a(lib_a-mprec.o)
 *fill*         0x0040a0fc        0x4 
 .rodata.__mprec_bigtens
                0x0040a100       0x28 c:/isystem/winideaopen9/gcc/arm/bin/../lib/gcc/arm-none-eabi/4.9.3/../../../../arm-none-eabi/lib/cortex-m7\libc.a(lib_a-mprec.o)
                0x0040a100                __mprec_bigtens
 *(.ARM.extab* .gnu.linkonce.armextab.*)
                0x0040a128                . = ALIGN (0x4)
 *(.init)
                0x0040a128                . = ALIGN (0x4)
                0x0040a128                __preinit_array_start = .
 *(.preinit_array)
                0x0040a128                __preinit_array_end = .
                0x0040a128                . = ALIGN (0x4)
                0x0040a128                __init_array_start = .
 *(SORT(.init_array.*))
 *(.init_array)
                0x0040a128                __init_array_end = .
                0x0040a128                . = ALIGN (0x4)
 *crtbegin.o(.ctors)
 *(EXCLUDE_FILE(*crtend.o) .ctors)
 *(SORT(.ctors.*))
 *crtend.o(.ctors)
                0x0040a128                . = ALIGN (0x4)
 *(.fini)
                0x0040a128                . = ALIGN (0x4)
                0x0040a128                __fini_array_start = .
 *(.fini_array)
 *(SORT(.fini_array.*))
                0x0040a128                __fini_array_end = .
 *crtbegin.o(.dtors)
 *(EXCLUDE_FILE(*crtend.o) .dtors)
 *(SORT(.dtors.*))
 *crtend.o(.dtors)
                0x0040a128                . = ALIGN (0x4)
                0x0040a128                _efixed = .
                0x0040a128                PROVIDE (__exidx_start, .)

.vfp11_veneer   0x0040a128        0x0
 .vfp11_veneer  0x00000000        0x0 linker stubs

.v4_bx          0x0040a128        0x0
 .v4_bx         0x00000000        0x0 linker stubs

.iplt           0x0040a128        0x0
 .iplt          0x00000000        0x0 C:\WinOpen\Sistemas_embebidos\BaseProject\workspace\Debug\dbg_console.o

.igot.plt       0x0040a128        0x0
 .igot.plt      0x00000000        0x0 C:\WinOpen\Sistemas_embebidos\BaseProject\workspace\Debug\dbg_console.o

.ARM.exidx      0x0040a128        0x8
 *(.ARM.exidx* .gnu.linkonce.armexidx.*)
 .ARM.exidx     0x0040a128        0x8 c:/isystem/winideaopen9/gcc/arm/bin/../lib/gcc/arm-none-eabi/4.9.3/cortex-m7\libgcc.a(_divdi3.o)
 .ARM.exidx     0x0040a130        0x0 c:/isystem/winideaopen9/gcc/arm/bin/../lib/gcc/arm-none-eabi/4.9.3/cortex-m7\libgcc.a(_udivdi3.o)
                                  0x8 (size before relaxing)
                0x0040a130                PROVIDE (__exidx_end, .)

.rel.dyn        0x0040a130        0x0
 .rel.iplt      0x00000000        0x0 C:\WinOpen\Sistemas_embebidos\BaseProject\workspace\Debug\dbg_console.o
                0x0040a130                . = ALIGN (0x4)
                0x0040a130                _etext = .

.relocate       0x20400000      0x8e4 load address 0x0040a130
                0x20400000                . = ALIGN (0x4)
                0x20400000                _srelocate = .
 *(.ramfunc .ramfunc.*)
 *(.data .data.*)
 .data          0x20400000       0x14 C:\WinOpen\Sistemas_embebidos\BaseProject\workspace\Debug\uart.o
 .data          0x20400014        0x4 C:\WinOpen\Sistemas_embebidos\BaseProject\workspace\Debug\system_sam.o
                0x20400014                SystemCoreClock
 .data          0x20400018       0x30 C:\WinOpen\Sistemas_embebidos\BaseProject\workspace\Debug\main.o
                0x20400018                Tasks
 .data.impure_data
                0x20400048      0x428 c:/isystem/winideaopen9/gcc/arm/bin/../lib/gcc/arm-none-eabi/4.9.3/../../../../arm-none-eabi/lib/cortex-m7\libc.a(lib_a-impure.o)
 .data._impure_ptr
                0x20400470        0x4 c:/isystem/winideaopen9/gcc/arm/bin/../lib/gcc/arm-none-eabi/4.9.3/../../../../arm-none-eabi/lib/cortex-m7\libc.a(lib_a-impure.o)
                0x20400470                _impure_ptr
 .data.lconv    0x20400474       0x38 c:/isystem/winideaopen9/gcc/arm/bin/../lib/gcc/arm-none-eabi/4.9.3/../../../../arm-none-eabi/lib/cortex-m7\libc.a(lib_a-locale.o)
 .data.lc_ctype_charset
                0x204004ac       0x20 c:/isystem/winideaopen9/gcc/arm/bin/../lib/gcc/arm-none-eabi/4.9.3/../../../../arm-none-eabi/lib/cortex-m7\libc.a(lib_a-locale.o)
 .data.__mb_cur_max
                0x204004cc        0x4 c:/isystem/winideaopen9/gcc/arm/bin/../lib/gcc/arm-none-eabi/4.9.3/../../../../arm-none-eabi/lib/cortex-m7\libc.a(lib_a-locale.o)
                0x204004cc                __mb_cur_max
 .data.__malloc_av_
                0x204004d0      0x408 c:/isystem/winideaopen9/gcc/arm/bin/../lib/gcc/arm-none-eabi/4.9.3/../../../../arm-none-eabi/lib/cortex-m7\libc.a(lib_a-mallocr.o)
                0x204004d0                __malloc_av_
 .data.__malloc_trim_threshold
                0x204008d8        0x4 c:/isystem/winideaopen9/gcc/arm/bin/../lib/gcc/arm-none-eabi/4.9.3/../../../../arm-none-eabi/lib/cortex-m7\libc.a(lib_a-mallocr.o)
                0x204008d8                __malloc_trim_threshold
 .data.__malloc_sbrk_base
                0x204008dc        0x4 c:/isystem/winideaopen9/gcc/arm/bin/../lib/gcc/arm-none-eabi/4.9.3/../../../../arm-none-eabi/lib/cortex-m7\libc.a(lib_a-mallocr.o)
                0x204008dc                __malloc_sbrk_base
 .data.__wctomb
                0x204008e0        0x4 c:/isystem/winideaopen9/gcc/arm/bin/../lib/gcc/arm-none-eabi/4.9.3/../../../../arm-none-eabi/lib/cortex-m7\libc.a(lib_a-wctomb_r.o)
                0x204008e0                __wctomb
                0x204008e4                . = ALIGN (0x4)
                0x204008e4                _erelocate = .

.bss            0x204008e4      0x188 load address 0x0040aa14
                0x204008e4                . = ALIGN (0x4)
                0x204008e4                _sbss = .
                0x204008e4                _szero = .
 *(.bss .bss.*)
 .bss           0x204008e4        0x6 C:\WinOpen\Sistemas_embebidos\BaseProject\workspace\Debug\dbg_console.o
 *fill*         0x204008ea        0x2 
 .bss           0x204008ec       0x44 C:\WinOpen\Sistemas_embebidos\BaseProject\workspace\Debug\pio_it.o
 .bss           0x20400930        0xc C:\WinOpen\Sistemas_embebidos\BaseProject\workspace\Debug\syscalls.o
 .bss           0x2040093c       0x18 C:\WinOpen\Sistemas_embebidos\BaseProject\workspace\Debug\timetick.o
 .bss           0x20400954        0x2 C:\WinOpen\Sistemas_embebidos\BaseProject\workspace\Debug\Tasks.o
                0x20400954                u8100ms_Ctr
                0x20400955                u8100ms_Ctr2
 *fill*         0x20400956        0x2 
 .bss.__malloc_max_total_mem
                0x20400958        0x4 c:/isystem/winideaopen9/gcc/arm/bin/../lib/gcc/arm-none-eabi/4.9.3/../../../../arm-none-eabi/lib/cortex-m7\libc.a(lib_a-mallocr.o)
                0x20400958                __malloc_max_total_mem
 .bss.__malloc_max_sbrked_mem
                0x2040095c        0x4 c:/isystem/winideaopen9/gcc/arm/bin/../lib/gcc/arm-none-eabi/4.9.3/../../../../arm-none-eabi/lib/cortex-m7\libc.a(lib_a-mallocr.o)
                0x2040095c                __malloc_max_sbrked_mem
 .bss.__malloc_top_pad
                0x20400960        0x4 c:/isystem/winideaopen9/gcc/arm/bin/../lib/gcc/arm-none-eabi/4.9.3/../../../../arm-none-eabi/lib/cortex-m7\libc.a(lib_a-mallocr.o)
                0x20400960                __malloc_top_pad
 .bss.__malloc_current_mallinfo
                0x20400964       0x28 c:/isystem/winideaopen9/gcc/arm/bin/../lib/gcc/arm-none-eabi/4.9.3/../../../../arm-none-eabi/lib/cortex-m7\libc.a(lib_a-mallocr.o)
                0x20400964                __malloc_current_mallinfo
 *(COMMON)
 COMMON         0x2040098c       0x7c C:\WinOpen\Sistemas_embebidos\BaseProject\workspace\Debug\uart.o
                0x2040098c                UartConfig
                0x20400990                UartStatusPtr
 COMMON         0x20400a08       0x14 C:\WinOpen\Sistemas_embebidos\BaseProject\workspace\Debug\timetick.o
                0x20400a08                gfunc_ptr
                0x20400a0c                DelayTimer
 COMMON         0x20400a1c       0x3a C:\WinOpen\Sistemas_embebidos\BaseProject\workspace\Debug\app_scheduler.o
                0x20400a1c                u8_50ms_Counter
                0x20400a20                task_ctrl_array
                0x20400a50                gu8Scheduler_Status
                0x20400a51                gu8Scheduler_Thread_ID_Backup
                0x20400a52                u8_10ms_Counter
                0x20400a53                u8_100ms_Counter
                0x20400a54                gu8Scheduler_Counter
                0x20400a55                gu8Scheduler_Thread_ID
 *fill*         0x20400a56        0x2 
 COMMON         0x20400a58       0x10 C:\WinOpen\Sistemas_embebidos\BaseProject\workspace\Debug\Mem_Alloc.o
                0x20400a58                New_Heap
 COMMON         0x20400a68        0x4 c:/isystem/winideaopen9/gcc/arm/bin/../lib/gcc/arm-none-eabi/4.9.3/../../../../arm-none-eabi/lib/cortex-m7\libc.a(lib_a-reent.o)
                0x20400a68                errno
                0x20400a6c                . = ALIGN (0x4)
                0x20400a6c                _ebss = .
                0x20400a6c                _ezero = .

.stack          0x20400a6c     0x2004 load address 0x0040ab9c
                0x20400a70                . = ALIGN (0x8)
 *fill*         0x20400a6c        0x4 
                0x20400a70                _sstack = .
                0x20402a70                . = (. + STACK_SIZE)
 *fill*         0x20400a70     0x2000 
                0x20402a70                . = ALIGN (0x8)
                0x20402a70                _estack = .

.heap           0x20450000    0x10000
                0x20450000                . = ALIGN (0x4)
                0x20450000                MEM_HEAP_START = .
                0x20460000                . = (. + HEAP_SIZE)
 *fill*         0x20450000    0x10000 
                0x20460000                . = ALIGN (0x4)
                0x20460000                MEM_HEAP_END = .

.my_heap        0x20402a70    0x10000 load address 0x0040cba0
                0x20402a70                . = ALIGN (0x8)
                0x20402a70                HEAP_LLD = .
                0x20402a70                _smyheap = .
                0x20412a70                . = (. + MY_HEAP_SIZE)
 *fill*         0x20402a70    0x10000 
                0x20412a70                . = ALIGN (0x8)
                0x20412a70                _emyheap = .
                0x20412a70                . = ALIGN (0x4)
                0x20412a70                _end = .
                0x2044ffff                _ram_end_ = ((ORIGIN (ram) + 0x50000) - 0x1)
                0x20412a70                _sdram_lma = .

sdram_region
 *(sdram_region)
LOAD c:/isystem/winideaopen9/gcc/arm/bin/../lib/gcc/arm-none-eabi/4.9.3/../../../../arm-none-eabi/lib/cortex-m7\libc.a
LOAD c:/isystem/winideaopen9/gcc/arm/bin/../lib/gcc/arm-none-eabi/4.9.3/cortex-m7\libgcc.a
LOAD c:/isystem/winideaopen9/gcc/arm/bin/../lib/gcc/arm-none-eabi/4.9.3/../../../../arm-none-eabi/lib/cortex-m7\libm.a
OUTPUT(BaseProject.elf elf32-littlearm)

.debug_info     0x00000000     0x8f9e
 .debug_info    0x00000000     0x14dc C:\WinOpen\Sistemas_embebidos\BaseProject\workspace\Debug\dbg_console.o
 .debug_info    0x000014dc      0x4f5 C:\WinOpen\Sistemas_embebidos\BaseProject\workspace\Debug\board_lowlevel.o
 .debug_info    0x000019d1      0x59c C:\WinOpen\Sistemas_embebidos\BaseProject\workspace\Debug\exceptions.o
 .debug_info    0x00001f6d      0xa00 C:\WinOpen\Sistemas_embebidos\BaseProject\workspace\Debug\pio.o
 .debug_info    0x0000296d      0x327 C:\WinOpen\Sistemas_embebidos\BaseProject\workspace\Debug\mpu.o
 .debug_info    0x00002c94      0x78b C:\WinOpen\Sistemas_embebidos\BaseProject\workspace\Debug\pmc.o
 .debug_info    0x0000341f      0x8e0 C:\WinOpen\Sistemas_embebidos\BaseProject\workspace\Debug\uart.o
 .debug_info    0x00003cff      0x1fd C:\WinOpen\Sistemas_embebidos\BaseProject\workspace\Debug\wdt.o
 .debug_info    0x00003efc      0xf6c C:\WinOpen\Sistemas_embebidos\BaseProject\workspace\Debug\pio_it.o
 .debug_info    0x00004e68      0x254 C:\WinOpen\Sistemas_embebidos\BaseProject\workspace\Debug\Uart_Cfg.o
 .debug_info    0x000050bc      0x4cc C:\WinOpen\Sistemas_embebidos\BaseProject\workspace\Debug\syscalls.o
 .debug_info    0x00005588      0x515 C:\WinOpen\Sistemas_embebidos\BaseProject\workspace\Debug\system_sam.o
 .debug_info    0x00005a9d      0xdca C:\WinOpen\Sistemas_embebidos\BaseProject\workspace\Debug\timetick.o
 .debug_info    0x00006867      0x2d2 C:\WinOpen\Sistemas_embebidos\BaseProject\workspace\Debug\app_scheduler.o
 .debug_info    0x00006b39      0x11c C:\WinOpen\Sistemas_embebidos\BaseProject\workspace\Debug\Tasks.o
 .debug_info    0x00006c55      0x1ba C:\WinOpen\Sistemas_embebidos\BaseProject\workspace\Debug\Mem_Alloc.o
 .debug_info    0x00006e0f      0x6f3 C:\WinOpen\Sistemas_embebidos\BaseProject\workspace\Debug\led.o
 .debug_info    0x00007502     0x10d4 C:\WinOpen\Sistemas_embebidos\BaseProject\workspace\Debug\main.o
 .debug_info    0x000085d6      0x9c8 C:\WinOpen\Sistemas_embebidos\BaseProject\workspace\Debug\startup_sam.o

.debug_abbrev   0x00000000     0x1c9c
 .debug_abbrev  0x00000000      0x26e C:\WinOpen\Sistemas_embebidos\BaseProject\workspace\Debug\dbg_console.o
 .debug_abbrev  0x0000026e      0x12f C:\WinOpen\Sistemas_embebidos\BaseProject\workspace\Debug\board_lowlevel.o
 .debug_abbrev  0x0000039d      0x152 C:\WinOpen\Sistemas_embebidos\BaseProject\workspace\Debug\exceptions.o
 .debug_abbrev  0x000004ef      0x19d C:\WinOpen\Sistemas_embebidos\BaseProject\workspace\Debug\pio.o
 .debug_abbrev  0x0000068c      0x144 C:\WinOpen\Sistemas_embebidos\BaseProject\workspace\Debug\mpu.o
 .debug_abbrev  0x000007d0      0x1ce C:\WinOpen\Sistemas_embebidos\BaseProject\workspace\Debug\pmc.o
 .debug_abbrev  0x0000099e      0x20c C:\WinOpen\Sistemas_embebidos\BaseProject\workspace\Debug\uart.o
 .debug_abbrev  0x00000baa       0xdf C:\WinOpen\Sistemas_embebidos\BaseProject\workspace\Debug\wdt.o
 .debug_abbrev  0x00000c89      0x22b C:\WinOpen\Sistemas_embebidos\BaseProject\workspace\Debug\pio_it.o
 .debug_abbrev  0x00000eb4      0x106 C:\WinOpen\Sistemas_embebidos\BaseProject\workspace\Debug\Uart_Cfg.o
 .debug_abbrev  0x00000fba      0x15e C:\WinOpen\Sistemas_embebidos\BaseProject\workspace\Debug\syscalls.o
 .debug_abbrev  0x00001118      0x127 C:\WinOpen\Sistemas_embebidos\BaseProject\workspace\Debug\system_sam.o
 .debug_abbrev  0x0000123f      0x23e C:\WinOpen\Sistemas_embebidos\BaseProject\workspace\Debug\timetick.o
 .debug_abbrev  0x0000147d      0x132 C:\WinOpen\Sistemas_embebidos\BaseProject\workspace\Debug\app_scheduler.o
 .debug_abbrev  0x000015af       0x7b C:\WinOpen\Sistemas_embebidos\BaseProject\workspace\Debug\Tasks.o
 .debug_abbrev  0x0000162a       0xe4 C:\WinOpen\Sistemas_embebidos\BaseProject\workspace\Debug\Mem_Alloc.o
 .debug_abbrev  0x0000170e      0x113 C:\WinOpen\Sistemas_embebidos\BaseProject\workspace\Debug\led.o
 .debug_abbrev  0x00001821      0x2db C:\WinOpen\Sistemas_embebidos\BaseProject\workspace\Debug\main.o
 .debug_abbrev  0x00001afc      0x1a0 C:\WinOpen\Sistemas_embebidos\BaseProject\workspace\Debug\startup_sam.o

.debug_aranges  0x00000000      0x260
 .debug_aranges
                0x00000000       0x20 C:\WinOpen\Sistemas_embebidos\BaseProject\workspace\Debug\dbg_console.o
 .debug_aranges
                0x00000020       0x20 C:\WinOpen\Sistemas_embebidos\BaseProject\workspace\Debug\board_lowlevel.o
 .debug_aranges
                0x00000040       0x20 C:\WinOpen\Sistemas_embebidos\BaseProject\workspace\Debug\exceptions.o
 .debug_aranges
                0x00000060       0x20 C:\WinOpen\Sistemas_embebidos\BaseProject\workspace\Debug\pio.o
 .debug_aranges
                0x00000080       0x20 C:\WinOpen\Sistemas_embebidos\BaseProject\workspace\Debug\mpu.o
 .debug_aranges
                0x000000a0       0x20 C:\WinOpen\Sistemas_embebidos\BaseProject\workspace\Debug\pmc.o
 .debug_aranges
                0x000000c0       0x20 C:\WinOpen\Sistemas_embebidos\BaseProject\workspace\Debug\uart.o
 .debug_aranges
                0x000000e0       0x20 C:\WinOpen\Sistemas_embebidos\BaseProject\workspace\Debug\wdt.o
 .debug_aranges
                0x00000100       0x20 C:\WinOpen\Sistemas_embebidos\BaseProject\workspace\Debug\pio_it.o
 .debug_aranges
                0x00000120       0x20 C:\WinOpen\Sistemas_embebidos\BaseProject\workspace\Debug\Uart_Cfg.o
 .debug_aranges
                0x00000140       0x20 C:\WinOpen\Sistemas_embebidos\BaseProject\workspace\Debug\syscalls.o
 .debug_aranges
                0x00000160       0x20 C:\WinOpen\Sistemas_embebidos\BaseProject\workspace\Debug\system_sam.o
 .debug_aranges
                0x00000180       0x20 C:\WinOpen\Sistemas_embebidos\BaseProject\workspace\Debug\timetick.o
 .debug_aranges
                0x000001a0       0x20 C:\WinOpen\Sistemas_embebidos\BaseProject\workspace\Debug\app_scheduler.o
 .debug_aranges
                0x000001c0       0x20 C:\WinOpen\Sistemas_embebidos\BaseProject\workspace\Debug\Tasks.o
 .debug_aranges
                0x000001e0       0x20 C:\WinOpen\Sistemas_embebidos\BaseProject\workspace\Debug\Mem_Alloc.o
 .debug_aranges
                0x00000200       0x20 C:\WinOpen\Sistemas_embebidos\BaseProject\workspace\Debug\led.o
 .debug_aranges
                0x00000220       0x20 C:\WinOpen\Sistemas_embebidos\BaseProject\workspace\Debug\main.o
 .debug_aranges
                0x00000240       0x20 C:\WinOpen\Sistemas_embebidos\BaseProject\workspace\Debug\startup_sam.o

.debug_macro    0x00000000    0x1d496
 .debug_macro   0x00000000      0x72c C:\WinOpen\Sistemas_embebidos\BaseProject\workspace\Debug\dbg_console.o
 .debug_macro   0x0000072c      0x86e C:\WinOpen\Sistemas_embebidos\BaseProject\workspace\Debug\dbg_console.o
 .debug_macro   0x00000f9a       0x22 C:\WinOpen\Sistemas_embebidos\BaseProject\workspace\Debug\dbg_console.o
 .debug_macro   0x00000fbc       0x44 C:\WinOpen\Sistemas_embebidos\BaseProject\workspace\Debug\dbg_console.o
 .debug_macro   0x00001000       0xe3 C:\WinOpen\Sistemas_embebidos\BaseProject\workspace\Debug\dbg_console.o
 .debug_macro   0x000010e3       0x22 C:\WinOpen\Sistemas_embebidos\BaseProject\workspace\Debug\dbg_console.o
 .debug_macro   0x00001105      0x1df C:\WinOpen\Sistemas_embebidos\BaseProject\workspace\Debug\dbg_console.o
 .debug_macro   0x000012e4       0x4a C:\WinOpen\Sistemas_embebidos\BaseProject\workspace\Debug\dbg_console.o
 .debug_macro   0x0000132e       0x3b C:\WinOpen\Sistemas_embebidos\BaseProject\workspace\Debug\dbg_console.o
 .debug_macro   0x00001369       0x18 C:\WinOpen\Sistemas_embebidos\BaseProject\workspace\Debug\dbg_console.o
 .debug_macro   0x00001381       0x26 C:\WinOpen\Sistemas_embebidos\BaseProject\workspace\Debug\dbg_console.o
 .debug_macro   0x000013a7      0xf9a C:\WinOpen\Sistemas_embebidos\BaseProject\workspace\Debug\dbg_console.o
 .debug_macro   0x00002341      0x16c C:\WinOpen\Sistemas_embebidos\BaseProject\workspace\Debug\dbg_console.o
 .debug_macro   0x000024ad      0x24a C:\WinOpen\Sistemas_embebidos\BaseProject\workspace\Debug\dbg_console.o
 .debug_macro   0x000026f7      0xa00 C:\WinOpen\Sistemas_embebidos\BaseProject\workspace\Debug\dbg_console.o
 .debug_macro   0x000030f7      0x1b4 C:\WinOpen\Sistemas_embebidos\BaseProject\workspace\Debug\dbg_console.o
 .debug_macro   0x000032ab      0x328 C:\WinOpen\Sistemas_embebidos\BaseProject\workspace\Debug\dbg_console.o
 .debug_macro   0x000035d3      0x15a C:\WinOpen\Sistemas_embebidos\BaseProject\workspace\Debug\dbg_console.o
 .debug_macro   0x0000372d      0xe71 C:\WinOpen\Sistemas_embebidos\BaseProject\workspace\Debug\dbg_console.o
 .debug_macro   0x0000459e       0x1c C:\WinOpen\Sistemas_embebidos\BaseProject\workspace\Debug\dbg_console.o
 .debug_macro   0x000045ba      0x67f C:\WinOpen\Sistemas_embebidos\BaseProject\workspace\Debug\dbg_console.o
 .debug_macro   0x00004c39      0x310 C:\WinOpen\Sistemas_embebidos\BaseProject\workspace\Debug\dbg_console.o
 .debug_macro   0x00004f49      0x4c7 C:\WinOpen\Sistemas_embebidos\BaseProject\workspace\Debug\dbg_console.o
 .debug_macro   0x00005410      0x26e C:\WinOpen\Sistemas_embebidos\BaseProject\workspace\Debug\dbg_console.o
 .debug_macro   0x0000567e     0x1324 C:\WinOpen\Sistemas_embebidos\BaseProject\workspace\Debug\dbg_console.o
 .debug_macro   0x000069a2      0x280 C:\WinOpen\Sistemas_embebidos\BaseProject\workspace\Debug\dbg_console.o
 .debug_macro   0x00006c22     0x2ba3 C:\WinOpen\Sistemas_embebidos\BaseProject\workspace\Debug\dbg_console.o
 .debug_macro   0x000097c5     0x101d C:\WinOpen\Sistemas_embebidos\BaseProject\workspace\Debug\dbg_console.o
 .debug_macro   0x0000a7e2      0xe01 C:\WinOpen\Sistemas_embebidos\BaseProject\workspace\Debug\dbg_console.o
 .debug_macro   0x0000b5e3      0x3a4 C:\WinOpen\Sistemas_embebidos\BaseProject\workspace\Debug\dbg_console.o
 .debug_macro   0x0000b987       0xa0 C:\WinOpen\Sistemas_embebidos\BaseProject\workspace\Debug\dbg_console.o
 .debug_macro   0x0000ba27       0x76 C:\WinOpen\Sistemas_embebidos\BaseProject\workspace\Debug\dbg_console.o
 .debug_macro   0x0000ba9d      0x3fb C:\WinOpen\Sistemas_embebidos\BaseProject\workspace\Debug\dbg_console.o
 .debug_macro   0x0000be98       0x64 C:\WinOpen\Sistemas_embebidos\BaseProject\workspace\Debug\dbg_console.o
 .debug_macro   0x0000befc      0x276 C:\WinOpen\Sistemas_embebidos\BaseProject\workspace\Debug\dbg_console.o
 .debug_macro   0x0000c172      0x1c4 C:\WinOpen\Sistemas_embebidos\BaseProject\workspace\Debug\dbg_console.o
 .debug_macro   0x0000c336      0x23b C:\WinOpen\Sistemas_embebidos\BaseProject\workspace\Debug\dbg_console.o
 .debug_macro   0x0000c571      0x516 C:\WinOpen\Sistemas_embebidos\BaseProject\workspace\Debug\dbg_console.o
 .debug_macro   0x0000ca87      0x62d C:\WinOpen\Sistemas_embebidos\BaseProject\workspace\Debug\dbg_console.o
 .debug_macro   0x0000d0b4      0x6a9 C:\WinOpen\Sistemas_embebidos\BaseProject\workspace\Debug\dbg_console.o
 .debug_macro   0x0000d75d       0x4c C:\WinOpen\Sistemas_embebidos\BaseProject\workspace\Debug\dbg_console.o
 .debug_macro   0x0000d7a9      0x45a C:\WinOpen\Sistemas_embebidos\BaseProject\workspace\Debug\dbg_console.o
 .debug_macro   0x0000dc03      0x1fb C:\WinOpen\Sistemas_embebidos\BaseProject\workspace\Debug\dbg_console.o
 .debug_macro   0x0000ddfe      0x87d C:\WinOpen\Sistemas_embebidos\BaseProject\workspace\Debug\dbg_console.o
 .debug_macro   0x0000e67b     0x1547 C:\WinOpen\Sistemas_embebidos\BaseProject\workspace\Debug\dbg_console.o
 .debug_macro   0x0000fbc2       0x40 C:\WinOpen\Sistemas_embebidos\BaseProject\workspace\Debug\dbg_console.o
 .debug_macro   0x0000fc02       0x76 C:\WinOpen\Sistemas_embebidos\BaseProject\workspace\Debug\dbg_console.o
 .debug_macro   0x0000fc78      0xda0 C:\WinOpen\Sistemas_embebidos\BaseProject\workspace\Debug\dbg_console.o
 .debug_macro   0x00010a18       0x82 C:\WinOpen\Sistemas_embebidos\BaseProject\workspace\Debug\dbg_console.o
 .debug_macro   0x00010a9a       0x76 C:\WinOpen\Sistemas_embebidos\BaseProject\workspace\Debug\dbg_console.o
 .debug_macro   0x00010b10       0x4c C:\WinOpen\Sistemas_embebidos\BaseProject\workspace\Debug\dbg_console.o
 .debug_macro   0x00010b5c      0x126 C:\WinOpen\Sistemas_embebidos\BaseProject\workspace\Debug\dbg_console.o
 .debug_macro   0x00010c82      0x126 C:\WinOpen\Sistemas_embebidos\BaseProject\workspace\Debug\dbg_console.o
 .debug_macro   0x00010da8      0x126 C:\WinOpen\Sistemas_embebidos\BaseProject\workspace\Debug\dbg_console.o
 .debug_macro   0x00010ece       0x6a C:\WinOpen\Sistemas_embebidos\BaseProject\workspace\Debug\dbg_console.o
 .debug_macro   0x00010f38       0x6a C:\WinOpen\Sistemas_embebidos\BaseProject\workspace\Debug\dbg_console.o
 .debug_macro   0x00010fa2      0x313 C:\WinOpen\Sistemas_embebidos\BaseProject\workspace\Debug\dbg_console.o
 .debug_macro   0x000112b5       0xb2 C:\WinOpen\Sistemas_embebidos\BaseProject\workspace\Debug\dbg_console.o
 .debug_macro   0x00011367       0xb2 C:\WinOpen\Sistemas_embebidos\BaseProject\workspace\Debug\dbg_console.o
 .debug_macro   0x00011419       0xb2 C:\WinOpen\Sistemas_embebidos\BaseProject\workspace\Debug\dbg_console.o
 .debug_macro   0x000114cb      0x112 C:\WinOpen\Sistemas_embebidos\BaseProject\workspace\Debug\dbg_console.o
 .debug_macro   0x000115dd      0x112 C:\WinOpen\Sistemas_embebidos\BaseProject\workspace\Debug\dbg_console.o
 .debug_macro   0x000116ef      0x2cd C:\WinOpen\Sistemas_embebidos\BaseProject\workspace\Debug\dbg_console.o
 .debug_macro   0x000119bc       0xb8 C:\WinOpen\Sistemas_embebidos\BaseProject\workspace\Debug\dbg_console.o
 .debug_macro   0x00011a74       0x5e C:\WinOpen\Sistemas_embebidos\BaseProject\workspace\Debug\dbg_console.o
 .debug_macro   0x00011ad2       0x40 C:\WinOpen\Sistemas_embebidos\BaseProject\workspace\Debug\dbg_console.o
 .debug_macro   0x00011b12       0x4c C:\WinOpen\Sistemas_embebidos\BaseProject\workspace\Debug\dbg_console.o
 .debug_macro   0x00011b5e       0xa0 C:\WinOpen\Sistemas_embebidos\BaseProject\workspace\Debug\dbg_console.o
 .debug_macro   0x00011bfe      0x494 C:\WinOpen\Sistemas_embebidos\BaseProject\workspace\Debug\dbg_console.o
 .debug_macro   0x00012092      0x126 C:\WinOpen\Sistemas_embebidos\BaseProject\workspace\Debug\dbg_console.o
 .debug_macro   0x000121b8       0x4c C:\WinOpen\Sistemas_embebidos\BaseProject\workspace\Debug\dbg_console.o
 .debug_macro   0x00012204      0x313 C:\WinOpen\Sistemas_embebidos\BaseProject\workspace\Debug\dbg_console.o
 .debug_macro   0x00012517       0x6a C:\WinOpen\Sistemas_embebidos\BaseProject\workspace\Debug\dbg_console.o
 .debug_macro   0x00012581       0xb8 C:\WinOpen\Sistemas_embebidos\BaseProject\workspace\Debug\dbg_console.o
 .debug_macro   0x00012639       0x76 C:\WinOpen\Sistemas_embebidos\BaseProject\workspace\Debug\dbg_console.o
 .debug_macro   0x000126af       0x6a C:\WinOpen\Sistemas_embebidos\BaseProject\workspace\Debug\dbg_console.o
 .debug_macro   0x00012719       0x2e C:\WinOpen\Sistemas_embebidos\BaseProject\workspace\Debug\dbg_console.o
 .debug_macro   0x00012747      0x9b1 C:\WinOpen\Sistemas_embebidos\BaseProject\workspace\Debug\dbg_console.o
 .debug_macro   0x000130f8       0x6a C:\WinOpen\Sistemas_embebidos\BaseProject\workspace\Debug\dbg_console.o
 .debug_macro   0x00013162       0x88 C:\WinOpen\Sistemas_embebidos\BaseProject\workspace\Debug\dbg_console.o
 .debug_macro   0x000131ea       0x58 C:\WinOpen\Sistemas_embebidos\BaseProject\workspace\Debug\dbg_console.o
 .debug_macro   0x00013242       0xa6 C:\WinOpen\Sistemas_embebidos\BaseProject\workspace\Debug\dbg_console.o
 .debug_macro   0x000132e8       0x16 C:\WinOpen\Sistemas_embebidos\BaseProject\workspace\Debug\dbg_console.o
 .debug_macro   0x000132fe       0xe2 C:\WinOpen\Sistemas_embebidos\BaseProject\workspace\Debug\dbg_console.o
 .debug_macro   0x000133e0       0x4c C:\WinOpen\Sistemas_embebidos\BaseProject\workspace\Debug\dbg_console.o
 .debug_macro   0x0001342c       0x16 C:\WinOpen\Sistemas_embebidos\BaseProject\workspace\Debug\dbg_console.o
 .debug_macro   0x00013442       0x4c C:\WinOpen\Sistemas_embebidos\BaseProject\workspace\Debug\dbg_console.o
 .debug_macro   0x0001348e       0x2e C:\WinOpen\Sistemas_embebidos\BaseProject\workspace\Debug\dbg_console.o
 .debug_macro   0x000134bc      0x19e C:\WinOpen\Sistemas_embebidos\BaseProject\workspace\Debug\dbg_console.o
 .debug_macro   0x0001365a      0x19e C:\WinOpen\Sistemas_embebidos\BaseProject\workspace\Debug\dbg_console.o
 .debug_macro   0x000137f8      0x19e C:\WinOpen\Sistemas_embebidos\BaseProject\workspace\Debug\dbg_console.o
 .debug_macro   0x00013996      0x19e C:\WinOpen\Sistemas_embebidos\BaseProject\workspace\Debug\dbg_console.o
 .debug_macro   0x00013b34      0x19e C:\WinOpen\Sistemas_embebidos\BaseProject\workspace\Debug\dbg_console.o
 .debug_macro   0x00013cd2       0x1c C:\WinOpen\Sistemas_embebidos\BaseProject\workspace\Debug\dbg_console.o
 .debug_macro   0x00013cee       0x2e C:\WinOpen\Sistemas_embebidos\BaseProject\workspace\Debug\dbg_console.o
 .debug_macro   0x00013d1c       0x22 C:\WinOpen\Sistemas_embebidos\BaseProject\workspace\Debug\dbg_console.o
 .debug_macro   0x00013d3e       0x1c C:\WinOpen\Sistemas_embebidos\BaseProject\workspace\Debug\dbg_console.o
 .debug_macro   0x00013d5a       0x52 C:\WinOpen\Sistemas_embebidos\BaseProject\workspace\Debug\dbg_console.o
 .debug_macro   0x00013dac       0x10 C:\WinOpen\Sistemas_embebidos\BaseProject\workspace\Debug\dbg_console.o
 .debug_macro   0x00013dbc       0x1c C:\WinOpen\Sistemas_embebidos\BaseProject\workspace\Debug\dbg_console.o
 .debug_macro   0x00013dd8       0x4c C:\WinOpen\Sistemas_embebidos\BaseProject\workspace\Debug\dbg_console.o
 .debug_macro   0x00013e24       0x4c C:\WinOpen\Sistemas_embebidos\BaseProject\workspace\Debug\dbg_console.o
 .debug_macro   0x00013e70       0x4c C:\WinOpen\Sistemas_embebidos\BaseProject\workspace\Debug\dbg_console.o
 .debug_macro   0x00013ebc      0x329 C:\WinOpen\Sistemas_embebidos\BaseProject\workspace\Debug\dbg_console.o
 .debug_macro   0x000141e5     0x1028 C:\WinOpen\Sistemas_embebidos\BaseProject\workspace\Debug\dbg_console.o
 .debug_macro   0x0001520d      0x107 C:\WinOpen\Sistemas_embebidos\BaseProject\workspace\Debug\dbg_console.o
 .debug_macro   0x00015314      0x166 C:\WinOpen\Sistemas_embebidos\BaseProject\workspace\Debug\dbg_console.o
 .debug_macro   0x0001547a       0x58 C:\WinOpen\Sistemas_embebidos\BaseProject\workspace\Debug\dbg_console.o
 .debug_macro   0x000154d2       0x35 C:\WinOpen\Sistemas_embebidos\BaseProject\workspace\Debug\dbg_console.o
 .debug_macro   0x00015507       0x9c C:\WinOpen\Sistemas_embebidos\BaseProject\workspace\Debug\dbg_console.o
 .debug_macro   0x000155a3       0x16 C:\WinOpen\Sistemas_embebidos\BaseProject\workspace\Debug\dbg_console.o
 .debug_macro   0x000155b9       0x35 C:\WinOpen\Sistemas_embebidos\BaseProject\workspace\Debug\dbg_console.o
 .debug_macro   0x000155ee       0x52 C:\WinOpen\Sistemas_embebidos\BaseProject\workspace\Debug\dbg_console.o
 .debug_macro   0x00015640       0x16 C:\WinOpen\Sistemas_embebidos\BaseProject\workspace\Debug\dbg_console.o
 .debug_macro   0x00015656       0x43 C:\WinOpen\Sistemas_embebidos\BaseProject\workspace\Debug\dbg_console.o
 .debug_macro   0x00015699      0x180 C:\WinOpen\Sistemas_embebidos\BaseProject\workspace\Debug\dbg_console.o
 .debug_macro   0x00015819      0x29d C:\WinOpen\Sistemas_embebidos\BaseProject\workspace\Debug\dbg_console.o
 .debug_macro   0x00015ab6       0x16 C:\WinOpen\Sistemas_embebidos\BaseProject\workspace\Debug\dbg_console.o
 .debug_macro   0x00015acc       0x29 C:\WinOpen\Sistemas_embebidos\BaseProject\workspace\Debug\dbg_console.o
 .debug_macro   0x00015af5       0x22 C:\WinOpen\Sistemas_embebidos\BaseProject\workspace\Debug\dbg_console.o
 .debug_macro   0x00015b17      0x159 C:\WinOpen\Sistemas_embebidos\BaseProject\workspace\Debug\dbg_console.o
 .debug_macro   0x00015c70       0x5e C:\WinOpen\Sistemas_embebidos\BaseProject\workspace\Debug\dbg_console.o
 .debug_macro   0x00015cce       0x91 C:\WinOpen\Sistemas_embebidos\BaseProject\workspace\Debug\dbg_console.o
 .debug_macro   0x00015d5f      0x19e C:\WinOpen\Sistemas_embebidos\BaseProject\workspace\Debug\dbg_console.o
 .debug_macro   0x00015efd       0x3a C:\WinOpen\Sistemas_embebidos\BaseProject\workspace\Debug\dbg_console.o
 .debug_macro   0x00015f37       0x52 C:\WinOpen\Sistemas_embebidos\BaseProject\workspace\Debug\dbg_console.o
 .debug_macro   0x00015f89       0x1c C:\WinOpen\Sistemas_embebidos\BaseProject\workspace\Debug\dbg_console.o
 .debug_macro   0x00015fa5       0x10 C:\WinOpen\Sistemas_embebidos\BaseProject\workspace\Debug\dbg_console.o
 .debug_macro   0x00015fb5       0x10 C:\WinOpen\Sistemas_embebidos\BaseProject\workspace\Debug\dbg_console.o
 .debug_macro   0x00015fc5       0x22 C:\WinOpen\Sistemas_embebidos\BaseProject\workspace\Debug\dbg_console.o
 .debug_macro   0x00015fe7       0xbe C:\WinOpen\Sistemas_embebidos\BaseProject\workspace\Debug\dbg_console.o
 .debug_macro   0x000160a5       0x16 C:\WinOpen\Sistemas_embebidos\BaseProject\workspace\Debug\dbg_console.o
 .debug_macro   0x000160bb      0x197 C:\WinOpen\Sistemas_embebidos\BaseProject\workspace\Debug\dbg_console.o
 .debug_macro   0x00016252       0x93 C:\WinOpen\Sistemas_embebidos\BaseProject\workspace\Debug\dbg_console.o
 .debug_macro   0x000162e5       0x2e C:\WinOpen\Sistemas_embebidos\BaseProject\workspace\Debug\dbg_console.o
 .debug_macro   0x00016313       0x2e C:\WinOpen\Sistemas_embebidos\BaseProject\workspace\Debug\dbg_console.o
 .debug_macro   0x00016341       0x16 C:\WinOpen\Sistemas_embebidos\BaseProject\workspace\Debug\dbg_console.o
 .debug_macro   0x00016357       0x76 C:\WinOpen\Sistemas_embebidos\BaseProject\workspace\Debug\dbg_console.o
 .debug_macro   0x000163cd       0x10 C:\WinOpen\Sistemas_embebidos\BaseProject\workspace\Debug\dbg_console.o
 .debug_macro   0x000163dd       0x52 C:\WinOpen\Sistemas_embebidos\BaseProject\workspace\Debug\dbg_console.o
 .debug_macro   0x0001642f       0x16 C:\WinOpen\Sistemas_embebidos\BaseProject\workspace\Debug\dbg_console.o
 .debug_macro   0x00016445       0x10 C:\WinOpen\Sistemas_embebidos\BaseProject\workspace\Debug\dbg_console.o
 .debug_macro   0x00016455       0x10 C:\WinOpen\Sistemas_embebidos\BaseProject\workspace\Debug\dbg_console.o
 .debug_macro   0x00016465       0x10 C:\WinOpen\Sistemas_embebidos\BaseProject\workspace\Debug\dbg_console.o
 .debug_macro   0x00016475       0x35 C:\WinOpen\Sistemas_embebidos\BaseProject\workspace\Debug\dbg_console.o
 .debug_macro   0x000164aa      0x122 C:\WinOpen\Sistemas_embebidos\BaseProject\workspace\Debug\dbg_console.o
 .debug_macro   0x000165cc      0x452 C:\WinOpen\Sistemas_embebidos\BaseProject\workspace\Debug\dbg_console.o
 .debug_macro   0x00016a1e      0x6f6 C:\WinOpen\Sistemas_embebidos\BaseProject\workspace\Debug\board_lowlevel.o
 .debug_macro   0x00017114      0x659 C:\WinOpen\Sistemas_embebidos\BaseProject\workspace\Debug\exceptions.o
 .debug_macro   0x0001776d      0x659 C:\WinOpen\Sistemas_embebidos\BaseProject\workspace\Debug\pio.o
 .debug_macro   0x00017dc6      0x659 C:\WinOpen\Sistemas_embebidos\BaseProject\workspace\Debug\mpu.o
 .debug_macro   0x0001841f      0x66f C:\WinOpen\Sistemas_embebidos\BaseProject\workspace\Debug\pmc.o
 .debug_macro   0x00018a8e       0x10 C:\WinOpen\Sistemas_embebidos\BaseProject\workspace\Debug\pmc.o
 .debug_macro   0x00018a9e      0x73e C:\WinOpen\Sistemas_embebidos\BaseProject\workspace\Debug\uart.o
 .debug_macro   0x000191dc       0x82 C:\WinOpen\Sistemas_embebidos\BaseProject\workspace\Debug\uart.o
 .debug_macro   0x0001925e       0x28 C:\WinOpen\Sistemas_embebidos\BaseProject\workspace\Debug\uart.o
 .debug_macro   0x00019286       0x50 C:\WinOpen\Sistemas_embebidos\BaseProject\workspace\Debug\uart.o
 .debug_macro   0x000192d6      0x659 C:\WinOpen\Sistemas_embebidos\BaseProject\workspace\Debug\wdt.o
 .debug_macro   0x0001992f      0x669 C:\WinOpen\Sistemas_embebidos\BaseProject\workspace\Debug\pio_it.o
 .debug_macro   0x00019f98      0x167 C:\WinOpen\Sistemas_embebidos\BaseProject\workspace\Debug\Uart_Cfg.o
 .debug_macro   0x0001a0ff       0x2e C:\WinOpen\Sistemas_embebidos\BaseProject\workspace\Debug\Uart_Cfg.o
 .debug_macro   0x0001a12d       0x16 C:\WinOpen\Sistemas_embebidos\BaseProject\workspace\Debug\Uart_Cfg.o
 .debug_macro   0x0001a143       0x97 C:\WinOpen\Sistemas_embebidos\BaseProject\workspace\Debug\Uart_Cfg.o
 .debug_macro   0x0001a1da       0xef C:\WinOpen\Sistemas_embebidos\BaseProject\workspace\Debug\Uart_Cfg.o
 .debug_macro   0x0001a2c9      0x714 C:\WinOpen\Sistemas_embebidos\BaseProject\workspace\Debug\syscalls.o
 .debug_macro   0x0001a9dd       0x10 C:\WinOpen\Sistemas_embebidos\BaseProject\workspace\Debug\syscalls.o
 .debug_macro   0x0001a9ed      0x241 C:\WinOpen\Sistemas_embebidos\BaseProject\workspace\Debug\syscalls.o
 .debug_macro   0x0001ac2e      0x460 C:\WinOpen\Sistemas_embebidos\BaseProject\workspace\Debug\system_sam.o
 .debug_macro   0x0001b08e      0x706 C:\WinOpen\Sistemas_embebidos\BaseProject\workspace\Debug\timetick.o
 .debug_macro   0x0001b794      0x663 C:\WinOpen\Sistemas_embebidos\BaseProject\workspace\Debug\app_scheduler.o
 .debug_macro   0x0001bdf7       0x58 C:\WinOpen\Sistemas_embebidos\BaseProject\workspace\Debug\app_scheduler.o
 .debug_macro   0x0001be4f      0x17a C:\WinOpen\Sistemas_embebidos\BaseProject\workspace\Debug\Tasks.o
 .debug_macro   0x0001bfc9       0x10 C:\WinOpen\Sistemas_embebidos\BaseProject\workspace\Debug\Tasks.o
 .debug_macro   0x0001bfd9       0x28 C:\WinOpen\Sistemas_embebidos\BaseProject\workspace\Debug\Tasks.o
 .debug_macro   0x0001c001      0x15a C:\WinOpen\Sistemas_embebidos\BaseProject\workspace\Debug\Mem_Alloc.o
 .debug_macro   0x0001c15b       0x4a C:\WinOpen\Sistemas_embebidos\BaseProject\workspace\Debug\Mem_Alloc.o
 .debug_macro   0x0001c1a5       0x10 C:\WinOpen\Sistemas_embebidos\BaseProject\workspace\Debug\Mem_Alloc.o
 .debug_macro   0x0001c1b5      0x6f6 C:\WinOpen\Sistemas_embebidos\BaseProject\workspace\Debug\led.o
 .debug_macro   0x0001c8ab      0x745 C:\WinOpen\Sistemas_embebidos\BaseProject\workspace\Debug\main.o
 .debug_macro   0x0001cff0       0x5e C:\WinOpen\Sistemas_embebidos\BaseProject\workspace\Debug\main.o
 .debug_macro   0x0001d04e      0x448 C:\WinOpen\Sistemas_embebidos\BaseProject\workspace\Debug\startup_sam.o

.debug_line     0x00000000    0x11d01
 .debug_line    0x00000000     0x13df C:\WinOpen\Sistemas_embebidos\BaseProject\workspace\Debug\dbg_console.o
 .debug_line    0x000013df     0x129d C:\WinOpen\Sistemas_embebidos\BaseProject\workspace\Debug\board_lowlevel.o
 .debug_line    0x0000267c     0x10cc C:\WinOpen\Sistemas_embebidos\BaseProject\workspace\Debug\exceptions.o
 .debug_line    0x00003748     0x1117 C:\WinOpen\Sistemas_embebidos\BaseProject\workspace\Debug\pio.o
 .debug_line    0x0000485f     0x109e C:\WinOpen\Sistemas_embebidos\BaseProject\workspace\Debug\mpu.o
 .debug_line    0x000058fd     0x1218 C:\WinOpen\Sistemas_embebidos\BaseProject\workspace\Debug\pmc.o
 .debug_line    0x00006b15     0x13d6 C:\WinOpen\Sistemas_embebidos\BaseProject\workspace\Debug\uart.o
 .debug_line    0x00007eeb     0x1071 C:\WinOpen\Sistemas_embebidos\BaseProject\workspace\Debug\wdt.o
 .debug_line    0x00008f5c     0x1116 C:\WinOpen\Sistemas_embebidos\BaseProject\workspace\Debug\pio_it.o
 .debug_line    0x0000a072      0x2ab C:\WinOpen\Sistemas_embebidos\BaseProject\workspace\Debug\Uart_Cfg.o
 .debug_line    0x0000a31d     0x1290 C:\WinOpen\Sistemas_embebidos\BaseProject\workspace\Debug\syscalls.o
 .debug_line    0x0000b5ad      0xc39 C:\WinOpen\Sistemas_embebidos\BaseProject\workspace\Debug\system_sam.o
 .debug_line    0x0000c1e6     0x1270 C:\WinOpen\Sistemas_embebidos\BaseProject\workspace\Debug\timetick.o
 .debug_line    0x0000d456     0x1132 C:\WinOpen\Sistemas_embebidos\BaseProject\workspace\Debug\app_scheduler.o
 .debug_line    0x0000e588      0x350 C:\WinOpen\Sistemas_embebidos\BaseProject\workspace\Debug\Tasks.o
 .debug_line    0x0000e8d8      0x2e8 C:\WinOpen\Sistemas_embebidos\BaseProject\workspace\Debug\Mem_Alloc.o
 .debug_line    0x0000ebc0     0x11fc C:\WinOpen\Sistemas_embebidos\BaseProject\workspace\Debug\led.o
 .debug_line    0x0000fdbc     0x139f C:\WinOpen\Sistemas_embebidos\BaseProject\workspace\Debug\main.o
 .debug_line    0x0001115b      0xba6 C:\WinOpen\Sistemas_embebidos\BaseProject\workspace\Debug\startup_sam.o

.debug_str      0x00000000    0x79d71
 .debug_str     0x00000000    0x76e8c C:\WinOpen\Sistemas_embebidos\BaseProject\workspace\Debug\dbg_console.o
                              0x77459 (size before relaxing)
 .debug_str     0x00076e8c      0x20d C:\WinOpen\Sistemas_embebidos\BaseProject\workspace\Debug\board_lowlevel.o
                              0x76b23 (size before relaxing)
 .debug_str     0x00077099       0xb2 C:\WinOpen\Sistemas_embebidos\BaseProject\workspace\Debug\exceptions.o
                              0x73c16 (size before relaxing)
 .debug_str     0x0007714b      0x1e0 C:\WinOpen\Sistemas_embebidos\BaseProject\workspace\Debug\pio.o
                              0x73ea7 (size before relaxing)
 .debug_str     0x0007732b      0x194 C:\WinOpen\Sistemas_embebidos\BaseProject\workspace\Debug\mpu.o
                              0x73b61 (size before relaxing)
 .debug_str     0x000774bf      0x45d C:\WinOpen\Sistemas_embebidos\BaseProject\workspace\Debug\pmc.o
                              0x73e5d (size before relaxing)
 .debug_str     0x0007791c      0x657 C:\WinOpen\Sistemas_embebidos\BaseProject\workspace\Debug\uart.o
                              0x76fbf (size before relaxing)
 .debug_str     0x00077f73       0xe2 C:\WinOpen\Sistemas_embebidos\BaseProject\workspace\Debug\wdt.o
                              0x73a8a (size before relaxing)
 .debug_str     0x00078055      0x49f C:\WinOpen\Sistemas_embebidos\BaseProject\workspace\Debug\pio_it.o
                              0x7435e (size before relaxing)
 .debug_str     0x000784f4       0x9f C:\WinOpen\Sistemas_embebidos\BaseProject\workspace\Debug\Uart_Cfg.o
                               0x65ed (size before relaxing)
 .debug_str     0x00078593      0x5f6 C:\WinOpen\Sistemas_embebidos\BaseProject\workspace\Debug\syscalls.o
                              0x76f4e (size before relaxing)
 .debug_str     0x00078b89      0x252 C:\WinOpen\Sistemas_embebidos\BaseProject\workspace\Debug\system_sam.o
                              0x6e235 (size before relaxing)
 .debug_str     0x00078ddb      0x223 C:\WinOpen\Sistemas_embebidos\BaseProject\workspace\Debug\timetick.o
                              0x77195 (size before relaxing)
 .debug_str     0x00078ffe      0x385 C:\WinOpen\Sistemas_embebidos\BaseProject\workspace\Debug\app_scheduler.o
                              0x73d3a (size before relaxing)
 .debug_str     0x00079383       0xc5 C:\WinOpen\Sistemas_embebidos\BaseProject\workspace\Debug\Tasks.o
                               0x650f (size before relaxing)
 .debug_str     0x00079448      0x16a C:\WinOpen\Sistemas_embebidos\BaseProject\workspace\Debug\Mem_Alloc.o
                               0x6308 (size before relaxing)
 .debug_str     0x000795b2       0xbe C:\WinOpen\Sistemas_embebidos\BaseProject\workspace\Debug\led.o
                              0x76c7f (size before relaxing)
 .debug_str     0x00079670       0xf4 C:\WinOpen\Sistemas_embebidos\BaseProject\workspace\Debug\main.o
                              0x7773f (size before relaxing)
 .debug_str     0x00079764      0x60d C:\WinOpen\Sistemas_embebidos\BaseProject\workspace\Debug\startup_sam.o
                              0x6e5fa (size before relaxing)

.comment        0x00000000       0x70
 .comment       0x00000000       0x70 C:\WinOpen\Sistemas_embebidos\BaseProject\workspace\Debug\dbg_console.o
                                 0x71 (size before relaxing)
 .comment       0x00000000       0x71 C:\WinOpen\Sistemas_embebidos\BaseProject\workspace\Debug\board_lowlevel.o
 .comment       0x00000000       0x71 C:\WinOpen\Sistemas_embebidos\BaseProject\workspace\Debug\exceptions.o
 .comment       0x00000000       0x71 C:\WinOpen\Sistemas_embebidos\BaseProject\workspace\Debug\pio.o
 .comment       0x00000000       0x71 C:\WinOpen\Sistemas_embebidos\BaseProject\workspace\Debug\mpu.o
 .comment       0x00000000       0x71 C:\WinOpen\Sistemas_embebidos\BaseProject\workspace\Debug\pmc.o
 .comment       0x00000000       0x71 C:\WinOpen\Sistemas_embebidos\BaseProject\workspace\Debug\uart.o
 .comment       0x00000000       0x71 C:\WinOpen\Sistemas_embebidos\BaseProject\workspace\Debug\wdt.o
 .comment       0x00000000       0x71 C:\WinOpen\Sistemas_embebidos\BaseProject\workspace\Debug\pio_it.o
 .comment       0x00000000       0x71 C:\WinOpen\Sistemas_embebidos\BaseProject\workspace\Debug\Uart_Cfg.o
 .comment       0x00000000       0x71 C:\WinOpen\Sistemas_embebidos\BaseProject\workspace\Debug\syscalls.o
 .comment       0x00000000       0x71 C:\WinOpen\Sistemas_embebidos\BaseProject\workspace\Debug\system_sam.o
 .comment       0x00000000       0x71 C:\WinOpen\Sistemas_embebidos\BaseProject\workspace\Debug\timetick.o
 .comment       0x00000000       0x71 C:\WinOpen\Sistemas_embebidos\BaseProject\workspace\Debug\app_scheduler.o
 .comment       0x00000000       0x71 C:\WinOpen\Sistemas_embebidos\BaseProject\workspace\Debug\Tasks.o
 .comment       0x00000000       0x71 C:\WinOpen\Sistemas_embebidos\BaseProject\workspace\Debug\Mem_Alloc.o
 .comment       0x00000000       0x71 C:\WinOpen\Sistemas_embebidos\BaseProject\workspace\Debug\led.o
 .comment       0x00000000       0x71 C:\WinOpen\Sistemas_embebidos\BaseProject\workspace\Debug\main.o
 .comment       0x00000000       0x71 C:\WinOpen\Sistemas_embebidos\BaseProject\workspace\Debug\startup_sam.o

.ARM.attributes
                0x00000000       0x35
 .ARM.attributes
                0x00000000       0x37 C:\WinOpen\Sistemas_embebidos\BaseProject\workspace\Debug\dbg_console.o
 .ARM.attributes
                0x00000037       0x37 C:\WinOpen\Sistemas_embebidos\BaseProject\workspace\Debug\board_lowlevel.o
 .ARM.attributes
                0x0000006e       0x37 C:\WinOpen\Sistemas_embebidos\BaseProject\workspace\Debug\exceptions.o
 .ARM.attributes
                0x000000a5       0x37 C:\WinOpen\Sistemas_embebidos\BaseProject\workspace\Debug\pio.o
 .ARM.attributes
                0x000000dc       0x37 C:\WinOpen\Sistemas_embebidos\BaseProject\workspace\Debug\mpu.o
 .ARM.attributes
                0x00000113       0x37 C:\WinOpen\Sistemas_embebidos\BaseProject\workspace\Debug\pmc.o
 .ARM.attributes
                0x0000014a       0x37 C:\WinOpen\Sistemas_embebidos\BaseProject\workspace\Debug\uart.o
 .ARM.attributes
                0x00000181       0x37 C:\WinOpen\Sistemas_embebidos\BaseProject\workspace\Debug\wdt.o
 .ARM.attributes
                0x000001b8       0x37 C:\WinOpen\Sistemas_embebidos\BaseProject\workspace\Debug\pio_it.o
 .ARM.attributes
                0x000001ef       0x37 C:\WinOpen\Sistemas_embebidos\BaseProject\workspace\Debug\Uart_Cfg.o
 .ARM.attributes
                0x00000226       0x37 C:\WinOpen\Sistemas_embebidos\BaseProject\workspace\Debug\syscalls.o
 .ARM.attributes
                0x0000025d       0x37 C:\WinOpen\Sistemas_embebidos\BaseProject\workspace\Debug\system_sam.o
 .ARM.attributes
                0x00000294       0x37 C:\WinOpen\Sistemas_embebidos\BaseProject\workspace\Debug\timetick.o
 .ARM.attributes
                0x000002cb       0x37 C:\WinOpen\Sistemas_embebidos\BaseProject\workspace\Debug\app_scheduler.o
 .ARM.attributes
                0x00000302       0x37 C:\WinOpen\Sistemas_embebidos\BaseProject\workspace\Debug\Tasks.o
 .ARM.attributes
                0x00000339       0x37 C:\WinOpen\Sistemas_embebidos\BaseProject\workspace\Debug\Mem_Alloc.o
 .ARM.attributes
                0x00000370       0x37 C:\WinOpen\Sistemas_embebidos\BaseProject\workspace\Debug\led.o
 .ARM.attributes
                0x000003a7       0x37 C:\WinOpen\Sistemas_embebidos\BaseProject\workspace\Debug\main.o
 .ARM.attributes
                0x000003de       0x37 C:\WinOpen\Sistemas_embebidos\BaseProject\workspace\Debug\startup_sam.o
 .ARM.attributes
                0x00000415       0x33 c:/isystem/winideaopen9/gcc/arm/bin/../lib/gcc/arm-none-eabi/4.9.3/../../../../arm-none-eabi/lib/cortex-m7\libc.a(lib_a-assert.o)
 .ARM.attributes
                0x00000448       0x33 c:/isystem/winideaopen9/gcc/arm/bin/../lib/gcc/arm-none-eabi/4.9.3/../../../../arm-none-eabi/lib/cortex-m7\libc.a(lib_a-fiprintf.o)
 .ARM.attributes
                0x0000047b       0x33 c:/isystem/winideaopen9/gcc/arm/bin/../lib/gcc/arm-none-eabi/4.9.3/../../../../arm-none-eabi/lib/cortex-m7\libc.a(lib_a-impure.o)
 .ARM.attributes
                0x000004ae       0x21 c:/isystem/winideaopen9/gcc/arm/bin/../lib/gcc/arm-none-eabi/4.9.3/../../../../arm-none-eabi/lib/cortex-m7\libc.a(lib_a-memcpy.o)
 .ARM.attributes
                0x000004cf       0x33 c:/isystem/winideaopen9/gcc/arm/bin/../lib/gcc/arm-none-eabi/4.9.3/../../../../arm-none-eabi/lib/cortex-m7\libc.a(lib_a-memset.o)
 .ARM.attributes
                0x00000502       0x33 c:/isystem/winideaopen9/gcc/arm/bin/../lib/gcc/arm-none-eabi/4.9.3/../../../../arm-none-eabi/lib/cortex-m7\libc.a(lib_a-printf.o)
 .ARM.attributes
                0x00000535       0x33 c:/isystem/winideaopen9/gcc/arm/bin/../lib/gcc/arm-none-eabi/4.9.3/../../../../arm-none-eabi/lib/cortex-m7\libc.a(lib_a-putchar.o)
 .ARM.attributes
                0x00000568       0x33 c:/isystem/winideaopen9/gcc/arm/bin/../lib/gcc/arm-none-eabi/4.9.3/../../../../arm-none-eabi/lib/cortex-m7\libc.a(lib_a-setvbuf.o)
 .ARM.attributes
                0x0000059b       0x33 c:/isystem/winideaopen9/gcc/arm/bin/../lib/gcc/arm-none-eabi/4.9.3/../../../../arm-none-eabi/lib/cortex-m7\libc.a(lib_a-vfiprintf.o)
 .ARM.attributes
                0x000005ce       0x33 c:/isystem/winideaopen9/gcc/arm/bin/../lib/gcc/arm-none-eabi/4.9.3/../../../../arm-none-eabi/lib/cortex-m7\libc.a(lib_a-vfprintf.o)
 .ARM.attributes
                0x00000601       0x33 c:/isystem/winideaopen9/gcc/arm/bin/../lib/gcc/arm-none-eabi/4.9.3/../../../../arm-none-eabi/lib/cortex-m7\libc.a(lib_a-wsetup.o)
 .ARM.attributes
                0x00000634       0x33 c:/isystem/winideaopen9/gcc/arm/bin/../lib/gcc/arm-none-eabi/4.9.3/../../../../arm-none-eabi/lib/cortex-m7\libc.a(lib_a-abort.o)
 .ARM.attributes
                0x00000667       0x33 c:/isystem/winideaopen9/gcc/arm/bin/../lib/gcc/arm-none-eabi/4.9.3/../../../../arm-none-eabi/lib/cortex-m7\libc.a(lib_a-dtoa.o)
 .ARM.attributes
                0x0000069a       0x33 c:/isystem/winideaopen9/gcc/arm/bin/../lib/gcc/arm-none-eabi/4.9.3/../../../../arm-none-eabi/lib/cortex-m7\libc.a(lib_a-fflush.o)
 .ARM.attributes
                0x000006cd       0x33 c:/isystem/winideaopen9/gcc/arm/bin/../lib/gcc/arm-none-eabi/4.9.3/../../../../arm-none-eabi/lib/cortex-m7\libc.a(lib_a-findfp.o)
 .ARM.attributes
                0x00000700       0x33 c:/isystem/winideaopen9/gcc/arm/bin/../lib/gcc/arm-none-eabi/4.9.3/../../../../arm-none-eabi/lib/cortex-m7\libc.a(lib_a-fputwc.o)
 .ARM.attributes
                0x00000733       0x33 c:/isystem/winideaopen9/gcc/arm/bin/../lib/gcc/arm-none-eabi/4.9.3/../../../../arm-none-eabi/lib/cortex-m7\libc.a(lib_a-freer.o)
 .ARM.attributes
                0x00000766       0x33 c:/isystem/winideaopen9/gcc/arm/bin/../lib/gcc/arm-none-eabi/4.9.3/../../../../arm-none-eabi/lib/cortex-m7\libc.a(lib_a-fvwrite.o)
 .ARM.attributes
                0x00000799       0x33 c:/isystem/winideaopen9/gcc/arm/bin/../lib/gcc/arm-none-eabi/4.9.3/../../../../arm-none-eabi/lib/cortex-m7\libc.a(lib_a-fwalk.o)
 .ARM.attributes
                0x000007cc       0x33 c:/isystem/winideaopen9/gcc/arm/bin/../lib/gcc/arm-none-eabi/4.9.3/../../../../arm-none-eabi/lib/cortex-m7\libc.a(lib_a-locale.o)
 .ARM.attributes
                0x000007ff       0x33 c:/isystem/winideaopen9/gcc/arm/bin/../lib/gcc/arm-none-eabi/4.9.3/../../../../arm-none-eabi/lib/cortex-m7\libc.a(lib_a-makebuf.o)
 .ARM.attributes
                0x00000832       0x33 c:/isystem/winideaopen9/gcc/arm/bin/../lib/gcc/arm-none-eabi/4.9.3/../../../../arm-none-eabi/lib/cortex-m7\libc.a(lib_a-malloc.o)
 .ARM.attributes
                0x00000865       0x33 c:/isystem/winideaopen9/gcc/arm/bin/../lib/gcc/arm-none-eabi/4.9.3/../../../../arm-none-eabi/lib/cortex-m7\libc.a(lib_a-mallocr.o)
 .ARM.attributes
                0x00000898       0x33 c:/isystem/winideaopen9/gcc/arm/bin/../lib/gcc/arm-none-eabi/4.9.3/../../../../arm-none-eabi/lib/cortex-m7\libc.a(lib_a-memchr.o)
 .ARM.attributes
                0x000008cb       0x33 c:/isystem/winideaopen9/gcc/arm/bin/../lib/gcc/arm-none-eabi/4.9.3/../../../../arm-none-eabi/lib/cortex-m7\libc.a(lib_a-memmove.o)
 .ARM.attributes
                0x000008fe       0x33 c:/isystem/winideaopen9/gcc/arm/bin/../lib/gcc/arm-none-eabi/4.9.3/../../../../arm-none-eabi/lib/cortex-m7\libc.a(lib_a-mlock.o)
 .ARM.attributes
                0x00000931       0x33 c:/isystem/winideaopen9/gcc/arm/bin/../lib/gcc/arm-none-eabi/4.9.3/../../../../arm-none-eabi/lib/cortex-m7\libc.a(lib_a-mprec.o)
 .ARM.attributes
                0x00000964       0x33 c:/isystem/winideaopen9/gcc/arm/bin/../lib/gcc/arm-none-eabi/4.9.3/../../../../arm-none-eabi/lib/cortex-m7\libc.a(lib_a-putc.o)
 .ARM.attributes
                0x00000997       0x33 c:/isystem/winideaopen9/gcc/arm/bin/../lib/gcc/arm-none-eabi/4.9.3/../../../../arm-none-eabi/lib/cortex-m7\libc.a(lib_a-reallocr.o)
 .ARM.attributes
                0x000009ca       0x33 c:/isystem/winideaopen9/gcc/arm/bin/../lib/gcc/arm-none-eabi/4.9.3/../../../../arm-none-eabi/lib/cortex-m7\libc.a(lib_a-s_fpclassify.o)
 .ARM.attributes
                0x000009fd       0x33 c:/isystem/winideaopen9/gcc/arm/bin/../lib/gcc/arm-none-eabi/4.9.3/../../../../arm-none-eabi/lib/cortex-m7\libc.a(lib_a-sbrkr.o)
 .ARM.attributes
                0x00000a30       0x33 c:/isystem/winideaopen9/gcc/arm/bin/../lib/gcc/arm-none-eabi/4.9.3/../../../../arm-none-eabi/lib/cortex-m7\libc.a(lib_a-signal.o)
 .ARM.attributes
                0x00000a63       0x33 c:/isystem/winideaopen9/gcc/arm/bin/../lib/gcc/arm-none-eabi/4.9.3/../../../../arm-none-eabi/lib/cortex-m7\libc.a(lib_a-signalr.o)
 .ARM.attributes
                0x00000a96       0x33 c:/isystem/winideaopen9/gcc/arm/bin/../lib/gcc/arm-none-eabi/4.9.3/../../../../arm-none-eabi/lib/cortex-m7\libc.a(lib_a-stdio.o)
 .ARM.attributes
                0x00000ac9       0x33 c:/isystem/winideaopen9/gcc/arm/bin/../lib/gcc/arm-none-eabi/4.9.3/../../../../arm-none-eabi/lib/cortex-m7\libc.a(lib_a-strlen.o)
 .ARM.attributes
                0x00000afc       0x33 c:/isystem/winideaopen9/gcc/arm/bin/../lib/gcc/arm-none-eabi/4.9.3/../../../../arm-none-eabi/lib/cortex-m7\libc.a(lib_a-wbuf.o)
 .ARM.attributes
                0x00000b2f       0x33 c:/isystem/winideaopen9/gcc/arm/bin/../lib/gcc/arm-none-eabi/4.9.3/../../../../arm-none-eabi/lib/cortex-m7\libc.a(lib_a-wcrtomb.o)
 .ARM.attributes