Archive member included because of file (symbol)

c:/isystem/winideaopen9/gcc/arm/bin/../lib/gcc/arm-none-eabi/4.9.3/../../../../arm-none-eabi/lib/cortex-m7\libc.a(lib_a-assert.o)
                              C:\WinOpen\Sistemas_embebidos\BaseProject\workspace\Debug\pmc.o (__assert_func)
c:/isystem/winideaopen9/gcc/arm/bin/../lib/gcc/arm-none-eabi/4.9.3/../../../../arm-none-eabi/lib/cortex-m7\libc.a(lib_a-fiprintf.o)
                              c:/isystem/winideaopen9/gcc/arm/bin/../lib/gcc/arm-none-eabi/4.9.3/../../../../arm-none-eabi/lib/cortex-m7\libc.a(lib_a-assert.o) (fiprintf)
c:/isystem/winideaopen9/gcc/arm/bin/../lib/gcc/arm-none-eabi/4.9.3/../../../../arm-none-eabi/lib/cortex-m7\libc.a(lib_a-impure.o)
                              C:\WinOpen\Sistemas_embebidos\BaseProject\workspace\Debug\dbg_console.o (_impure_ptr)
c:/isystem/winideaopen9/gcc/arm/bin/../lib/gcc/arm-none-eabi/4.9.3/../../../../arm-none-eabi/lib/cortex-m7\libc.a(lib_a-memcpy.o)
                              C:\WinOpen\Sistemas_embebidos\BaseProject\workspace\Debug\board_memories.o (memcpy)
c:/isystem/winideaopen9/gcc/arm/bin/../lib/gcc/arm-none-eabi/4.9.3/../../../../arm-none-eabi/lib/cortex-m7\libc.a(lib_a-printf.o)
                              C:\WinOpen\Sistemas_embebidos\BaseProject\workspace\Debug\dbg_console.o (printf)
c:/isystem/winideaopen9/gcc/arm/bin/../lib/gcc/arm-none-eabi/4.9.3/../../../../arm-none-eabi/lib/cortex-m7\libc.a(lib_a-putchar.o)
                              C:\WinOpen\Sistemas_embebidos\BaseProject\workspace\Debug\dbg_console.o (putchar)
c:/isystem/winideaopen9/gcc/arm/bin/../lib/gcc/arm-none-eabi/4.9.3/../../../../arm-none-eabi/lib/cortex-m7\libc.a(lib_a-setvbuf.o)
                              C:\WinOpen\Sistemas_embebidos\BaseProject\workspace\Debug\dbg_console.o (setvbuf)
c:/isystem/winideaopen9/gcc/arm/bin/../lib/gcc/arm-none-eabi/4.9.3/../../../../arm-none-eabi/lib/cortex-m7\libc.a(lib_a-vfiprintf.o)
                              c:/isystem/winideaopen9/gcc/arm/bin/../lib/gcc/arm-none-eabi/4.9.3/../../../../arm-none-eabi/lib/cortex-m7\libc.a(lib_a-fiprintf.o) (_vfiprintf_r)
c:/isystem/winideaopen9/gcc/arm/bin/../lib/gcc/arm-none-eabi/4.9.3/../../../../arm-none-eabi/lib/cortex-m7\libc.a(lib_a-vfprintf.o)
                              c:/isystem/winideaopen9/gcc/arm/bin/../lib/gcc/arm-none-eabi/4.9.3/../../../../arm-none-eabi/lib/cortex-m7\libc.a(lib_a-printf.o) (_vfprintf_r)
c:/isystem/winideaopen9/gcc/arm/bin/../lib/gcc/arm-none-eabi/4.9.3/../../../../arm-none-eabi/lib/cortex-m7\libc.a(lib_a-wsetup.o)
                              c:/isystem/winideaopen9/gcc/arm/bin/../lib/gcc/arm-none-eabi/4.9.3/../../../../arm-none-eabi/lib/cortex-m7\libc.a(lib_a-vfiprintf.o) (__swsetup_r)
c:/isystem/winideaopen9/gcc/arm/bin/../lib/gcc/arm-none-eabi/4.9.3/../../../../arm-none-eabi/lib/cortex-m7\libc.a(lib_a-abort.o)
                              c:/isystem/winideaopen9/gcc/arm/bin/../lib/gcc/arm-none-eabi/4.9.3/../../../../arm-none-eabi/lib/cortex-m7\libc.a(lib_a-assert.o) (abort)
c:/isystem/winideaopen9/gcc/arm/bin/../lib/gcc/arm-none-eabi/4.9.3/../../../../arm-none-eabi/lib/cortex-m7\libc.a(lib_a-dtoa.o)
                              c:/isystem/winideaopen9/gcc/arm/bin/../lib/gcc/arm-none-eabi/4.9.3/../../../../arm-none-eabi/lib/cortex-m7\libc.a(lib_a-vfprintf.o) (_dtoa_r)
c:/isystem/winideaopen9/gcc/arm/bin/../lib/gcc/arm-none-eabi/4.9.3/../../../../arm-none-eabi/lib/cortex-m7\libc.a(lib_a-fflush.o)
                              c:/isystem/winideaopen9/gcc/arm/bin/../lib/gcc/arm-none-eabi/4.9.3/../../../../arm-none-eabi/lib/cortex-m7\libc.a(lib_a-setvbuf.o) (_fflush_r)
c:/isystem/winideaopen9/gcc/arm/bin/../lib/gcc/arm-none-eabi/4.9.3/../../../../arm-none-eabi/lib/cortex-m7\libc.a(lib_a-findfp.o)
                              c:/isystem/winideaopen9/gcc/arm/bin/../lib/gcc/arm-none-eabi/4.9.3/../../../../arm-none-eabi/lib/cortex-m7\libc.a(lib_a-setvbuf.o) (_cleanup_r)
c:/isystem/winideaopen9/gcc/arm/bin/../lib/gcc/arm-none-eabi/4.9.3/../../../../arm-none-eabi/lib/cortex-m7\libc.a(lib_a-fputwc.o)
                              c:/isystem/winideaopen9/gcc/arm/bin/../lib/gcc/arm-none-eabi/4.9.3/../../../../arm-none-eabi/lib/cortex-m7\libc.a(lib_a-vfiprintf.o) (_fputwc_r)
c:/isystem/winideaopen9/gcc/arm/bin/../lib/gcc/arm-none-eabi/4.9.3/../../../../arm-none-eabi/lib/cortex-m7\libc.a(lib_a-freer.o)
                              c:/isystem/winideaopen9/gcc/arm/bin/../lib/gcc/arm-none-eabi/4.9.3/../../../../arm-none-eabi/lib/cortex-m7\libc.a(lib_a-setvbuf.o) (_free_r)
c:/isystem/winideaopen9/gcc/arm/bin/../lib/gcc/arm-none-eabi/4.9.3/../../../../arm-none-eabi/lib/cortex-m7\libc.a(lib_a-fvwrite.o)
                              c:/isystem/winideaopen9/gcc/arm/bin/../lib/gcc/arm-none-eabi/4.9.3/../../../../arm-none-eabi/lib/cortex-m7\libc.a(lib_a-vfiprintf.o) (__sfvwrite_r)
c:/isystem/winideaopen9/gcc/arm/bin/../lib/gcc/arm-none-eabi/4.9.3/../../../../arm-none-eabi/lib/cortex-m7\libc.a(lib_a-fwalk.o)
[...]
Memory Configuration

Name             Origin             Length             Attributes
rom              0x00400000         0x00200000         xr
ram              0x20400000         0x00050000         xrw
ram_heap         0x20450000         0x00010000         xrw
sdram            0x70000000         0x00200000         xrw
*default*        0x00000000         0xffffffff

Linker script and memory map

LOAD C:\WinOpen\Sistemas_embebidos\BaseProject\workspace\Debug\dbg_console.o
LOAD C:\WinOpen\Sistemas_embebidos\BaseProject\workspace\Debug\board_lowlevel.o
LOAD C:\WinOpen\Sistemas_embebidos\BaseProject\workspace\Debug\board_memories.o
LOAD C:\WinOpen\Sistemas_embebidos\BaseProject\workspace\Debug\exceptions.o
LOAD C:\WinOpen\Sistemas_embebidos\BaseProject\workspace\Debug\pio.o
LOAD C:\WinOpen\Sistemas_embebidos\BaseProject\workspace\Debug\mpu.o
LOAD C:\WinOpen\Sistemas_embebidos\BaseProject\workspace\Debug\pmc.o
LOAD C:\WinOpen\Sistemas_embebidos\BaseProject\workspace\Debug\uart.o
LOAD C:\WinOpen\Sistemas_embebidos\BaseProject\workspace\Debug\wdt.o
LOAD C:\WinOpen\Sistemas_embebidos\BaseProject\workspace\Debug\pio_it.o
LOAD C:\WinOpen\Sistemas_embebidos\BaseProject\workspace\Debug\supc.o
LOAD C:\WinOpen\Sistemas_embebidos\BaseProject\workspace\Debug\tc.o
LOAD C:\WinOpen\Sistemas_embebidos\BaseProject\workspace\Debug\xdma_hardware_interface.o
LOAD C:\WinOpen\Sistemas_embebidos\BaseProject\workspace\Debug\xdmac.o
LOAD C:\WinOpen\Sistemas_embebidos\BaseProject\workspace\Debug\xdmad.o
LOAD C:\WinOpen\Sistemas_embebidos\BaseProject\workspace\Debug\fpu.o
LOAD C:\WinOpen\Sistemas_embebidos\BaseProject\workspace\Debug\syscalls.o
LOAD C:\WinOpen\Sistemas_embebidos\BaseProject\workspace\Debug\system_sam.o
LOAD C:\WinOpen\Sistemas_embebidos\BaseProject\workspace\Debug\timetick.o
LOAD C:\WinOpen\Sistemas_embebidos\BaseProject\workspace\Debug\app_scheduler.o
LOAD C:\WinOpen\Sistemas_embebidos\BaseProject\workspace\Debug\Tasks.o
LOAD C:\WinOpen\Sistemas_embebidos\BaseProject\workspace\Debug\led.o
LOAD C:\WinOpen\Sistemas_embebidos\BaseProject\workspace\Debug\main.o
LOAD C:\WinOpen\Sistemas_embebidos\BaseProject\workspace\Debug\startup_sam.o
                0x00002000                STACK_SIZE = DEFINED (STACK_SIZE)?STACK_SIZE:0x2000
                0x00001000                HEAP_SIZE = DEFINED (HEAP_SIZE)?HEAP_SIZE:0x1000
                0x00010000                MY_HEAP_SIZE = DEFINED (MY_HEAP_SIZE)?MY_HEAP_SIZE:0x10000

.text           0x00400000     0x9798
                0x00400000                . = ALIGN (0x4)
                0x00400000                _sfixed = .
 *(.vectors .vectors.*)
 .vectors       0x00400000      0x140 C:\WinOpen\Sistemas_embebidos\BaseProject\workspace\Debug\startup_sam.o
                0x00400000                exception_table
 *(.text .text.* .gnu.linkonce.t.*)
 .text          0x00400140      0x56c C:\WinOpen\Sistemas_embebidos\BaseProject\workspace\Debug\dbg_console.o
                0x00400140                DBG_Configure
                0x004001f0                DBG_PutChar
                0x00400244                DBG_GetChar
                0x00400288                DBG_IsRxReady
                0x004002c0                DBG_DumpFrame
                0x00400304                DBG_DumpMemory
                0x00400468                DBG_GetInteger
                0x00400538                DBG_GetIntegerMinMax
                0x00400598                DBG_GetHexa32
                0x00400640                puts
                0x0040066c                gets
 .text          0x004006ac      0x19c C:\WinOpen\Sistemas_embebidos\BaseProject\workspace\Debug\board_lowlevel.o
                0x004006ac                _SetupMemoryRegion
                0x00400838                LowLevelInit
 .text          0x00400848       0xe8 C:\WinOpen\Sistemas_embebidos\BaseProject\workspace\Debug\exceptions.o
                0x00400848                NMI_Handler
                0x004008d0                HardFault_Handler
                0x004008e4                MemManage_Handler
                0x004008fc                BusFault_Handler
                0x00400918                UsageFault_Handler
 .text          0x00400930      0x540 C:\WinOpen\Sistemas_embebidos\BaseProject\workspace\Debug\pio.o
                0x00400ba0                PIO_Configure
                0x00400d04                PIO_Set
                0x00400d20                PIO_Clear
                0x00400d3c                PIO_Get
                0x00400d84                PIO_GetOutputDataStatus
                0x00400db0                PIO_SetDebounceFilter
                0x00400dec                PIO_EnableWriteProtect
                0x00400e10                PIO_DisableWriteProtect
                0x00400e34                PIO_GetWriteProtectViolationInfo
                0x00400e54                PIO_SetPinType
 .text          0x00400e70       0xf0 C:\WinOpen\Sistemas_embebidos\BaseProject\workspace\Debug\mpu.o
                0x00400e70                MPU_Enable
                0x00400e8c                MPU_SetRegionNum
                0x00400ea8                MPU_DisableRegion
                0x00400ec4                MPU_SetRegion
                0x00400ee8                MPU_CalMPURegionSize
                0x00400f28                MPU_UpdateRegions
 .text          0x00400f60      0x76c C:\WinOpen\Sistemas_embebidos\BaseProject\workspace\Debug\pmc.o
                0x00401034                PMC_EnablePeripheral
                0x004010c4                PMC_DisablePeripheral
                0x00401154                PMC_EnableAllPeripherals
                0x00401194                PMC_DisableAllPeripherals
                0x004011d0                PMC_IsPeriphEnabled
                0x0040122c                PMC_EnableExtOsc
                0x004012a8                PMC_DisableExtOsc
                0x004012e4                PMC_SelectExtOsc
                0x00401350                PMC_SelectExtBypassOsc
                0x004013bc                PMC_EnableIntRC4_8_12MHz
                0x00401448                PMC_DisableIntRC4_8_12MHz
                0x0040148c                PMC_SetPllaClock
                0x004014e4                PMC_SetMckSelection
                0x00401528                PMC_DisableAllClocks
                0x00401578                PMC_ConfigureMckWithPlla
                0x004015b0                PMC_EnableXT32KFME
                0x004015dc                PMC_ConfigurePCK0
                0x0040162c                PMC_ConfigurePCK1
                0x0040167c                PMC_ConfigurePCK2
 .text          0x004016cc       0xa8 C:\WinOpen\Sistemas_embebidos\BaseProject\workspace\Debug\wdt.o
                0x004016cc                WDT_Enable
                0x004016e8                WDT_Disable
                0x00401704                WDT_Restart
                0x00401720                WDT_GetStatus
                0x0040173c                WDT_GetPeriod
 .text          0x00401774      0x4ac C:\WinOpen\Sistemas_embebidos\BaseProject\workspace\Debug\pio_it.o
                0x00401860                PioInterruptHandler
                0x00401910                PIOA_Handler
                0x00401924                PIOB_Handler
                0x00401938                PIOC_Handler
                0x0040194c                PIOD_Handler
                0x00401960                PIOE_Handler
                0x00401974                PIO_InitializeInterrupts
                0x00401a7c                PIO_ConfigureIt
                0x00401b58                PIO_EnableIt
                0x00401be8                PIO_DisableIt
 .text          0x00401c20       0xa0 C:\WinOpen\Sistemas_embebidos\BaseProject\workspace\Debug\fpu.o
                0x00401c90                vfnFpu_enable
 .text          0x00401cc0      0x164 C:\WinOpen\Sistemas_embebidos\BaseProject\workspace\Debug\syscalls.o
                0x00401cc0                _sbrk
                0x00401d00                link
                0x00401d1c                _close
                0x00401d34                _fstat
                0x00401d54                _isatty
                0x00401d6c                _lseek
                0x00401d88                _read
                0x00401da4                _write
                0x00401de0                _exit
                0x00401df8                _kill
                0x00401e10                _getpid
 .text          0x00401e24      0x378 C:\WinOpen\Sistemas_embebidos\BaseProject\workspace\Debug\system_sam.o
                0x00401e24                SystemInit
                0x00401f30                SystemCoreClockUpdate
                0x00402098                system_init_flash
                0x0040212c                sysclk_enable_usb
                0x00402168                sysclk_disable_usb
 .text          0x0040219c      0x33c C:\WinOpen\Sistemas_embebidos\BaseProject\workspace\Debug\timetick.o
                0x00402234                SysTick_Handler
                0x004022bc                SetTimeEvent
                0x004022d8                TimeTick_Configure
                0x00402398                GetDelayInTicks
                0x004023e4                GetTicks
                0x00402418                Wait
                0x00402478                Sleep
 .text          0x004024d8      0x26c C:\WinOpen\Sistemas_embebidos\BaseProject\workspace\Debug\app_scheduler.o
                0x004024d8                vfnScheduler_Callback
                0x00402604                vfnScheduler_Init
                0x00402688                vfnScheduler_Start
                0x004026a4                vfnScheduler_Stop
                0x004026bc                vfnTask_Scheduler
 .text          0x00402744       0xa4 C:\WinOpen\Sistemas_embebidos\BaseProject\workspace\Debug\Tasks.o
                0x00402744                vfnTsk_1ms
                0x00402750                vfnTsk_2msA
                0x0040275c                vfnTsk_2msB
                0x00402768                vfnTsk_10ms
                0x00402794                vfnTsk_50ms
                0x004027a0                vfnTsk_100ms
 .text          0x004027e8      0x168 C:\WinOpen\Sistemas_embebidos\BaseProject\workspace\Debug\led.o
                0x004027e8                LED_Configure
                0x00402820                LED_Set
                0x00402884                LED_Clear
                0x004028e8                LED_Toggle
 .text          0x00402950      0x16c C:\WinOpen\Sistemas_embebidos\BaseProject\workspace\Debug\main.o
                0x00402a40                main
 .text          0x00402abc       0xe0 C:\WinOpen\Sistemas_embebidos\BaseProject\workspace\Debug\startup_sam.o
                0x00402afc                Reset_Handler
                0x00402b94                DebugMon_Handler
                0x00402b94                UART3_Handler
                0x00402b94                UART2_Handler
                0x00402b94                TRNG_Handler
                0x00402b94                TC2_Handler
                0x00402b94                AFEC1_Handler
                0x00402b94                PendSV_Handler
                0x00402b94                TC7_Handler
                0x00402b94                QSPI_Handler
                0x00402b94                ISI_Handler
                0x00402b94                TC9_Handler
                0x00402b94                RSWDT_Handler
                0x00402b94                MCAN1_Handler
                0x00402b94                USART0_Handler
                0x00402b94                RTT_Handler
                0x00402b94                USBHS_Handler
                0x00402b94                CCF_Handler
                0x00402b94                RTC_Handler
                0x00402b94                TC6_Handler
                0x00402b94                WDT_Handler
                0x00402b94                TC4_Handler
                0x00402b94                TC1_Handler
                0x00402b94                HSMCI_Handler
                0x00402b94                UART1_Handler
                0x00402b94                DACC_Handler
                0x00402b94                TC3_Handler
                0x00402b94                Dummy_Handler
                0x00402b94                TWIHS1_Handler
                0x00402b94                XDMAC_Handler
                0x00402b94                UART4_Handler
                0x00402b94                PWM1_Handler
                0x00402b94                USART1_Handler
                0x00402b94                PWM0_Handler
                0x00402b94                AFEC0_Handler
                0x00402b94                CCW_Handler
                0x00402b94                TC11_Handler
                0x00402b94                SSC_Handler
                0x00402b94                ACC_Handler
                0x00402b94                PMC_Handler
                0x00402b94                GMAC_Handler
                0x00402b94                SUPC_Handler
                0x00402b94                SVC_Handler
                0x00402b94                TC8_Handler
                0x00402b94                GMACQ2_Handler
                0x00402b94                EFC_Handler
                0x00402b94                USART2_Handler
                0x00402b94                SDRAMC_Handler
                0x00402b94                SPI1_Handler
                0x00402b94                MCAN0_Handler
                0x00402b94                TC10_Handler
                0x00402b94                TWIHS2_Handler
                0x00402b94                MLB_Handler
                0x00402b94                UART0_Handler
                0x00402b94                GMACQ1_Handler
                0x00402b94                MCAN1_Line1_Handler
                0x00402b94                FPU_Handler
                0x00402b94                RSTC_Handler
                0x00402b94                TC0_Handler
                0x00402b94                MCAN0_Line1_Handler
                0x00402b94                TC5_Handler
                0x00402b94                AES_Handler
                0x00402b94                ICM_Handler
                0x00402b94                TWIHS0_Handler
                0x00402b94                SPI0_Handler
 .text.__assert_func
                0x00402b9c       0x3c c:/isystem/winideaopen9/gcc/arm/bin/../lib/gcc/arm-none-eabi/4.9.3/../../../../arm-none-eabi/lib/cortex-m7\libc.a(lib_a-assert.o)
                0x00402b9c                __assert_func
 .text.fiprintf
                0x00402bd8       0x28 c:/isystem/winideaopen9/gcc/arm/bin/../lib/gcc/arm-none-eabi/4.9.3/../../../../arm-none-eabi/lib/cortex-m7\libc.a(lib_a-fiprintf.o)
                0x00402bd8                fiprintf
 .text          0x00402c00      0x134 c:/isystem/winideaopen9/gcc/arm/bin/../lib/gcc/arm-none-eabi/4.9.3/../../../../arm-none-eabi/lib/cortex-m7\libc.a(lib_a-memcpy.o)
                0x00402c00                memcpy
 .text.printf   0x00402d34       0x28 c:/isystem/winideaopen9/gcc/arm/bin/../lib/gcc/arm-none-eabi/4.9.3/../../../../arm-none-eabi/lib/cortex-m7\libc.a(lib_a-printf.o)
                0x00402d34                printf
 .text.putchar  0x00402d5c       0x10 c:/isystem/winideaopen9/gcc/arm/bin/../lib/gcc/arm-none-eabi/4.9.3/../../../../arm-none-eabi/lib/cortex-m7\libc.a(lib_a-putchar.o)
                0x00402d5c                putchar
 .text.setvbuf  0x00402d6c       0xfc c:/isystem/winideaopen9/gcc/arm/bin/../lib/gcc/arm-none-eabi/4.9.3/../../../../arm-none-eabi/lib/cortex-m7\libc.a(lib_a-setvbuf.o)
                0x00402d6c                setvbuf
 .text.__sprint_r.part.0
                0x00402e68       0x78 c:/isystem/winideaopen9/gcc/arm/bin/../lib/gcc/arm-none-eabi/4.9.3/../../../../arm-none-eabi/lib/cortex-m7\libc.a(lib_a-vfiprintf.o)
 .text.__sprint_r
                0x00402ee0       0x18 c:/isystem/winideaopen9/gcc/arm/bin/../lib/gcc/arm-none-eabi/4.9.3/../../../../arm-none-eabi/lib/cortex-m7\libc.a(lib_a-vfiprintf.o)
                0x00402ee0                __sprint_r
 .text._vfiprintf_r
                0x00402ef8      0xbf4 c:/isystem/winideaopen9/gcc/arm/bin/../lib/gcc/arm-none-eabi/4.9.3/../../../../arm-none-eabi/lib/cortex-m7\libc.a(lib_a-vfiprintf.o)
                0x00402ef8                _vfiprintf_r
 .text.__sbprintf
                0x00403aec       0x80 c:/isystem/winideaopen9/gcc/arm/bin/../lib/gcc/arm-none-eabi/4.9.3/../../../../arm-none-eabi/lib/cortex-m7\libc.a(lib_a-vfiprintf.o)
 .text._vfprintf_r
                0x00403b6c     0x1554 c:/isystem/winideaopen9/gcc/arm/bin/../lib/gcc/arm-none-eabi/4.9.3/../../../../arm-none-eabi/lib/cortex-m7\libc.a(lib_a-vfprintf.o)
                0x00403b6c                _vfprintf_r
 .text.__sbprintf
                0x004050c0       0x80 c:/isystem/winideaopen9/gcc/arm/bin/../lib/gcc/arm-none-eabi/4.9.3/../../../../arm-none-eabi/lib/cortex-m7\libc.a(lib_a-vfprintf.o)
 .text.__swsetup_r
                0x00405140       0xc4 c:/isystem/winideaopen9/gcc/arm/bin/../lib/gcc/arm-none-eabi/4.9.3/../../../../arm-none-eabi/lib/cortex-m7\libc.a(lib_a-wsetup.o)
                0x00405140                __swsetup_r
 .text.abort    0x00405204       0x10 c:/isystem/winideaopen9/gcc/arm/bin/../lib/gcc/arm-none-eabi/4.9.3/../../../../arm-none-eabi/lib/cortex-m7\libc.a(lib_a-abort.o)
                0x00405204                abort
 .text.quorem   0x00405214      0x140 c:/isystem/winideaopen9/gcc/arm/bin/../lib/gcc/arm-none-eabi/4.9.3/../../../../arm-none-eabi/lib/cortex-m7\libc.a(lib_a-dtoa.o)
 *fill*         0x00405354        0x4 
 .text._dtoa_r  0x00405358      0xee8 c:/isystem/winideaopen9/gcc/arm/bin/../lib/gcc/arm-none-eabi/4.9.3/../../../../arm-none-eabi/lib/cortex-m7\libc.a(lib_a-dtoa.o)
                0x00405358                _dtoa_r
 .text.__sflush_r
                0x00406240      0x148 c:/isystem/winideaopen9/gcc/arm/bin/../lib/gcc/arm-none-eabi/4.9.3/../../../../arm-none-eabi/lib/cortex-m7\libc.a(lib_a-fflush.o)
                0x00406240                __sflush_r
 .text._fflush_r
                0x00406388       0x2c c:/isystem/winideaopen9/gcc/arm/bin/../lib/gcc/arm-none-eabi/4.9.3/../../../../arm-none-eabi/lib/cortex-m7\libc.a(lib_a-fflush.o)
                0x00406388                _fflush_r
 .text._cleanup_r
                0x004063b4        0xc c:/isystem/winideaopen9/gcc/arm/bin/../lib/gcc/arm-none-eabi/4.9.3/../../../../arm-none-eabi/lib/cortex-m7\libc.a(lib_a-findfp.o)
                0x004063b4                _cleanup_r
 .text.__sinit.part.1
                0x004063c0       0xfc c:/isystem/winideaopen9/gcc/arm/bin/../lib/gcc/arm-none-eabi/4.9.3/../../../../arm-none-eabi/lib/cortex-m7\libc.a(lib_a-findfp.o)
 .text.__sinit  0x004064bc        0xc c:/isystem/winideaopen9/gcc/arm/bin/../lib/gcc/arm-none-eabi/4.9.3/../../../../arm-none-eabi/lib/cortex-m7\libc.a(lib_a-findfp.o)
                0x004064bc                __sinit
 .text.__sfp_lock_acquire
                0x004064c8        0x4 c:/isystem/winideaopen9/gcc/arm/bin/../lib/gcc/arm-none-eabi/4.9.3/../../../../arm-none-eabi/lib/cortex-m7\libc.a(lib_a-findfp.o)
                0x004064c8                __sfp_lock_acquire
 .text.__sfp_lock_release
                0x004064cc        0x4 c:/isystem/winideaopen9/gcc/arm/bin/../lib/gcc/arm-none-eabi/4.9.3/../../../../arm-none-eabi/lib/cortex-m7\libc.a(lib_a-findfp.o)
                0x004064cc                __sfp_lock_release
 .text.__fputwc
                0x004064d0       0xb0 c:/isystem/winideaopen9/gcc/arm/bin/../lib/gcc/arm-none-eabi/4.9.3/../../../../arm-none-eabi/lib/cortex-m7\libc.a(lib_a-fputwc.o)
                0x004064d0                __fputwc
 .text._fputwc_r
                0x00406580       0x24 c:/isystem/winideaopen9/gcc/arm/bin/../lib/gcc/arm-none-eabi/4.9.3/../../../../arm-none-eabi/lib/cortex-m7\libc.a(lib_a-fputwc.o)
                0x00406580                _fputwc_r
 .text._malloc_trim_r
                0x004065a4       0x9c c:/isystem/winideaopen9/gcc/arm/bin/../lib/gcc/arm-none-eabi/4.9.3/../../../../arm-none-eabi/lib/cortex-m7\libc.a(lib_a-freer.o)
                0x004065a4                _malloc_trim_r
 .text._free_r  0x00406640      0x1b0 c:/isystem/winideaopen9/gcc/arm/bin/../lib/gcc/arm-none-eabi/4.9.3/../../../../arm-none-eabi/lib/cortex-m7\libc.a(lib_a-freer.o)
                0x00406640                _free_r
 .text.__sfvwrite_r
                0x004067f0      0x324 c:/isystem/winideaopen9/gcc/arm/bin/../lib/gcc/arm-none-eabi/4.9.3/../../../../arm-none-eabi/lib/cortex-m7\libc.a(lib_a-fvwrite.o)
                0x004067f0                __sfvwrite_r
 .text._fwalk_reent
                0x00406b14       0x50 c:/isystem/winideaopen9/gcc/arm/bin/../lib/gcc/arm-none-eabi/4.9.3/../../../../arm-none-eabi/lib/cortex-m7\libc.a(lib_a-fwalk.o)
                0x00406b14                _fwalk_reent
 .text.__locale_charset
                0x00406b64        0x8 c:/isystem/winideaopen9/gcc/arm/bin/../lib/gcc/arm-none-eabi/4.9.3/../../../../arm-none-eabi/lib/cortex-m7\libc.a(lib_a-locale.o)
                0x00406b64                __locale_charset
 .text.__locale_mb_cur_max
                0x00406b6c        0xc c:/isystem/winideaopen9/gcc/arm/bin/../lib/gcc/arm-none-eabi/4.9.3/../../../../arm-none-eabi/lib/cortex-m7\libc.a(lib_a-locale.o)
                0x00406b6c                __locale_mb_cur_max
 .text._localeconv_r
                0x00406b78        0x8 c:/isystem/winideaopen9/gcc/arm/bin/../lib/gcc/arm-none-eabi/4.9.3/../../../../arm-none-eabi/lib/cortex-m7\libc.a(lib_a-locale.o)
                0x00406b78                _localeconv_r
 .text.__smakebuf_r
                0x00406b80       0xe4 c:/isystem/winideaopen9/gcc/arm/bin/../lib/gcc/arm-none-eabi/4.9.3/../../../../arm-none-eabi/lib/cortex-m7\libc.a(lib_a-makebuf.o)
                0x00406b80                __smakebuf_r
 .text.malloc   0x00406c64       0x10 c:/isystem/winideaopen9/gcc/arm/bin/../lib/gcc/arm-none-eabi/4.9.3/../../../../arm-none-eabi/lib/cortex-m7\libc.a(lib_a-malloc.o)
                0x00406c64                malloc
 .text._malloc_r
                0x00406c74      0x558 c:/isystem/winideaopen9/gcc/arm/bin/../lib/gcc/arm-none-eabi/4.9.3/../../../../arm-none-eabi/lib/cortex-m7\libc.a(lib_a-mallocr.o)
                0x00406c74                _malloc_r
 .text.memchr   0x004071cc       0x90 c:/isystem/winideaopen9/gcc/arm/bin/../lib/gcc/arm-none-eabi/4.9.3/../../../../arm-none-eabi/lib/cortex-m7\libc.a(lib_a-memchr.o)
                0x004071cc                memchr
 .text.memmove  0x0040725c       0xc4 c:/isystem/winideaopen9/gcc/arm/bin/../lib/gcc/arm-none-eabi/4.9.3/../../../../arm-none-eabi/lib/cortex-m7\libc.a(lib_a-memmove.o)
                0x0040725c                memmove
 .text.memset   0x00407320       0xa0 c:/isystem/winideaopen9/gcc/arm/bin/../lib/gcc/arm-none-eabi/4.9.3/../../../../arm-none-eabi/lib/cortex-m7\libc.a(lib_a-memset.o)
                0x00407320                memset
 .text.__malloc_lock
                0x004073c0        0x4 c:/isystem/winideaopen9/gcc/arm/bin/../lib/gcc/arm-none-eabi/4.9.3/../../../../arm-none-eabi/lib/cortex-m7\libc.a(lib_a-mlock.o)
                0x004073c0                __malloc_lock
 .text.__malloc_unlock
                0x004073c4        0x4 c:/isystem/winideaopen9/gcc/arm/bin/../lib/gcc/arm-none-eabi/4.9.3/../../../../arm-none-eabi/lib/cortex-m7\libc.a(lib_a-mlock.o)
                0x004073c4                __malloc_unlock
 .text._Balloc  0x004073c8       0x50 c:/isystem/winideaopen9/gcc/arm/bin/../lib/gcc/arm-none-eabi/4.9.3/../../../../arm-none-eabi/lib/cortex-m7\libc.a(lib_a-mprec.o)
                0x004073c8                _Balloc
 .text._Bfree   0x00407418       0x14 c:/isystem/winideaopen9/gcc/arm/bin/../lib/gcc/arm-none-eabi/4.9.3/../../../../arm-none-eabi/lib/cortex-m7\libc.a(lib_a-mprec.o)
                0x00407418                _Bfree
 .text.__multadd
                0x0040742c       0x84 c:/isystem/winideaopen9/gcc/arm/bin/../lib/gcc/arm-none-eabi/4.9.3/../../../../arm-none-eabi/lib/cortex-m7\libc.a(lib_a-mprec.o)
                0x0040742c                __multadd
 .text.__hi0bits
                0x004074b0       0x44 c:/isystem/winideaopen9/gcc/arm/bin/../lib/gcc/arm-none-eabi/4.9.3/../../../../arm-none-eabi/lib/cortex-m7\libc.a(lib_a-mprec.o)
                0x004074b0                __hi0bits
 .text.__lo0bits
                0x004074f4       0x64 c:/isystem/winideaopen9/gcc/arm/bin/../lib/gcc/arm-none-eabi/4.9.3/../../../../arm-none-eabi/lib/cortex-m7\libc.a(lib_a-mprec.o)
                0x004074f4                __lo0bits
 .text.__i2b    0x00407558       0x14 c:/isystem/winideaopen9/gcc/arm/bin/../lib/gcc/arm-none-eabi/4.9.3/../../../../arm-none-eabi/lib/cortex-m7\libc.a(lib_a-mprec.o)
                0x00407558                __i2b
 .text.__multiply
                0x0040756c      0x144 c:/isystem/winideaopen9/gcc/arm/bin/../lib/gcc/arm-none-eabi/4.9.3/../../../../arm-none-eabi/lib/cortex-m7\libc.a(lib_a-mprec.o)
                0x0040756c                __multiply
 .text.__pow5mult
                0x004076b0       0xa0 c:/isystem/winideaopen9/gcc/arm/bin/../lib/gcc/arm-none-eabi/4.9.3/../../../../arm-none-eabi/lib/cortex-m7\libc.a(lib_a-mprec.o)
                0x004076b0                __pow5mult
 .text.__lshift
                0x00407750       0xb4 c:/isystem/winideaopen9/gcc/arm/bin/../lib/gcc/arm-none-eabi/4.9.3/../../../../arm-none-eabi/lib/cortex-m7\libc.a(lib_a-mprec.o)
                0x00407750                __lshift
 .text.__mcmp   0x00407804       0x48 c:/isystem/winideaopen9/gcc/arm/bin/../lib/gcc/arm-none-eabi/4.9.3/../../../../arm-none-eabi/lib/cortex-m7\libc.a(lib_a-mprec.o)
                0x00407804                __mcmp
 .text.__mdiff  0x0040784c       0xe4 c:/isystem/winideaopen9/gcc/arm/bin/../lib/gcc/arm-none-eabi/4.9.3/../../../../arm-none-eabi/lib/cortex-m7\libc.a(lib_a-mprec.o)
                0x0040784c                __mdiff
 .text.__d2b    0x00407930       0xb0 c:/isystem/winideaopen9/gcc/arm/bin/../lib/gcc/arm-none-eabi/4.9.3/../../../../arm-none-eabi/lib/cortex-m7\libc.a(lib_a-mprec.o)
                0x00407930                __d2b
 .text._putc_r  0x004079e0       0x58 c:/isystem/winideaopen9/gcc/arm/bin/../lib/gcc/arm-none-eabi/4.9.3/../../../../arm-none-eabi/lib/cortex-m7\libc.a(lib_a-putc.o)
                0x004079e0                _putc_r
 .text._realloc_r
                0x00407a38      0x3f0 c:/isystem/winideaopen9/gcc/arm/bin/../lib/gcc/arm-none-eabi/4.9.3/../../../../arm-none-eabi/lib/cortex-m7\libc.a(lib_a-reallocr.o)
                0x00407a38                _realloc_r
 .text.__fpclassifyd
                0x00407e28       0x44 c:/isystem/winideaopen9/gcc/arm/bin/../lib/gcc/arm-none-eabi/4.9.3/../../../../arm-none-eabi/lib/cortex-m7\libc.a(lib_a-s_fpclassify.o)
                0x00407e28                __fpclassifyd
 .text._sbrk_r  0x00407e6c       0x24 c:/isystem/winideaopen9/gcc/arm/bin/../lib/gcc/arm-none-eabi/4.9.3/../../../../arm-none-eabi/lib/cortex-m7\libc.a(lib_a-sbrkr.o)
                0x00407e6c                _sbrk_r
 .text._raise_r
                0x00407e90       0x58 c:/isystem/winideaopen9/gcc/arm/bin/../lib/gcc/arm-none-eabi/4.9.3/../../../../arm-none-eabi/lib/cortex-m7\libc.a(lib_a-signal.o)
                0x00407e90                _raise_r
 .text.raise    0x00407ee8       0x10 c:/isystem/winideaopen9/gcc/arm/bin/../lib/gcc/arm-none-eabi/4.9.3/../../../../arm-none-eabi/lib/cortex-m7\libc.a(lib_a-signal.o)
                0x00407ee8                raise
 .text._kill_r  0x00407ef8       0x28 c:/isystem/winideaopen9/gcc/arm/bin/../lib/gcc/arm-none-eabi/4.9.3/../../../../arm-none-eabi/lib/cortex-m7\libc.a(lib_a-signalr.o)
                0x00407ef8                _kill_r
 .text._getpid_r
                0x00407f20        0x4 c:/isystem/winideaopen9/gcc/arm/bin/../lib/gcc/arm-none-eabi/4.9.3/../../../../arm-none-eabi/lib/cortex-m7\libc.a(lib_a-signalr.o)
                0x00407f20                _getpid_r
 .text.__sread  0x00407f24       0x24 c:/isystem/winideaopen9/gcc/arm/bin/../lib/gcc/arm-none-eabi/4.9.3/../../../../arm-none-eabi/lib/cortex-m7\libc.a(lib_a-stdio.o)
                0x00407f24                __sread
 .text.__swrite
                0x00407f48       0x38 c:/isystem/winideaopen9/gcc/arm/bin/../lib/gcc/arm-none-eabi/4.9.3/../../../../arm-none-eabi/lib/cortex-m7\libc.a(lib_a-stdio.o)
                0x00407f48                __swrite
 .text.__sseek  0x00407f80       0x24 c:/isystem/winideaopen9/gcc/arm/bin/../lib/gcc/arm-none-eabi/4.9.3/../../../../arm-none-eabi/lib/cortex-m7\libc.a(lib_a-stdio.o)
                0x00407f80                __sseek
 .text.__sclose
                0x00407fa4        0x8 c:/isystem/winideaopen9/gcc/arm/bin/../lib/gcc/arm-none-eabi/4.9.3/../../../../arm-none-eabi/lib/cortex-m7\libc.a(lib_a-stdio.o)
                0x00407fa4                __sclose
 .text.strlen   0x00407fac       0x5c c:/isystem/winideaopen9/gcc/arm/bin/../lib/gcc/arm-none-eabi/4.9.3/../../../../arm-none-eabi/lib/cortex-m7\libc.a(lib_a-strlen.o)
                0x00407fac                strlen
 .text.__swbuf_r
                0x00408008       0xa8 c:/isystem/winideaopen9/gcc/arm/bin/../lib/gcc/arm-none-eabi/4.9.3/../../../../arm-none-eabi/lib/cortex-m7\libc.a(lib_a-wbuf.o)
                0x00408008                __swbuf_r
 .text._wcrtomb_r
                0x004080b0       0x54 c:/isystem/winideaopen9/gcc/arm/bin/../lib/gcc/arm-none-eabi/4.9.3/../../../../arm-none-eabi/lib/cortex-m7\libc.a(lib_a-wcrtomb.o)
                0x004080b0                _wcrtomb_r
 .text.__ascii_wctomb
                0x00408104       0x18 c:/isystem/winideaopen9/gcc/arm/bin/../lib/gcc/arm-none-eabi/4.9.3/../../../../arm-none-eabi/lib/cortex-m7\libc.a(lib_a-wctomb_r.o)
                0x00408104                __ascii_wctomb
 .text._write_r
                0x0040811c       0x28 c:/isystem/winideaopen9/gcc/arm/bin/../lib/gcc/arm-none-eabi/4.9.3/../../../../arm-none-eabi/lib/cortex-m7\libc.a(lib_a-writer.o)
                0x0040811c                _write_r
 .text._calloc_r
                0x00408144       0x60 c:/isystem/winideaopen9/gcc/arm/bin/../lib/gcc/arm-none-eabi/4.9.3/../../../../arm-none-eabi/lib/cortex-m7\libc.a(lib_a-callocr.o)
                0x00408144                _calloc_r
 .text._close_r
                0x004081a4       0x24 c:/isystem/winideaopen9/gcc/arm/bin/../lib/gcc/arm-none-eabi/4.9.3/../../../../arm-none-eabi/lib/cortex-m7\libc.a(lib_a-closer.o)
                0x004081a4                _close_r
 .text._fclose_r
                0x004081c8       0x84 c:/isystem/winideaopen9/gcc/arm/bin/../lib/gcc/arm-none-eabi/4.9.3/../../../../arm-none-eabi/lib/cortex-m7\libc.a(lib_a-fclose.o)
                0x004081c8                _fclose_r
 .text._fstat_r
                0x0040824c       0x28 c:/isystem/winideaopen9/gcc/arm/bin/../lib/gcc/arm-none-eabi/4.9.3/../../../../arm-none-eabi/lib/cortex-m7\libc.a(lib_a-fstatr.o)
                0x0040824c                _fstat_r
 .text._isatty_r
                0x00408274       0x24 c:/isystem/winideaopen9/gcc/arm/bin/../lib/gcc/arm-none-eabi/4.9.3/../../../../arm-none-eabi/lib/cortex-m7\libc.a(lib_a-isattyr.o)
                0x00408274                _isatty_r
 .text._lseek_r
                0x00408298       0x28 c:/isystem/winideaopen9/gcc/arm/bin/../lib/gcc/arm-none-eabi/4.9.3/../../../../arm-none-eabi/lib/cortex-m7\libc.a(lib_a-lseekr.o)
                0x00408298                _lseek_r
 .text._read_r  0x004082c0       0x28 c:/isystem/winideaopen9/gcc/arm/bin/../lib/gcc/arm-none-eabi/4.9.3/../../../../arm-none-eabi/lib/cortex-m7\libc.a(lib_a-readr.o)
                0x004082c0                _read_r
 .text          0x004082e8      0x370 c:/isystem/winideaopen9/gcc/arm/bin/../lib/gcc/arm-none-eabi/4.9.3/cortex-m7\libgcc.a(_arm_addsubdf3.o)
                0x004082e8                __aeabi_drsub
                0x004082f0                __aeabi_dsub
                0x004082f0                __subdf3
                0x004082f4                __aeabi_dadd
                0x004082f4                __adddf3
                0x0040856c                __floatunsidf
                0x0040856c                __aeabi_ui2d
                0x0040858c                __floatsidf
                0x0040858c                __aeabi_i2d
                0x004085b0                __aeabi_f2d
                0x004085b0                __extendsfdf2
                0x004085ec                __floatundidf
                0x004085ec                __aeabi_ul2d
                0x004085fc                __floatdidf
                0x004085fc                __aeabi_l2d
 .text          0x00408658      0x424 c:/isystem/winideaopen9/gcc/arm/bin/../lib/gcc/arm-none-eabi/4.9.3/cortex-m7\libgcc.a(_arm_muldivdf3.o)
                0x00408658                __aeabi_dmul
                0x00408658                __muldf3
                0x004088ac                __divdf3
                0x004088ac                __aeabi_ddiv
 .text          0x00408a7c      0x110 c:/isystem/winideaopen9/gcc/arm/bin/../lib/gcc/arm-none-eabi/4.9.3/cortex-m7\libgcc.a(_arm_cmpdf2.o)
                0x00408a7c                __gtdf2
                0x00408a7c                __gedf2
                0x00408a84                __ltdf2
                0x00408a84                __ledf2
                0x00408a8c                __nedf2
                0x00408a8c                __eqdf2
                0x00408a8c                __cmpdf2
                0x00408b08                __aeabi_cdrcmple
                0x00408b18                __aeabi_cdcmpeq
                0x00408b18                __aeabi_cdcmple
                0x00408b28                __aeabi_dcmpeq
                0x00408b3c                __aeabi_dcmplt
                0x00408b50                __aeabi_dcmple
                0x00408b64                __aeabi_dcmpge
                0x00408b78                __aeabi_dcmpgt
 .text          0x00408b8c       0x50 c:/isystem/winideaopen9/gcc/arm/bin/../lib/gcc/arm-none-eabi/4.9.3/cortex-m7\libgcc.a(_arm_fixdfsi.o)
                0x00408b8c                __aeabi_d2iz
                0x00408b8c                __fixdfsi
 .text          0x00408bdc       0x30 c:/isystem/winideaopen9/gcc/arm/bin/../lib/gcc/arm-none-eabi/4.9.3/cortex-m7\libgcc.a(_aeabi_uldivmod.o)
                0x00408bdc                __aeabi_uldivmod
 .text          0x00408c0c       0x60 c:/isystem/winideaopen9/gcc/arm/bin/../lib/gcc/arm-none-eabi/4.9.3/cortex-m7\libgcc.a(bpabi.o)
                0x00408c0c                __gnu_ldivmod_helper
                0x00408c3c                __gnu_uldivmod_helper
 .text          0x00408c6c        0x4 c:/isystem/winideaopen9/gcc/arm/bin/../lib/gcc/arm-none-eabi/4.9.3/cortex-m7\libgcc.a(_dvmd_tls.o)
                0x00408c6c                __aeabi_idiv0
                0x00408c6c                __aeabi_ldiv0
 .text          0x00408c70      0x284 c:/isystem/winideaopen9/gcc/arm/bin/../lib/gcc/arm-none-eabi/4.9.3/cortex-m7\libgcc.a(_divdi3.o)
                0x00408c70                __divdi3
 .text          0x00408ef4      0x248 c:/isystem/winideaopen9/gcc/arm/bin/../lib/gcc/arm-none-eabi/4.9.3/cortex-m7\libgcc.a(_udivdi3.o)
                0x00408ef4                __udivdi3
 *(.glue_7t)
 .glue_7t       0x00000000        0x0 linker stubs
 *(.glue_7)
 .glue_7        0x00000000        0x0 linker stubs
 *(.rodata .rodata* .gnu.linkonce.r.*)
 .rodata        0x0040913c       0xf7 C:\WinOpen\Sistemas_embebidos\BaseProject\workspace\Debug\dbg_console.o
 *fill*         0x00409233        0x1 
 .rodata        0x00409234       0xac C:\WinOpen\Sistemas_embebidos\BaseProject\workspace\Debug\pmc.o
 .rodata        0x004092e0       0xee C:\WinOpen\Sistemas_embebidos\BaseProject\workspace\Debug\pio_it.o
 *fill*         0x004093ce        0x2 
 .rodata        0x004093d0       0x19 C:\WinOpen\Sistemas_embebidos\BaseProject\workspace\Debug\syscalls.o
 *fill*         0x004093e9        0x3 
 .rodata        0x004093ec       0xf6 C:\WinOpen\Sistemas_embebidos\BaseProject\workspace\Debug\timetick.o
 *fill*         0x004094e2        0x2 
 .rodata        0x004094e4       0x1c C:\WinOpen\Sistemas_embebidos\BaseProject\workspace\Debug\led.o
 .rodata        0x00409500       0xb2 C:\WinOpen\Sistemas_embebidos\BaseProject\workspace\Debug\main.o
 *fill*         0x004095b2        0x2 
 .rodata.str1.4
                0x004095b4       0x3f c:/isystem/winideaopen9/gcc/arm/bin/../lib/gcc/arm-none-eabi/4.9.3/../../../../arm-none-eabi/lib/cortex-m7\libc.a(lib_a-assert.o)
                                 0x43 (size before relaxing)
 *fill*         0x004095f3        0x1 
 .rodata.str1.4
                0x004095f4        0x2 c:/isystem/winideaopen9/gcc/arm/bin/../lib/gcc/arm-none-eabi/4.9.3/../../../../arm-none-eabi/lib/cortex-m7\libc.a(lib_a-impure.o)
 *fill*         0x004095f6        0x2 
 .rodata.zeroes.6869
                0x004095f8       0x10 c:/isystem/winideaopen9/gcc/arm/bin/../lib/gcc/arm-none-eabi/4.9.3/../../../../arm-none-eabi/lib/cortex-m7\libc.a(lib_a-vfiprintf.o)
 .rodata.str1.4
                0x00409608       0x2f c:/isystem/winideaopen9/gcc/arm/bin/../lib/gcc/arm-none-eabi/4.9.3/../../../../arm-none-eabi/lib/cortex-m7\libc.a(lib_a-vfiprintf.o)
 *fill*         0x00409637        0x1 
 .rodata.blanks.6868
                0x00409638       0x10 c:/isystem/winideaopen9/gcc/arm/bin/../lib/gcc/arm-none-eabi/4.9.3/../../../../arm-none-eabi/lib/cortex-m7\libc.a(lib_a-vfiprintf.o)
 .rodata.zeroes.6926
                0x00409648       0x10 c:/isystem/winideaopen9/gcc/arm/bin/../lib/gcc/arm-none-eabi/4.9.3/../../../../arm-none-eabi/lib/cortex-m7\libc.a(lib_a-vfprintf.o)
 .rodata.str1.4
                0x00409658       0x12 c:/isystem/winideaopen9/gcc/arm/bin/../lib/gcc/arm-none-eabi/4.9.3/../../../../arm-none-eabi/lib/cortex-m7\libc.a(lib_a-vfprintf.o)
                                 0x42 (size before relaxing)
 *fill*         0x0040966a        0x2 
 .rodata.blanks.6925
                0x0040966c       0x10 c:/isystem/winideaopen9/gcc/arm/bin/../lib/gcc/arm-none-eabi/4.9.3/../../../../arm-none-eabi/lib/cortex-m7\libc.a(lib_a-vfprintf.o)
 .rodata.str1.4
                0x0040967c       0x10 c:/isystem/winideaopen9/gcc/arm/bin/../lib/gcc/arm-none-eabi/4.9.3/../../../../arm-none-eabi/lib/cortex-m7\libc.a(lib_a-dtoa.o)
                                 0x12 (size before relaxing)
 .rodata.str1.4
                0x0040968c        0xc c:/isystem/winideaopen9/gcc/arm/bin/../lib/gcc/arm-none-eabi/4.9.3/../../../../arm-none-eabi/lib/cortex-m7\libc.a(lib_a-locale.o)
                                 0x12 (size before relaxing)
 .rodata.__mprec_tens
                0x00409698       0xc8 c:/isystem/winideaopen9/gcc/arm/bin/../lib/gcc/arm-none-eabi/4.9.3/../../../../arm-none-eabi/lib/cortex-m7\libc.a(lib_a-mprec.o)
                0x00409698                __mprec_tens
 .rodata.p05.5302
                0x00409760        0xc c:/isystem/winideaopen9/gcc/arm/bin/../lib/gcc/arm-none-eabi/4.9.3/../../../../arm-none-eabi/lib/cortex-m7\libc.a(lib_a-mprec.o)
 *fill*         0x0040976c        0x4 
 .rodata.__mprec_bigtens
                0x00409770       0x28 c:/isystem/winideaopen9/gcc/arm/bin/../lib/gcc/arm-none-eabi/4.9.3/../../../../arm-none-eabi/lib/cortex-m7\libc.a(lib_a-mprec.o)
                0x00409770                __mprec_bigtens
 *(.ARM.extab* .gnu.linkonce.armextab.*)
                0x00409798                . = ALIGN (0x4)
 *(.init)
                0x00409798                . = ALIGN (0x4)
                0x00409798                __preinit_array_start = .
 *(.preinit_array)
                0x00409798                __preinit_array_end = .
                0x00409798                . = ALIGN (0x4)
                0x00409798                __init_array_start = .
 *(SORT(.init_array.*))
 *(.init_array)
                0x00409798                __init_array_end = .
                0x00409798                . = ALIGN (0x4)
 *crtbegin.o(.ctors)
 *(EXCLUDE_FILE(*crtend.o) .ctors)
 *(SORT(.ctors.*))
 *crtend.o(.ctors)
                0x00409798                . = ALIGN (0x4)
 *(.fini)
                0x00409798                . = ALIGN (0x4)
                0x00409798                __fini_array_start = .
 *(.fini_array)
 *(SORT(.fini_array.*))
                0x00409798                __fini_array_end = .
 *crtbegin.o(.dtors)
 *(EXCLUDE_FILE(*crtend.o) .dtors)
 *(SORT(.dtors.*))
 *crtend.o(.dtors)
                0x00409798                . = ALIGN (0x4)
                0x00409798                _efixed = .
                0x00409798                PROVIDE (__exidx_start, .)

.vfp11_veneer   0x00409798        0x0
 .vfp11_veneer  0x00000000        0x0 linker stubs

.v4_bx          0x00409798        0x0
 .v4_bx         0x00000000        0x0 linker stubs

.iplt           0x00409798        0x0
 .iplt          0x00000000        0x0 C:\WinOpen\Sistemas_embebidos\BaseProject\workspace\Debug\dbg_console.o

.igot.plt       0x00409798        0x0
 .igot.plt      0x00000000        0x0 C:\WinOpen\Sistemas_embebidos\BaseProject\workspace\Debug\dbg_console.o

.ARM.exidx      0x00409798        0x8
 *(.ARM.exidx* .gnu.linkonce.armexidx.*)
 .ARM.exidx     0x00409798        0x8 c:/isystem/winideaopen9/gcc/arm/bin/../lib/gcc/arm-none-eabi/4.9.3/cortex-m7\libgcc.a(_divdi3.o)
 .ARM.exidx     0x004097a0        0x0 c:/isystem/winideaopen9/gcc/arm/bin/../lib/gcc/arm-none-eabi/4.9.3/cortex-m7\libgcc.a(_udivdi3.o)
                                  0x8 (size before relaxing)
                0x004097a0                PROVIDE (__exidx_end, .)

.rel.dyn        0x004097a0        0x0
 .rel.iplt      0x00000000        0x0 C:\WinOpen\Sistemas_embebidos\BaseProject\workspace\Debug\dbg_console.o
                0x004097a0                . = ALIGN (0x4)
                0x004097a0                _etext = .

.relocate       0x20400000      0x8dc load address 0x004097a0
                0x20400000                . = ALIGN (0x4)
                0x20400000                _srelocate = .
 *(.ramfunc .ramfunc.*)
 *(.data .data.*)
 .data          0x20400000        0x4 C:\WinOpen\Sistemas_embebidos\BaseProject\workspace\Debug\system_sam.o
                0x20400000                SystemCoreClock
 .data          0x20400004       0x38 C:\WinOpen\Sistemas_embebidos\BaseProject\workspace\Debug\main.o
                0x20400004                int1
                0x20400008                int2
                0x2040000c                Tasks
 *fill*         0x2040003c        0x4 
 .data.impure_data
                0x20400040      0x428 c:/isystem/winideaopen9/gcc/arm/bin/../lib/gcc/arm-none-eabi/4.9.3/../../../../arm-none-eabi/lib/cortex-m7\libc.a(lib_a-impure.o)
 .data._impure_ptr
                0x20400468        0x4 c:/isystem/winideaopen9/gcc/arm/bin/../lib/gcc/arm-none-eabi/4.9.3/../../../../arm-none-eabi/lib/cortex-m7\libc.a(lib_a-impure.o)
                0x20400468                _impure_ptr
 .data.lconv    0x2040046c       0x38 c:/isystem/winideaopen9/gcc/arm/bin/../lib/gcc/arm-none-eabi/4.9.3/../../../../arm-none-eabi/lib/cortex-m7\libc.a(lib_a-locale.o)
 .data.lc_ctype_charset
                0x204004a4       0x20 c:/isystem/winideaopen9/gcc/arm/bin/../lib/gcc/arm-none-eabi/4.9.3/../../../../arm-none-eabi/lib/cortex-m7\libc.a(lib_a-locale.o)
 .data.__mb_cur_max
                0x204004c4        0x4 c:/isystem/winideaopen9/gcc/arm/bin/../lib/gcc/arm-none-eabi/4.9.3/../../../../arm-none-eabi/lib/cortex-m7\libc.a(lib_a-locale.o)
                0x204004c4                __mb_cur_max
 .data.__malloc_av_
                0x204004c8      0x408 c:/isystem/winideaopen9/gcc/arm/bin/../lib/gcc/arm-none-eabi/4.9.3/../../../../arm-none-eabi/lib/cortex-m7\libc.a(lib_a-mallocr.o)
                0x204004c8                __malloc_av_
 .data.__malloc_trim_threshold
                0x204008d0        0x4 c:/isystem/winideaopen9/gcc/arm/bin/../lib/gcc/arm-none-eabi/4.9.3/../../../../arm-none-eabi/lib/cortex-m7\libc.a(lib_a-mallocr.o)
                0x204008d0                __malloc_trim_threshold
 .data.__malloc_sbrk_base
                0x204008d4        0x4 c:/isystem/winideaopen9/gcc/arm/bin/../lib/gcc/arm-none-eabi/4.9.3/../../../../arm-none-eabi/lib/cortex-m7\libc.a(lib_a-mallocr.o)
                0x204008d4                __malloc_sbrk_base
 .data.__wctomb
                0x204008d8        0x4 c:/isystem/winideaopen9/gcc/arm/bin/../lib/gcc/arm-none-eabi/4.9.3/../../../../arm-none-eabi/lib/cortex-m7\libc.a(lib_a-wctomb_r.o)
                0x204008d8                __wctomb
                0x204008dc                . = ALIGN (0x4)
                0x204008dc                _erelocate = .

.bss            0x204008dc       0xfc load address 0x0040a07c
                0x204008dc                . = ALIGN (0x4)
                0x204008dc                _sbss = .
                0x204008dc                _szero = .
 *(.bss .bss.*)
 .bss           0x204008dc        0x6 C:\WinOpen\Sistemas_embebidos\BaseProject\workspace\Debug\dbg_console.o
 *fill*         0x204008e2        0x2 
 .bss           0x204008e4       0x44 C:\WinOpen\Sistemas_embebidos\BaseProject\workspace\Debug\pio_it.o
 .bss           0x20400928        0xc C:\WinOpen\Sistemas_embebidos\BaseProject\workspace\Debug\syscalls.o
 .bss           0x20400934       0x18 C:\WinOpen\Sistemas_embebidos\BaseProject\workspace\Debug\timetick.o
 .bss           0x2040094c        0x3 C:\WinOpen\Sistemas_embebidos\BaseProject\workspace\Debug\Tasks.o
                0x2040094c                u8100ms_Ctr
                0x2040094d                u8100ms_Ctr2
 *fill*         0x2040094f        0x1 
 .bss.__malloc_max_total_mem
                0x20400950        0x4 c:/isystem/winideaopen9/gcc/arm/bin/../lib/gcc/arm-none-eabi/4.9.3/../../../../arm-none-eabi/lib/cortex-m7\libc.a(lib_a-mallocr.o)
                0x20400950                __malloc_max_total_mem
 .bss.__malloc_max_sbrked_mem
                0x20400954        0x4 c:/isystem/winideaopen9/gcc/arm/bin/../lib/gcc/arm-none-eabi/4.9.3/../../../../arm-none-eabi/lib/cortex-m7\libc.a(lib_a-mallocr.o)
                0x20400954                __malloc_max_sbrked_mem
 .bss.__malloc_top_pad
                0x20400958        0x4 c:/isystem/winideaopen9/gcc/arm/bin/../lib/gcc/arm-none-eabi/4.9.3/../../../../arm-none-eabi/lib/cortex-m7\libc.a(lib_a-mallocr.o)
                0x20400958                __malloc_top_pad
 .bss.__malloc_current_mallinfo
                0x2040095c       0x28 c:/isystem/winideaopen9/gcc/arm/bin/../lib/gcc/arm-none-eabi/4.9.3/../../../../arm-none-eabi/lib/cortex-m7\libc.a(lib_a-mallocr.o)
                0x2040095c                __malloc_current_mallinfo
 *(COMMON)
 COMMON         0x20400984       0x14 C:\WinOpen\Sistemas_embebidos\BaseProject\workspace\Debug\timetick.o
                0x20400984                gfunc_ptr
                0x20400988                DelayTimer
 COMMON         0x20400998       0x3a C:\WinOpen\Sistemas_embebidos\BaseProject\workspace\Debug\app_scheduler.o
                0x20400998                u8_50ms_Counter
                0x2040099c                task_ctrl_array
                0x204009cc                gu8Scheduler_Status
                0x204009cd                gu8Scheduler_Thread_ID_Backup
                0x204009ce                u8_10ms_Counter
                0x204009cf                u8_100ms_Counter
                0x204009d0                gu8Scheduler_Counter
                0x204009d1                gu8Scheduler_Thread_ID
 *fill*         0x204009d2        0x2 
 COMMON         0x204009d4        0x4 c:/isystem/winideaopen9/gcc/arm/bin/../lib/gcc/arm-none-eabi/4.9.3/../../../../arm-none-eabi/lib/cortex-m7\libc.a(lib_a-reent.o)
                0x204009d4                errno
                0x204009d8                . = ALIGN (0x4)
                0x204009d8                _ebss = .
                0x204009d8                _ezero = .

.stack          0x204009d8     0x2000 load address 0x0040a178
                0x204009d8                . = ALIGN (0x8)
                0x204009d8                _sstack = .
                0x204029d8                . = (. + STACK_SIZE)
 *fill*         0x204009d8     0x2000 
                0x204029d8                . = ALIGN (0x8)
                0x204029d8                _estack = .

.heap           0x204029d8     0x1000 load address 0x0040c178
                0x204029d8                . = ALIGN (0x8)
                0x204029d8                _sheap = .
                0x204039d8                . = (. + HEAP_SIZE)
 *fill*         0x204029d8     0x1000 
                0x204039d8                . = ALIGN (0x8)
                0x204039d8                _eheap = .

.my_heap        0x20450000    0x10000
                0x20450000                . = ALIGN (0x8)
                0x20450000                HEAP_LLD = .
                0x20450000                _smyheap = .
                0x20460000                . = (. + MY_HEAP_SIZE)
 *fill*         0x20450000    0x10000 
                0x20460000                . = ALIGN (0x8)
                0x20460000                _emyheap = .
                0x20460000                . = ALIGN (0x4)
                0x20460000                _end = .
                0x2044ffff                _ram_end_ = ((ORIGIN (ram) + 0x50000) - 0x1)
                0x20460000                _sdram_lma = .

sdram_region
 *(sdram_region)
LOAD c:/isystem/winideaopen9/gcc/arm/bin/../lib/gcc/arm-none-eabi/4.9.3/../../../../arm-none-eabi/lib/cortex-m7\libc.a
LOAD c:/isystem/winideaopen9/gcc/arm/bin/../lib/gcc/arm-none-eabi/4.9.3/cortex-m7\libgcc.a
LOAD c:/isystem/winideaopen9/gcc/arm/bin/../lib/gcc/arm-none-eabi/4.9.3/../../../../arm-none-eabi/lib/cortex-m7\libm.a
OUTPUT(BaseProject.elf elf32-littlearm)

.debug_info     0x00000000     0x7bda
 .debug_info    0x00000000     0x14dc C:\WinOpen\Sistemas_embebidos\BaseProject\workspace\Debug\dbg_console.o
 .debug_info    0x000014dc      0x4f5 C:\WinOpen\Sistemas_embebidos\BaseProject\workspace\Debug\board_lowlevel.o
 .debug_info    0x000019d1      0x59c C:\WinOpen\Sistemas_embebidos\BaseProject\workspace\Debug\exceptions.o
 .debug_info    0x00001f6d      0xa00 C:\WinOpen\Sistemas_embebidos\BaseProject\workspace\Debug\pio.o
 .debug_info    0x0000296d      0x327 C:\WinOpen\Sistemas_embebidos\BaseProject\workspace\Debug\mpu.o
 .debug_info    0x00002c94      0x78b C:\WinOpen\Sistemas_embebidos\BaseProject\workspace\Debug\pmc.o
 .debug_info    0x0000341f      0x1fd C:\WinOpen\Sistemas_embebidos\BaseProject\workspace\Debug\wdt.o
 .debug_info    0x0000361c      0xf6c C:\WinOpen\Sistemas_embebidos\BaseProject\workspace\Debug\pio_it.o
 .debug_info    0x00004588      0x266 C:\WinOpen\Sistemas_embebidos\BaseProject\workspace\Debug\fpu.o
 .debug_info    0x000047ee      0x4cc C:\WinOpen\Sistemas_embebidos\BaseProject\workspace\Debug\syscalls.o
 .debug_info    0x00004cba      0x515 C:\WinOpen\Sistemas_embebidos\BaseProject\workspace\Debug\system_sam.o
 .debug_info    0x000051cf      0xdca C:\WinOpen\Sistemas_embebidos\BaseProject\workspace\Debug\timetick.o
 .debug_info    0x00005f99      0x2d2 C:\WinOpen\Sistemas_embebidos\BaseProject\workspace\Debug\app_scheduler.o
 .debug_info    0x0000626b      0x120 C:\WinOpen\Sistemas_embebidos\BaseProject\workspace\Debug\Tasks.o
 .debug_info    0x0000638b      0x6f3 C:\WinOpen\Sistemas_embebidos\BaseProject\workspace\Debug\led.o
 .debug_info    0x00006a7e      0x794 C:\WinOpen\Sistemas_embebidos\BaseProject\workspace\Debug\main.o
 .debug_info    0x00007212      0x9c8 C:\WinOpen\Sistemas_embebidos\BaseProject\workspace\Debug\startup_sam.o

.debug_abbrev   0x00000000     0x192f
 .debug_abbrev  0x00000000      0x26e C:\WinOpen\Sistemas_embebidos\BaseProject\workspace\Debug\dbg_console.o
 .debug_abbrev  0x0000026e      0x12f C:\WinOpen\Sistemas_embebidos\BaseProject\workspace\Debug\board_lowlevel.o
 .debug_abbrev  0x0000039d      0x152 C:\WinOpen\Sistemas_embebidos\BaseProject\workspace\Debug\exceptions.o
 .debug_abbrev  0x000004ef      0x19d C:\WinOpen\Sistemas_embebidos\BaseProject\workspace\Debug\pio.o
 .debug_abbrev  0x0000068c      0x144 C:\WinOpen\Sistemas_embebidos\BaseProject\workspace\Debug\mpu.o
 .debug_abbrev  0x000007d0      0x1ce C:\WinOpen\Sistemas_embebidos\BaseProject\workspace\Debug\pmc.o
 .debug_abbrev  0x0000099e       0xdf C:\WinOpen\Sistemas_embebidos\BaseProject\workspace\Debug\wdt.o
 .debug_abbrev  0x00000a7d      0x22b C:\WinOpen\Sistemas_embebidos\BaseProject\workspace\Debug\pio_it.o
 .debug_abbrev  0x00000ca8      0x146 C:\WinOpen\Sistemas_embebidos\BaseProject\workspace\Debug\fpu.o
 .debug_abbrev  0x00000dee      0x15e C:\WinOpen\Sistemas_embebidos\BaseProject\workspace\Debug\syscalls.o
 .debug_abbrev  0x00000f4c      0x127 C:\WinOpen\Sistemas_embebidos\BaseProject\workspace\Debug\system_sam.o
 .debug_abbrev  0x00001073      0x23e C:\WinOpen\Sistemas_embebidos\BaseProject\workspace\Debug\timetick.o
 .debug_abbrev  0x000012b1      0x132 C:\WinOpen\Sistemas_embebidos\BaseProject\workspace\Debug\app_scheduler.o
 .debug_abbrev  0x000013e3       0xa2 C:\WinOpen\Sistemas_embebidos\BaseProject\workspace\Debug\Tasks.o
 .debug_abbrev  0x00001485      0x113 C:\WinOpen\Sistemas_embebidos\BaseProject\workspace\Debug\led.o
 .debug_abbrev  0x00001598      0x1f7 C:\WinOpen\Sistemas_embebidos\BaseProject\workspace\Debug\main.o
 .debug_abbrev  0x0000178f      0x1a0 C:\WinOpen\Sistemas_embebidos\BaseProject\workspace\Debug\startup_sam.o

.debug_aranges  0x00000000      0x220
 .debug_aranges
                0x00000000       0x20 C:\WinOpen\Sistemas_embebidos\BaseProject\workspace\Debug\dbg_console.o
 .debug_aranges
                0x00000020       0x20 C:\WinOpen\Sistemas_embebidos\BaseProject\workspace\Debug\board_lowlevel.o
 .debug_aranges
                0x00000040       0x20 C:\WinOpen\Sistemas_embebidos\BaseProject\workspace\Debug\exceptions.o
 .debug_aranges
                0x00000060       0x20 C:\WinOpen\Sistemas_embebidos\BaseProject\workspace\Debug\pio.o
 .debug_aranges
                0x00000080       0x20 C:\WinOpen\Sistemas_embebidos\BaseProject\workspace\Debug\mpu.o
 .debug_aranges
                0x000000a0       0x20 C:\WinOpen\Sistemas_embebidos\BaseProject\workspace\Debug\pmc.o
 .debug_aranges
                0x000000c0       0x20 C:\WinOpen\Sistemas_embebidos\BaseProject\workspace\Debug\wdt.o
 .debug_aranges
                0x000000e0       0x20 C:\WinOpen\Sistemas_embebidos\BaseProject\workspace\Debug\pio_it.o
 .debug_aranges
                0x00000100       0x20 C:\WinOpen\Sistemas_embebidos\BaseProject\workspace\Debug\fpu.o
 .debug_aranges
                0x00000120       0x20 C:\WinOpen\Sistemas_embebidos\BaseProject\workspace\Debug\syscalls.o
 .debug_aranges
                0x00000140       0x20 C:\WinOpen\Sistemas_embebidos\BaseProject\workspace\Debug\system_sam.o
 .debug_aranges
                0x00000160       0x20 C:\WinOpen\Sistemas_embebidos\BaseProject\workspace\Debug\timetick.o
 .debug_aranges
                0x00000180       0x20 C:\WinOpen\Sistemas_embebidos\BaseProject\workspace\Debug\app_scheduler.o
 .debug_aranges
                0x000001a0       0x20 C:\WinOpen\Sistemas_embebidos\BaseProject\workspace\Debug\Tasks.o
 .debug_aranges
                0x000001c0       0x20 C:\WinOpen\Sistemas_embebidos\BaseProject\workspace\Debug\led.o
 .debug_aranges
                0x000001e0       0x20 C:\WinOpen\Sistemas_embebidos\BaseProject\workspace\Debug\main.o
 .debug_aranges
                0x00000200       0x20 C:\WinOpen\Sistemas_embebidos\BaseProject\workspace\Debug\startup_sam.o

.debug_macro    0x00000000    0x1cc1c
 .debug_macro   0x00000000      0x737 C:\WinOpen\Sistemas_embebidos\BaseProject\workspace\Debug\dbg_console.o
 .debug_macro   0x00000737      0x86e C:\WinOpen\Sistemas_embebidos\BaseProject\workspace\Debug\dbg_console.o
 .debug_macro   0x00000fa5       0x22 C:\WinOpen\Sistemas_embebidos\BaseProject\workspace\Debug\dbg_console.o
 .debug_macro   0x00000fc7       0x44 C:\WinOpen\Sistemas_embebidos\BaseProject\workspace\Debug\dbg_console.o
 .debug_macro   0x0000100b       0xe3 C:\WinOpen\Sistemas_embebidos\BaseProject\workspace\Debug\dbg_console.o
 .debug_macro   0x000010ee       0x22 C:\WinOpen\Sistemas_embebidos\BaseProject\workspace\Debug\dbg_console.o
 .debug_macro   0x00001110      0x1df C:\WinOpen\Sistemas_embebidos\BaseProject\workspace\Debug\dbg_console.o
 .debug_macro   0x000012ef       0x4a C:\WinOpen\Sistemas_embebidos\BaseProject\workspace\Debug\dbg_console.o
 .debug_macro   0x00001339       0x3b C:\WinOpen\Sistemas_embebidos\BaseProject\workspace\Debug\dbg_console.o
 .debug_macro   0x00001374       0x18 C:\WinOpen\Sistemas_embebidos\BaseProject\workspace\Debug\dbg_console.o
 .debug_macro   0x0000138c       0x26 C:\WinOpen\Sistemas_embebidos\BaseProject\workspace\Debug\dbg_console.o
 .debug_macro   0x000013b2      0xf9a C:\WinOpen\Sistemas_embebidos\BaseProject\workspace\Debug\dbg_console.o
 .debug_macro   0x0000234c      0x16c C:\WinOpen\Sistemas_embebidos\BaseProject\workspace\Debug\dbg_console.o
 .debug_macro   0x000024b8      0x24a C:\WinOpen\Sistemas_embebidos\BaseProject\workspace\Debug\dbg_console.o
 .debug_macro   0x00002702      0xa00 C:\WinOpen\Sistemas_embebidos\BaseProject\workspace\Debug\dbg_console.o
 .debug_macro   0x00003102      0x1b4 C:\WinOpen\Sistemas_embebidos\BaseProject\workspace\Debug\dbg_console.o
 .debug_macro   0x000032b6      0x328 C:\WinOpen\Sistemas_embebidos\BaseProject\workspace\Debug\dbg_console.o
 .debug_macro   0x000035de      0x15a C:\WinOpen\Sistemas_embebidos\BaseProject\workspace\Debug\dbg_console.o
 .debug_macro   0x00003738      0xe71 C:\WinOpen\Sistemas_embebidos\BaseProject\workspace\Debug\dbg_console.o
 .debug_macro   0x000045a9       0x1c C:\WinOpen\Sistemas_embebidos\BaseProject\workspace\Debug\dbg_console.o
 .debug_macro   0x000045c5      0x67f C:\WinOpen\Sistemas_embebidos\BaseProject\workspace\Debug\dbg_console.o
 .debug_macro   0x00004c44      0x310 C:\WinOpen\Sistemas_embebidos\BaseProject\workspace\Debug\dbg_console.o
 .debug_macro   0x00004f54      0x4c7 C:\WinOpen\Sistemas_embebidos\BaseProject\workspace\Debug\dbg_console.o
 .debug_macro   0x0000541b      0x26e C:\WinOpen\Sistemas_embebidos\BaseProject\workspace\Debug\dbg_console.o
 .debug_macro   0x00005689     0x1324 C:\WinOpen\Sistemas_embebidos\BaseProject\workspace\Debug\dbg_console.o
 .debug_macro   0x000069ad      0x280 C:\WinOpen\Sistemas_embebidos\BaseProject\workspace\Debug\dbg_console.o
 .debug_macro   0x00006c2d     0x2ba3 C:\WinOpen\Sistemas_embebidos\BaseProject\workspace\Debug\dbg_console.o
 .debug_macro   0x000097d0     0x101d C:\WinOpen\Sistemas_embebidos\BaseProject\workspace\Debug\dbg_console.o
 .debug_macro   0x0000a7ed      0xe01 C:\WinOpen\Sistemas_embebidos\BaseProject\workspace\Debug\dbg_console.o
 .debug_macro   0x0000b5ee      0x3a4 C:\WinOpen\Sistemas_embebidos\BaseProject\workspace\Debug\dbg_console.o
 .debug_macro   0x0000b992       0xa0 C:\WinOpen\Sistemas_embebidos\BaseProject\workspace\Debug\dbg_console.o
 .debug_macro   0x0000ba32       0x76 C:\WinOpen\Sistemas_embebidos\BaseProject\workspace\Debug\dbg_console.o
 .debug_macro   0x0000baa8      0x3fb C:\WinOpen\Sistemas_embebidos\BaseProject\workspace\Debug\dbg_console.o
 .debug_macro   0x0000bea3       0x64 C:\WinOpen\Sistemas_embebidos\BaseProject\workspace\Debug\dbg_console.o
 .debug_macro   0x0000bf07      0x276 C:\WinOpen\Sistemas_embebidos\BaseProject\workspace\Debug\dbg_console.o
 .debug_macro   0x0000c17d      0x1c4 C:\WinOpen\Sistemas_embebidos\BaseProject\workspace\Debug\dbg_console.o
 .debug_macro   0x0000c341      0x23b C:\WinOpen\Sistemas_embebidos\BaseProject\workspace\Debug\dbg_console.o
 .debug_macro   0x0000c57c      0x516 C:\WinOpen\Sistemas_embebidos\BaseProject\workspace\Debug\dbg_console.o
 .debug_macro   0x0000ca92      0x62d C:\WinOpen\Sistemas_embebidos\BaseProject\workspace\Debug\dbg_console.o
 .debug_macro   0x0000d0bf      0x6a9 C:\WinOpen\Sistemas_embebidos\BaseProject\workspace\Debug\dbg_console.o
 .debug_macro   0x0000d768       0x4c C:\WinOpen\Sistemas_embebidos\BaseProject\workspace\Debug\dbg_console.o
 .debug_macro   0x0000d7b4      0x45a C:\WinOpen\Sistemas_embebidos\BaseProject\workspace\Debug\dbg_console.o
 .debug_macro   0x0000dc0e      0x1fb C:\WinOpen\Sistemas_embebidos\BaseProject\workspace\Debug\dbg_console.o
 .debug_macro   0x0000de09      0x87d C:\WinOpen\Sistemas_embebidos\BaseProject\workspace\Debug\dbg_console.o
 .debug_macro   0x0000e686     0x1547 C:\WinOpen\Sistemas_embebidos\BaseProject\workspace\Debug\dbg_console.o
 .debug_macro   0x0000fbcd       0x40 C:\WinOpen\Sistemas_embebidos\BaseProject\workspace\Debug\dbg_console.o
 .debug_macro   0x0000fc0d       0x76 C:\WinOpen\Sistemas_embebidos\BaseProject\workspace\Debug\dbg_console.o
 .debug_macro   0x0000fc83      0xda0 C:\WinOpen\Sistemas_embebidos\BaseProject\workspace\Debug\dbg_console.o
 .debug_macro   0x00010a23       0x82 C:\WinOpen\Sistemas_embebidos\BaseProject\workspace\Debug\dbg_console.o
 .debug_macro   0x00010aa5       0x76 C:\WinOpen\Sistemas_embebidos\BaseProject\workspace\Debug\dbg_console.o
 .debug_macro   0x00010b1b       0x4c C:\WinOpen\Sistemas_embebidos\BaseProject\workspace\Debug\dbg_console.o
 .debug_macro   0x00010b67      0x126 C:\WinOpen\Sistemas_embebidos\BaseProject\workspace\Debug\dbg_console.o
 .debug_macro   0x00010c8d      0x126 C:\WinOpen\Sistemas_embebidos\BaseProject\workspace\Debug\dbg_console.o
 .debug_macro   0x00010db3      0x126 C:\WinOpen\Sistemas_embebidos\BaseProject\workspace\Debug\dbg_console.o
 .debug_macro   0x00010ed9       0x6a C:\WinOpen\Sistemas_embebidos\BaseProject\workspace\Debug\dbg_console.o
 .debug_macro   0x00010f43       0x6a C:\WinOpen\Sistemas_embebidos\BaseProject\workspace\Debug\dbg_console.o
 .debug_macro   0x00010fad      0x313 C:\WinOpen\Sistemas_embebidos\BaseProject\workspace\Debug\dbg_console.o
 .debug_macro   0x000112c0       0xb2 C:\WinOpen\Sistemas_embebidos\BaseProject\workspace\Debug\dbg_console.o
 .debug_macro   0x00011372       0xb2 C:\WinOpen\Sistemas_embebidos\BaseProject\workspace\Debug\dbg_console.o
 .debug_macro   0x00011424       0xb2 C:\WinOpen\Sistemas_embebidos\BaseProject\workspace\Debug\dbg_console.o
 .debug_macro   0x000114d6      0x112 C:\WinOpen\Sistemas_embebidos\BaseProject\workspace\Debug\dbg_console.o
 .debug_macro   0x000115e8      0x112 C:\WinOpen\Sistemas_embebidos\BaseProject\workspace\Debug\dbg_console.o
 .debug_macro   0x000116fa      0x2cd C:\WinOpen\Sistemas_embebidos\BaseProject\workspace\Debug\dbg_console.o
 .debug_macro   0x000119c7       0xb8 C:\WinOpen\Sistemas_embebidos\BaseProject\workspace\Debug\dbg_console.o
 .debug_macro   0x00011a7f       0x5e C:\WinOpen\Sistemas_embebidos\BaseProject\workspace\Debug\dbg_console.o
 .debug_macro   0x00011add       0x40 C:\WinOpen\Sistemas_embebidos\BaseProject\workspace\Debug\dbg_console.o
 .debug_macro   0x00011b1d       0x4c C:\WinOpen\Sistemas_embebidos\BaseProject\workspace\Debug\dbg_console.o
 .debug_macro   0x00011b69       0xa0 C:\WinOpen\Sistemas_embebidos\BaseProject\workspace\Debug\dbg_console.o
 .debug_macro   0x00011c09      0x494 C:\WinOpen\Sistemas_embebidos\BaseProject\workspace\Debug\dbg_console.o
 .debug_macro   0x0001209d      0x126 C:\WinOpen\Sistemas_embebidos\BaseProject\workspace\Debug\dbg_console.o
 .debug_macro   0x000121c3       0x4c C:\WinOpen\Sistemas_embebidos\BaseProject\workspace\Debug\dbg_console.o
 .debug_macro   0x0001220f      0x313 C:\WinOpen\Sistemas_embebidos\BaseProject\workspace\Debug\dbg_console.o
 .debug_macro   0x00012522       0x6a C:\WinOpen\Sistemas_embebidos\BaseProject\workspace\Debug\dbg_console.o
 .debug_macro   0x0001258c       0xb8 C:\WinOpen\Sistemas_embebidos\BaseProject\workspace\Debug\dbg_console.o
 .debug_macro   0x00012644       0x76 C:\WinOpen\Sistemas_embebidos\BaseProject\workspace\Debug\dbg_console.o
 .debug_macro   0x000126ba       0x6a C:\WinOpen\Sistemas_embebidos\BaseProject\workspace\Debug\dbg_console.o
 .debug_macro   0x00012724       0x2e C:\WinOpen\Sistemas_embebidos\BaseProject\workspace\Debug\dbg_console.o
 .debug_macro   0x00012752      0x9b1 C:\WinOpen\Sistemas_embebidos\BaseProject\workspace\Debug\dbg_console.o
 .debug_macro   0x00013103       0x6a C:\WinOpen\Sistemas_embebidos\BaseProject\workspace\Debug\dbg_console.o
 .debug_macro   0x0001316d       0x88 C:\WinOpen\Sistemas_embebidos\BaseProject\workspace\Debug\dbg_console.o
 .debug_macro   0x000131f5       0x58 C:\WinOpen\Sistemas_embebidos\BaseProject\workspace\Debug\dbg_console.o
 .debug_macro   0x0001324d       0xa6 C:\WinOpen\Sistemas_embebidos\BaseProject\workspace\Debug\dbg_console.o
 .debug_macro   0x000132f3       0x16 C:\WinOpen\Sistemas_embebidos\BaseProject\workspace\Debug\dbg_console.o
 .debug_macro   0x00013309       0xe2 C:\WinOpen\Sistemas_embebidos\BaseProject\workspace\Debug\dbg_console.o
 .debug_macro   0x000133eb       0x4c C:\WinOpen\Sistemas_embebidos\BaseProject\workspace\Debug\dbg_console.o
 .debug_macro   0x00013437       0x16 C:\WinOpen\Sistemas_embebidos\BaseProject\workspace\Debug\dbg_console.o
 .debug_macro   0x0001344d       0x4c C:\WinOpen\Sistemas_embebidos\BaseProject\workspace\Debug\dbg_console.o
 .debug_macro   0x00013499       0x2e C:\WinOpen\Sistemas_embebidos\BaseProject\workspace\Debug\dbg_console.o
 .debug_macro   0x000134c7      0x19e C:\WinOpen\Sistemas_embebidos\BaseProject\workspace\Debug\dbg_console.o
 .debug_macro   0x00013665      0x19e C:\WinOpen\Sistemas_embebidos\BaseProject\workspace\Debug\dbg_console.o
 .debug_macro   0x00013803      0x19e C:\WinOpen\Sistemas_embebidos\BaseProject\workspace\Debug\dbg_console.o
 .debug_macro   0x000139a1      0x19e C:\WinOpen\Sistemas_embebidos\BaseProject\workspace\Debug\dbg_console.o
 .debug_macro   0x00013b3f      0x19e C:\WinOpen\Sistemas_embebidos\BaseProject\workspace\Debug\dbg_console.o
 .debug_macro   0x00013cdd       0x1c C:\WinOpen\Sistemas_embebidos\BaseProject\workspace\Debug\dbg_console.o
 .debug_macro   0x00013cf9       0x2e C:\WinOpen\Sistemas_embebidos\BaseProject\workspace\Debug\dbg_console.o
 .debug_macro   0x00013d27       0x22 C:\WinOpen\Sistemas_embebidos\BaseProject\workspace\Debug\dbg_console.o
 .debug_macro   0x00013d49       0x1c C:\WinOpen\Sistemas_embebidos\BaseProject\workspace\Debug\dbg_console.o
 .debug_macro   0x00013d65       0x52 C:\WinOpen\Sistemas_embebidos\BaseProject\workspace\Debug\dbg_console.o
 .debug_macro   0x00013db7       0x10 C:\WinOpen\Sistemas_embebidos\BaseProject\workspace\Debug\dbg_console.o
 .debug_macro   0x00013dc7       0x1c C:\WinOpen\Sistemas_embebidos\BaseProject\workspace\Debug\dbg_console.o
 .debug_macro   0x00013de3       0x4c C:\WinOpen\Sistemas_embebidos\BaseProject\workspace\Debug\dbg_console.o
 .debug_macro   0x00013e2f       0x4c C:\WinOpen\Sistemas_embebidos\BaseProject\workspace\Debug\dbg_console.o
 .debug_macro   0x00013e7b       0x4c C:\WinOpen\Sistemas_embebidos\BaseProject\workspace\Debug\dbg_console.o
 .debug_macro   0x00013ec7      0x329 C:\WinOpen\Sistemas_embebidos\BaseProject\workspace\Debug\dbg_console.o
 .debug_macro   0x000141f0     0x1028 C:\WinOpen\Sistemas_embebidos\BaseProject\workspace\Debug\dbg_console.o
 .debug_macro   0x00015218      0x107 C:\WinOpen\Sistemas_embebidos\BaseProject\workspace\Debug\dbg_console.o
 .debug_macro   0x0001531f      0x166 C:\WinOpen\Sistemas_embebidos\BaseProject\workspace\Debug\dbg_console.o
 .debug_macro   0x00015485       0x58 C:\WinOpen\Sistemas_embebidos\BaseProject\workspace\Debug\dbg_console.o
 .debug_macro   0x000154dd       0x35 C:\WinOpen\Sistemas_embebidos\BaseProject\workspace\Debug\dbg_console.o
 .debug_macro   0x00015512       0x9c C:\WinOpen\Sistemas_embebidos\BaseProject\workspace\Debug\dbg_console.o
 .debug_macro   0x000155ae       0x16 C:\WinOpen\Sistemas_embebidos\BaseProject\workspace\Debug\dbg_console.o
 .debug_macro   0x000155c4       0x35 C:\WinOpen\Sistemas_embebidos\BaseProject\workspace\Debug\dbg_console.o
 .debug_macro   0x000155f9       0x52 C:\WinOpen\Sistemas_embebidos\BaseProject\workspace\Debug\dbg_console.o
 .debug_macro   0x0001564b       0x16 C:\WinOpen\Sistemas_embebidos\BaseProject\workspace\Debug\dbg_console.o
 .debug_macro   0x00015661       0x43 C:\WinOpen\Sistemas_embebidos\BaseProject\workspace\Debug\dbg_console.o
 .debug_macro   0x000156a4      0x180 C:\WinOpen\Sistemas_embebidos\BaseProject\workspace\Debug\dbg_console.o
 .debug_macro   0x00015824      0x29d C:\WinOpen\Sistemas_embebidos\BaseProject\workspace\Debug\dbg_console.o
 .debug_macro   0x00015ac1       0x16 C:\WinOpen\Sistemas_embebidos\BaseProject\workspace\Debug\dbg_console.o
 .debug_macro   0x00015ad7       0x29 C:\WinOpen\Sistemas_embebidos\BaseProject\workspace\Debug\dbg_console.o
 .debug_macro   0x00015b00       0x22 C:\WinOpen\Sistemas_embebidos\BaseProject\workspace\Debug\dbg_console.o
 .debug_macro   0x00015b22      0x159 C:\WinOpen\Sistemas_embebidos\BaseProject\workspace\Debug\dbg_console.o
 .debug_macro   0x00015c7b       0x5e C:\WinOpen\Sistemas_embebidos\BaseProject\workspace\Debug\dbg_console.o
 .debug_macro   0x00015cd9       0x91 C:\WinOpen\Sistemas_embebidos\BaseProject\workspace\Debug\dbg_console.o
 .debug_macro   0x00015d6a      0x19e C:\WinOpen\Sistemas_embebidos\BaseProject\workspace\Debug\dbg_console.o
 .debug_macro   0x00015f08       0x3a C:\WinOpen\Sistemas_embebidos\BaseProject\workspace\Debug\dbg_console.o
 .debug_macro   0x00015f42       0x52 C:\WinOpen\Sistemas_embebidos\BaseProject\workspace\Debug\dbg_console.o
 .debug_macro   0x00015f94       0x1c C:\WinOpen\Sistemas_embebidos\BaseProject\workspace\Debug\dbg_console.o
 .debug_macro   0x00015fb0       0x10 C:\WinOpen\Sistemas_embebidos\BaseProject\workspace\Debug\dbg_console.o
 .debug_macro   0x00015fc0       0x10 C:\WinOpen\Sistemas_embebidos\BaseProject\workspace\Debug\dbg_console.o
 .debug_macro   0x00015fd0       0x22 C:\WinOpen\Sistemas_embebidos\BaseProject\workspace\Debug\dbg_console.o
 .debug_macro   0x00015ff2       0xbe C:\WinOpen\Sistemas_embebidos\BaseProject\workspace\Debug\dbg_console.o
 .debug_macro   0x000160b0       0x16 C:\WinOpen\Sistemas_embebidos\BaseProject\workspace\Debug\dbg_console.o
 .debug_macro   0x000160c6      0x197 C:\WinOpen\Sistemas_embebidos\BaseProject\workspace\Debug\dbg_console.o
 .debug_macro   0x0001625d       0x93 C:\WinOpen\Sistemas_embebidos\BaseProject\workspace\Debug\dbg_console.o
 .debug_macro   0x000162f0       0x2e C:\WinOpen\Sistemas_embebidos\BaseProject\workspace\Debug\dbg_console.o
 .debug_macro   0x0001631e       0x2e C:\WinOpen\Sistemas_embebidos\BaseProject\workspace\Debug\dbg_console.o
 .debug_macro   0x0001634c       0x16 C:\WinOpen\Sistemas_embebidos\BaseProject\workspace\Debug\dbg_console.o
 .debug_macro   0x00016362       0x76 C:\WinOpen\Sistemas_embebidos\BaseProject\workspace\Debug\dbg_console.o
 .debug_macro   0x000163d8       0x10 C:\WinOpen\Sistemas_embebidos\BaseProject\workspace\Debug\dbg_console.o
 .debug_macro   0x000163e8       0x52 C:\WinOpen\Sistemas_embebidos\BaseProject\workspace\Debug\dbg_console.o
 .debug_macro   0x0001643a       0x16 C:\WinOpen\Sistemas_embebidos\BaseProject\workspace\Debug\dbg_console.o
 .debug_macro   0x00016450       0x10 C:\WinOpen\Sistemas_embebidos\BaseProject\workspace\Debug\dbg_console.o
 .debug_macro   0x00016460       0x10 C:\WinOpen\Sistemas_embebidos\BaseProject\workspace\Debug\dbg_console.o
 .debug_macro   0x00016470       0x10 C:\WinOpen\Sistemas_embebidos\BaseProject\workspace\Debug\dbg_console.o
 .debug_macro   0x00016480       0x35 C:\WinOpen\Sistemas_embebidos\BaseProject\workspace\Debug\dbg_console.o
 .debug_macro   0x000164b5      0x122 C:\WinOpen\Sistemas_embebidos\BaseProject\workspace\Debug\dbg_console.o
 .debug_macro   0x000165d7      0x452 C:\WinOpen\Sistemas_embebidos\BaseProject\workspace\Debug\dbg_console.o
 .debug_macro   0x00016a29      0x701 C:\WinOpen\Sistemas_embebidos\BaseProject\workspace\Debug\board_lowlevel.o
 .debug_macro   0x0001712a      0x664 C:\WinOpen\Sistemas_embebidos\BaseProject\workspace\Debug\exceptions.o
 .debug_macro   0x0001778e      0x664 C:\WinOpen\Sistemas_embebidos\BaseProject\workspace\Debug\pio.o
 .debug_macro   0x00017df2      0x664 C:\WinOpen\Sistemas_embebidos\BaseProject\workspace\Debug\mpu.o
 .debug_macro   0x00018456      0x67a C:\WinOpen\Sistemas_embebidos\BaseProject\workspace\Debug\pmc.o
 .debug_macro   0x00018ad0       0x10 C:\WinOpen\Sistemas_embebidos\BaseProject\workspace\Debug\pmc.o
 .debug_macro   0x00018ae0      0x664 C:\WinOpen\Sistemas_embebidos\BaseProject\workspace\Debug\wdt.o
 .debug_macro   0x00019144      0x674 C:\WinOpen\Sistemas_embebidos\BaseProject\workspace\Debug\pio_it.o
 .debug_macro   0x000197b8      0x539 C:\WinOpen\Sistemas_embebidos\BaseProject\workspace\Debug\fpu.o
 .debug_macro   0x00019cf1      0x71f C:\WinOpen\Sistemas_embebidos\BaseProject\workspace\Debug\syscalls.o
 .debug_macro   0x0001a410       0x10 C:\WinOpen\Sistemas_embebidos\BaseProject\workspace\Debug\syscalls.o
 .debug_macro   0x0001a420      0x241 C:\WinOpen\Sistemas_embebidos\BaseProject\workspace\Debug\syscalls.o
 .debug_macro   0x0001a661      0x460 C:\WinOpen\Sistemas_embebidos\BaseProject\workspace\Debug\system_sam.o
 .debug_macro   0x0001aac1      0x711 C:\WinOpen\Sistemas_embebidos\BaseProject\workspace\Debug\timetick.o
 .debug_macro   0x0001b1d2      0x66e C:\WinOpen\Sistemas_embebidos\BaseProject\workspace\Debug\app_scheduler.o
 .debug_macro   0x0001b840       0x58 C:\WinOpen\Sistemas_embebidos\BaseProject\workspace\Debug\app_scheduler.o
 .debug_macro   0x0001b898       0x50 C:\WinOpen\Sistemas_embebidos\BaseProject\workspace\Debug\app_scheduler.o
 .debug_macro   0x0001b8e8       0x68 C:\WinOpen\Sistemas_embebidos\BaseProject\workspace\Debug\Tasks.o
 .debug_macro   0x0001b950      0x701 C:\WinOpen\Sistemas_embebidos\BaseProject\workspace\Debug\led.o
 .debug_macro   0x0001c051      0x725 C:\WinOpen\Sistemas_embebidos\BaseProject\workspace\Debug\main.o
 .debug_macro   0x0001c776       0x5e C:\WinOpen\Sistemas_embebidos\BaseProject\workspace\Debug\main.o
 .debug_macro   0x0001c7d4      0x448 C:\WinOpen\Sistemas_embebidos\BaseProject\workspace\Debug\startup_sam.o

.debug_line     0x00000000    0x1129c
 .debug_line    0x00000000     0x1428 C:\WinOpen\Sistemas_embebidos\BaseProject\workspace\Debug\dbg_console.o
 .debug_line    0x00001428     0x12e6 C:\WinOpen\Sistemas_embebidos\BaseProject\workspace\Debug\board_lowlevel.o
 .debug_line    0x0000270e     0x1115 C:\WinOpen\Sistemas_embebidos\BaseProject\workspace\Debug\exceptions.o
 .debug_line    0x00003823     0x1160 C:\WinOpen\Sistemas_embebidos\BaseProject\workspace\Debug\pio.o
 .debug_line    0x00004983     0x10e7 C:\WinOpen\Sistemas_embebidos\BaseProject\workspace\Debug\mpu.o
 .debug_line    0x00005a6a     0x1261 C:\WinOpen\Sistemas_embebidos\BaseProject\workspace\Debug\pmc.o
 .debug_line    0x00006ccb     0x10ba C:\WinOpen\Sistemas_embebidos\BaseProject\workspace\Debug\wdt.o
 .debug_line    0x00007d85     0x115f C:\WinOpen\Sistemas_embebidos\BaseProject\workspace\Debug\pio_it.o
 .debug_line    0x00008ee4      0xcad C:\WinOpen\Sistemas_embebidos\BaseProject\workspace\Debug\fpu.o
 .debug_line    0x00009b91     0x12d9 C:\WinOpen\Sistemas_embebidos\BaseProject\workspace\Debug\syscalls.o
 .debug_line    0x0000ae6a      0xc39 C:\WinOpen\Sistemas_embebidos\BaseProject\workspace\Debug\system_sam.o
 .debug_line    0x0000baa3     0x12ba C:\WinOpen\Sistemas_embebidos\BaseProject\workspace\Debug\timetick.o
 .debug_line    0x0000cd5d     0x117b C:\WinOpen\Sistemas_embebidos\BaseProject\workspace\Debug\app_scheduler.o
 .debug_line    0x0000ded8      0x231 C:\WinOpen\Sistemas_embebidos\BaseProject\workspace\Debug\Tasks.o
 .debug_line    0x0000e109     0x1245 C:\WinOpen\Sistemas_embebidos\BaseProject\workspace\Debug\led.o
 .debug_line    0x0000f34e     0x13a8 C:\WinOpen\Sistemas_embebidos\BaseProject\workspace\Debug\main.o
 .debug_line    0x000106f6      0xba6 C:\WinOpen\Sistemas_embebidos\BaseProject\workspace\Debug\startup_sam.o

.debug_str      0x00000000    0x7964e
 .debug_str     0x00000000    0x76e85 C:\WinOpen\Sistemas_embebidos\BaseProject\workspace\Debug\dbg_console.o
                              0x77461 (size before relaxing)
 .debug_str     0x00076e85      0x20d C:\WinOpen\Sistemas_embebidos\BaseProject\workspace\Debug\board_lowlevel.o
                              0x76b2b (size before relaxing)
 .debug_str     0x00077092       0xb2 C:\WinOpen\Sistemas_embebidos\BaseProject\workspace\Debug\exceptions.o
                              0x73c1e (size before relaxing)
 .debug_str     0x00077144      0x1e0 C:\WinOpen\Sistemas_embebidos\BaseProject\workspace\Debug\pio.o
                              0x73eaf (size before relaxing)
 .debug_str     0x00077324      0x194 C:\WinOpen\Sistemas_embebidos\BaseProject\workspace\Debug\mpu.o
                              0x73b69 (size before relaxing)
 .debug_str     0x000774b8      0x45d C:\WinOpen\Sistemas_embebidos\BaseProject\workspace\Debug\pmc.o
                              0x73e65 (size before relaxing)
 .debug_str     0x00077915       0xe2 C:\WinOpen\Sistemas_embebidos\BaseProject\workspace\Debug\wdt.o
                              0x73a92 (size before relaxing)
 .debug_str     0x000779f7      0x49f C:\WinOpen\Sistemas_embebidos\BaseProject\workspace\Debug\pio_it.o
                              0x74366 (size before relaxing)
 .debug_str     0x00077e96       0xef C:\WinOpen\Sistemas_embebidos\BaseProject\workspace\Debug\fpu.o
                              0x70df1 (size before relaxing)
 .debug_str     0x00077f85      0x5e7 C:\WinOpen\Sistemas_embebidos\BaseProject\workspace\Debug\syscalls.o
                              0x76f4e (size before relaxing)
 .debug_str     0x0007856c      0x252 C:\WinOpen\Sistemas_embebidos\BaseProject\workspace\Debug\system_sam.o
                              0x6e235 (size before relaxing)
 .debug_str     0x000787be      0x223 C:\WinOpen\Sistemas_embebidos\BaseProject\workspace\Debug\timetick.o
                              0x7719d (size before relaxing)
 .debug_str     0x000789e1      0x385 C:\WinOpen\Sistemas_embebidos\BaseProject\workspace\Debug\app_scheduler.o
                              0x73d42 (size before relaxing)
 .debug_str     0x00078d66       0xd1 C:\WinOpen\Sistemas_embebidos\BaseProject\workspace\Debug\Tasks.o
                               0x3176 (size before relaxing)
 .debug_str     0x00078e37       0xbe C:\WinOpen\Sistemas_embebidos\BaseProject\workspace\Debug\led.o
                              0x76c87 (size before relaxing)
 .debug_str     0x00078ef5      0x14c C:\WinOpen\Sistemas_embebidos\BaseProject\workspace\Debug\main.o
                              0x76d49 (size before relaxing)
 .debug_str     0x00079041      0x60d C:\WinOpen\Sistemas_embebidos\BaseProject\workspace\Debug\startup_sam.o
                              0x6e5fa (size before relaxing)

.comment        0x00000000       0x70
 .comment       0x00000000       0x70 C:\WinOpen\Sistemas_embebidos\BaseProject\workspace\Debug\dbg_console.o
                                 0x71 (size before relaxing)
 .comment       0x00000000       0x71 C:\WinOpen\Sistemas_embebidos\BaseProject\workspace\Debug\board_lowlevel.o
 .comment       0x00000000       0x71 C:\WinOpen\Sistemas_embebidos\BaseProject\workspace\Debug\exceptions.o
 .comment       0x00000000       0x71 C:\WinOpen\Sistemas_embebidos\BaseProject\workspace\Debug\pio.o
 .comment       0x00000000       0x71 C:\WinOpen\Sistemas_embebidos\BaseProject\workspace\Debug\mpu.o
 .comment       0x00000000       0x71 C:\WinOpen\Sistemas_embebidos\BaseProject\workspace\Debug\pmc.o
 .comment       0x00000000       0x71 C:\WinOpen\Sistemas_embebidos\BaseProject\workspace\Debug\wdt.o
 .comment       0x00000000       0x71 C:\WinOpen\Sistemas_embebidos\BaseProject\workspace\Debug\pio_it.o
 .comment       0x00000000       0x71 C:\WinOpen\Sistemas_embebidos\BaseProject\workspace\Debug\fpu.o
 .comment       0x00000000       0x71 C:\WinOpen\Sistemas_embebidos\BaseProject\workspace\Debug\syscalls.o
 .comment       0x00000000       0x71 C:\WinOpen\Sistemas_embebidos\BaseProject\workspace\Debug\system_sam.o
 .comment       0x00000000       0x71 C:\WinOpen\Sistemas_embebidos\BaseProject\workspace\Debug\timetick.o
 .comment       0x00000000       0x71 C:\WinOpen\Sistemas_embebidos\BaseProject\workspace\Debug\app_scheduler.o
 .comment       0x00000000       0x71 C:\WinOpen\Sistemas_embebidos\BaseProject\workspace\Debug\Tasks.o
 .comment       0x00000000       0x71 C:\WinOpen\Sistemas_embebidos\BaseProject\workspace\Debug\led.o
 .comment       0x00000000       0x71 C:\WinOpen\Sistemas_embebidos\BaseProject\workspace\Debug\main.o
 .comment       0x00000000       0x71 C:\WinOpen\Sistemas_embebidos\BaseProject\workspace\Debug\startup_sam.o

.ARM.attributes
                0x00000000       0x35
 .ARM.attributes
                0x00000000       0x37 C:\WinOpen\Sistemas_embebidos\BaseProject\workspace\Debug\dbg_console.o
 .ARM.attributes
                0x00000037       0x37 C:\WinOpen\Sistemas_embebidos\BaseProject\workspace\Debug\board_lowlevel.o
 .ARM.attributes
                0x0000006e       0x37 C:\WinOpen\Sistemas_embebidos\BaseProject\workspace\Debug\exceptions.o
 .ARM.attributes
                0x000000a5       0x37 C:\WinOpen\Sistemas_embebidos\BaseProject\workspace\Debug\pio.o
 .ARM.attributes
                0x000000dc       0x37 C:\WinOpen\Sistemas_embebidos\BaseProject\workspace\Debug\mpu.o
 .ARM.attributes
                0x00000113       0x37 C:\WinOpen\Sistemas_embebidos\BaseProject\workspace\Debug\pmc.o
 .ARM.attributes
                0x0000014a       0x37 C:\WinOpen\Sistemas_embebidos\BaseProject\workspace\Debug\wdt.o
 .ARM.attributes
                0x00000181       0x37 C:\WinOpen\Sistemas_embebidos\BaseProject\workspace\Debug\pio_it.o
 .ARM.attributes
                0x000001b8       0x37 C:\WinOpen\Sistemas_embebidos\BaseProject\workspace\Debug\fpu.o
 .ARM.attributes
                0x000001ef       0x37 C:\WinOpen\Sistemas_embebidos\BaseProject\workspace\Debug\syscalls.o
 .ARM.attributes
                0x00000226       0x37 C:\WinOpen\Sistemas_embebidos\BaseProject\workspace\Debug\system_sam.o
 .ARM.attributes
                0x0000025d       0x37 C:\WinOpen\Sistemas_embebidos\BaseProject\workspace\Debug\timetick.o
 .ARM.attributes
                0x00000294       0x37 C:\WinOpen\Sistemas_embebidos\BaseProject\workspace\Debug\app_scheduler.o
 .ARM.attributes
                0x000002cb       0x37 C:\WinOpen\Sistemas_embebidos\BaseProject\workspace\Debug\Tasks.o
 .ARM.attributes
                0x00000302       0x37 C:\WinOpen\Sistemas_embebidos\BaseProject\workspace\Debug\led.o
 .ARM.attributes
                0x00000339       0x37 C:\WinOpen\Sistemas_embebidos\BaseProject\workspace\Debug\main.o
 .ARM.attributes
                0x00000370       0x37 C:\WinOpen\Sistemas_embebidos\BaseProject\workspace\Debug\startup_sam.o
 .ARM.attributes
                0x000003a7       0x33 c:/isystem/winideaopen9/gcc/arm/bin/../lib/gcc/arm-none-eabi/4.9.3/../../../../arm-none-eabi/lib/cortex-m7\libc.a(lib_a-assert.o)
 .ARM.attributes
                0x000003da       0x33 c:/isystem/winideaopen9/gcc/arm/bin/../lib/gcc/arm-none-eabi/4.9.3/../../../../arm-none-eabi/lib/cortex-m7\libc.a(lib_a-fiprintf.o)
 .ARM.attributes
                0x0000040d       0x33 c:/isystem/winideaopen9/gcc/arm/bin/../lib/gcc/arm-none-eabi/4.9.3/../../../../arm-none-eabi/lib/cortex-m7\libc.a(lib_a-impure.o)
 .ARM.attributes
                0x00000440       0x21 c:/isystem/winideaopen9/gcc/arm/bin/../lib/gcc/arm-none-eabi/4.9.3/../../../../arm-none-eabi/lib/cortex-m7\libc.a(lib_a-memcpy.o)
 .ARM.attributes
                0x00000461       0x33 c:/isystem/winideaopen9/gcc/arm/bin/../lib/gcc/arm-none-eabi/4.9.3/../../../../arm-none-eabi/lib/cortex-m7\libc.a(lib_a-printf.o)
 .ARM.attributes
                0x00000494       0x33 c:/isystem/winideaopen9/gcc/arm/bin/../lib/gcc/arm-none-eabi/4.9.3/../../../../arm-none-eabi/lib/cortex-m7\libc.a(lib_a-putchar.o)
 .ARM.attributes
                0x000004c7       0x33 c:/isystem/winideaopen9/gcc/arm/bin/../lib/gcc/arm-none-eabi/4.9.3/../../../../arm-none-eabi/lib/cortex-m7\libc.a(lib_a-setvbuf.o)
 .ARM.attributes
                0x000004fa       0x33 c:/isystem/winideaopen9/gcc/arm/bin/../lib/gcc/arm-none-eabi/4.9.3/../../../../arm-none-eabi/lib/cortex-m7\libc.a(lib_a-vfiprintf.o)
 .ARM.attributes
                0x0000052d       0x33 c:/isystem/winideaopen9/gcc/arm/bin/../lib/gcc/arm-none-eabi/4.9.3/../../../../arm-none-eabi/lib/cortex-m7\libc.a(lib_a-vfprintf.o)
 .ARM.attributes
                0x00000560       0x33 c:/isystem/winideaopen9/gcc/arm/bin/../lib/gcc/arm-none-eabi/4.9.3/../../../../arm-none-eabi/lib/cortex-m7\libc.a(lib_a-wsetup.o)
 .ARM.attributes
                0x00000593       0x33 c:/isystem/winideaopen9/gcc/arm/bin/../lib/gcc/arm-none-eabi/4.9.3/../../../../arm-none-eabi/lib/cortex-m7\libc.a(lib_a-abort.o)
 .ARM.attributes
                0x000005c6       0x33 c:/isystem/winideaopen9/gcc/arm/bin/../lib/gcc/arm-none-eabi/4.9.3/../../../../arm-none-eabi/lib/cortex-m7\libc.a(lib_a-dtoa.o)
 .ARM.attributes
                0x000005f9       0x33 c:/isystem/winideaopen9/gcc/arm/bin/../lib/gcc/arm-none-eabi/4.9.3/../../../../arm-none-eabi/lib/cortex-m7\libc.a(lib_a-fflush.o)
 .ARM.attributes
                0x0000062c       0x33 c:/isystem/winideaopen9/gcc/arm/bin/../lib/gcc/arm-none-eabi/4.9.3/../../../../arm-none-eabi/lib/cortex-m7\libc.a(lib_a-findfp.o)
 .ARM.attributes
                0x0000065f       0x33 c:/isystem/winideaopen9/gcc/arm/bin/../lib/gcc/arm-none-eabi/4.9.3/../../../../arm-none-eabi/lib/cortex-m7\libc.a(lib_a-fputwc.o)
 .ARM.attributes
                0x00000692       0x33 c:/isystem/winideaopen9/gcc/arm/bin/../lib/gcc/arm-none-eabi/4.9.3/../../../../arm-none-eabi/lib/cortex-m7\libc.a(lib_a-freer.o)
 .ARM.attributes
                0x000006c5       0x33 c:/isystem/winideaopen9/gcc/arm/bin/../lib/gcc/arm-none-eabi/4.9.3/../../../../arm-none-eabi/lib/cortex-m7\libc.a(lib_a-fvwrite.o)
 .ARM.attributes
                0x000006f8       0x33 c:/isystem/winideaopen9/gcc/arm/bin/../lib/gcc/arm-none-eabi/4.9.3/../../../../arm-none-eabi/lib/cortex-m7\libc.a(lib_a-fwalk.o)
 .ARM.attributes
                0x0000072b       0x33 c:/isystem/winideaopen9/gcc/arm/bin/../lib/gcc/arm-none-eabi/4.9.3/../../../../arm-none-eabi/lib/cortex-m7\libc.a(lib_a-locale.o)
 .ARM.attributes
                0x0000075e       0x33 c:/isystem/winideaopen9/gcc/arm/bin/../lib/gcc/arm-none-eabi/4.9.3/../../../../arm-none-eabi/lib/cortex-m7\libc.a(lib_a-makebuf.o)
 .ARM.attributes
                0x00000791       0x33 c:/isystem/winideaopen9/gcc/arm/bin/../lib/gcc/arm-none-eabi/4.9.3/../../../../arm-none-eabi/lib/cortex-m7\libc.a(lib_a-malloc.o)
 .ARM.attributes
                0x000007c4       0x33 c:/isystem/winideaopen9/gcc/arm/bin/../lib/gcc/arm-none-eabi/4.9.3/../../../../arm-none-eabi/lib/cortex-m7\libc.a(lib_a-mallocr.o)
 .ARM.attributes
                0x000007f7       0x33 c:/isystem/winideaopen9/gcc/arm/bin/../lib/gcc/arm-none-eabi/4.9.3/../../../../arm-none-eabi/lib/cortex-m7\libc.a(lib_a-memchr.o)
 .ARM.attributes
                0x0000082a       0x33 c:/isystem/winideaopen9/gcc/arm/bin/../lib/gcc/arm-none-eabi/4.9.3/../../../../arm-none-eabi/lib/cortex-m7\libc.a(lib_a-memmove.o)
 .ARM.attributes
                0x0000085d       0x33 c:/isystem/winideaopen9/gcc/arm/bin/../lib/gcc/arm-none-eabi/4.9.3/../../../../arm-none-eabi/lib/cortex-m7\libc.a(lib_a-memset.o)
 .ARM.attributes
                0x00000890       0x33 c:/isystem/winideaopen9/gcc/arm/bin/../lib/gcc/arm-none-eabi/4.9.3/../../../../arm-none-eabi/lib/cortex-m7\libc.a(lib_a-mlock.o)
 .ARM.attributes
                0x000008c3       0x33 c:/isystem/winideaopen9/gcc/arm/bin/../lib/gcc/arm-none-eabi/4.9.3/../../../../arm-none-eabi/lib/cortex-m7\libc.a(lib_a-mprec.o)
 .ARM.attributes
                0x000008f6       0x33 c:/isystem/winideaopen9/gcc/arm/bin/../lib/gcc/arm-none-eabi/4.9.3/../../../../arm-none-eabi/lib/cortex-m7\libc.a(lib_a-putc.o)
 .ARM.attributes
                0x00000929       0x33 c:/isystem/winideaopen9/gcc/arm/bin/../lib/gcc/arm-none-eabi/4.9.3/../../../../arm-none-eabi/lib/cortex-m7\libc.a(lib_a-reallocr.o)
 .ARM.attributes
                0x0000095c       0x33 c:/isystem/winideaopen9/gcc/arm/bin/../lib/gcc/arm-none-eabi/4.9.3/../../../../arm-none-eabi/lib/cortex-m7\libc.a(lib_a-s_fpclassify.o)
 .ARM.attributes
                0x0000098f       0x33 c:/isystem/winideaopen9/gcc/arm/bin/../lib/gcc/arm-none-eabi/4.9.3/../../../../arm-none-eabi/lib/cortex-m7\libc.a(lib_a-sbrkr.o)
 .ARM.attributes
                0x000009c2       0x33 c:/isystem/winideaopen9/gcc/arm/bin/../lib/gcc/arm-none-eabi/4.9.3/../../../../arm-none-eabi/lib/cortex-m7\libc.a(lib_a-signal.o)
 .ARM.attributes
                0x000009f5       0x33 c:/isystem/winideaopen9/gcc/arm/bin/../lib/gcc/arm-none-eabi/4.9.3/../../../../arm-none-eabi/lib/cortex-m7\libc.a(lib_a-signalr.o)
 .ARM.attributes
                0x00000a28       0x33 c:/isystem/winideaopen9/gcc/arm/bin/../lib/gcc/arm-none-eabi/4.9.3/../../../../arm-none-eabi/lib/cortex-m7\libc.a(lib_a-stdio.o)
 .ARM.attributes
                0x00000a5b       0x33 c:/isystem/winideaopen9/gcc/arm/bin/../lib/gcc/arm-none-eabi/4.9.3/../../../../arm-none-eabi/lib/cortex-m7\libc.a(lib_a-strlen.o)
 .ARM.attributes
                0x00000a8e       0x33 c:/isystem/winideaopen9/gcc/arm/bin/../lib/gcc/arm-none-eabi/4.9.3/../../../../arm-none-eabi/lib/cortex-m7\libc.a(lib_a-wbuf.o)
 .ARM.attributes
                0x00000ac1       0x33 c:/isystem/winideaopen9/gcc/arm/bin/../lib/gcc/arm-none-eabi/4.9.3/../../../../arm-none-eabi/lib/cortex-m7\libc.a(lib_a-wcrtomb.o)
 .ARM.attributes
                0x00000af4       0x33 c:/isystem/winideaopen9/gcc/arm/bin/../lib/gcc/arm-none-eabi/4.9.3/../../../../arm-none-eabi/lib/cortex-m7\libc.a(lib_a-wctomb_r.o)
 .ARM.attributes
                0x00000b27       0x33 c:/isystem/winideaopen9/gcc/arm/bin/../lib/gcc/arm-none-eabi/4.9.3/../../../../arm-none-eabi/lib/cortex-m7\libc.a(lib_a-writer.o)
 .ARM.attributes
                0x00000b5a       0x33 c:/isystem/winideaopen9/gcc/arm/bin/../lib/gcc/arm-none-eabi/4.9.3/../../../../arm-none-eabi/lib/cortex-m7\libc.a(lib_a-callocr.o)
 .ARM.attributes
                0x00000b8d       0x33 c:/isystem/winideaopen9/gcc/arm/bin/../lib/gcc/arm-none-eabi/4.9.3/../../../../arm-none-eabi/lib/cortex-m7\libc.a(lib_a-closer.o)
 .ARM.attributes
                0x00000bc0       0x33 c:/isystem/winideaopen9/gcc/arm/bin/../lib/gcc/arm-none-eabi/4.9.3/../../../../arm-none-eabi/lib/cortex-m7\libc.a(lib_a-fclose.o)
 .ARM.attributes
                0x00000bf3       0x33 c:/isystem/winideaopen9/gcc/arm/bin/../lib/gcc/arm-none-eabi/4.9.3/../../../../arm-none-eabi/lib/cortex-m7\libc.a(lib_a-fstatr.o)
 .ARM.attributes
                0x00000c26       0x33 c:/isystem/winideaopen9/gcc/arm/bin/../lib/gcc/arm-none-eabi/4.9.3/../../../../arm-none-eabi/lib/cortex-m7\libc.a(lib_a-isattyr.o)
 .ARM.attributes
                0x00000c59       0x33 c:/isystem/winideaopen9/gcc/arm/bin/../lib/gcc/arm-none-eabi/4.9.3/../../../../arm-none-eabi/lib/cortex-m7\libc.a(lib_a-lseekr.o)
 .ARM.attributes
                0x00000c8c       0x33 c:/isystem/winideaopen9/gcc/arm/bin/../lib/gcc/arm-none-eabi/4.9.3/../../../../arm-none-eabi/lib/cortex-m7\libc.a(lib_a-readr.o)
 .ARM.attributes
                0x00000cbf       0x33 c:/isystem/winideaopen9/gcc/arm/bin/../lib/gcc/arm-none-eabi/4.9.3/../../../../arm-none-eabi/lib/cortex-m7\libc.a(lib_a-reent.o)
 .ARM.attributes
                0x00000cf2       0x23 c:/isystem/winideaopen9/gcc/arm/bin/../lib/gcc/arm-none-eabi/4.9.3/cortex-m7\libgcc.a(_arm_addsubdf3.o)
 .ARM.attributes
                0x00000d15       0x23 c:/isystem/winideaopen9/gcc/arm/bin/../lib/gcc/arm-none-eabi/4.9.3/cortex-m7\libgcc.a(_arm_muldivdf3.o)
 .ARM.attributes
                0x00000d38       0x23 c:/isystem/winideaopen9/gcc/arm/bin/../lib/gcc/arm-none-eabi/4.9.3/cortex-m7\libgcc.a(_arm_cmpdf2.o)
 .ARM.attributes
                0x00000d5b       0x23 c:/isystem/winideaopen9/gcc/arm/bin/../lib/gcc/arm-none-eabi/4.9.3/cortex-m7\libgcc.a(_arm_fixdfsi.o)
 .ARM.attributes
                0x00000d7e       0x23 c:/isystem/winideaopen9/gcc/arm/bin/../lib/gcc/arm-none-eabi/4.9.3/cortex-m7\libgcc.a(_aeabi_uldivmod.o)
 .ARM.attributes
                0x00000da1       0x33 c:/isystem/winideaopen9/gcc/arm/bin/../lib/gcc/arm-none-eabi/4.9.3/cortex-m7\libgcc.a(bpabi.o)
 .ARM.attributes
                0x00000dd4       0x23 c:/isystem/winideaopen9/gcc/arm/bin/../lib/gcc/arm-none-eabi/4.9.3/cortex-m7\libgcc.a(_dvmd_tls.o)
 .ARM.attributes
                0x00000df7       0x33 c:/isystem/winideaopen9/gcc/arm/bin/../lib/gcc/arm-none-eabi/4.9.3/cortex-m7\libgcc.a(_divdi3.o)
 .ARM.attributes
                0x00000e2a       0x33 c:/isystem/winideaopen9/gcc/arm/bin/../lib/gcc/arm-none-eabi/4.9.3/cortex-m7\libgcc.a(_udivdi3.o)

.debug_frame    0x00000000     0x2618
 .debug_frame   0x00000000      0x1a4 C:\WinOpen\Sistemas_embebidos\BaseProject\workspace\Debug\dbg_console.o
 .debug_frame   0x000001a4       0x50 C:\WinOpen\Sistemas_embebidos\BaseProject\workspace\Debug\board_lowlevel.o
 .debug_frame   0x000001f4       0xcc C:\WinOpen\Sistemas_embebidos\BaseProject\workspace\Debug\exceptions.o
 .debug_frame   0x000002c0      0x294 C:\WinOpen\Sistemas_embebidos\BaseProject\workspace\Debug\pio.o
 .debug_frame   0x00000554       0xf4 C:\WinOpen\Sistemas_embebidos\BaseProject\workspace\Debug\mpu.o
 .debug_frame   0x00000648      0x35c C:\WinOpen\Sistemas_embebidos\BaseProject\workspace\Debug\pmc.o
 .debug_frame   0x000009a4       0xd8 C:\WinOpen\Sistemas_embebidos\BaseProject\workspace\Debug\wdt.o
 .debug_frame   0x00000a7c      0x1f0 C:\WinOpen\Sistemas_embebidos\BaseProject\workspace\Debug\pio_it.o
 .debug_frame   0x00000c6c       0xa8 C:\WinOpen\Sistemas_embebidos\BaseProject\workspace\Debug\fpu.o
 .debug_frame   0x00000d14      0x1b4 C:\WinOpen\Sistemas_embebidos\BaseProject\workspace\Debug\syscalls.o
 .debug_frame   0x00000ec8       0xc0 C:\WinOpen\Sistemas_embebidos\BaseProject\workspace\Debug\system_sam.o
 .debug_frame   0x00000f88      0x154 C:\WinOpen\Sistemas_embebidos\BaseProject\workspace\Debug\timetick.o
 .debug_frame   0x000010dc       0xb8 C:\WinOpen\Sistemas_embebidos\BaseProject\workspace\Debug\app_scheduler.o
 .debug_frame   0x00001194       0xc8 C:\WinOpen\Sistemas_embebidos\BaseProject\workspace\Debug\Tasks.o
 .debug_frame   0x0000125c       0xa0 C:\WinOpen\Sistemas_embebidos\BaseProject\workspace\Debug\led.o
 .debug_frame   0x000012fc       0x90 C:\WinOpen\Sistemas_embebidos\BaseProject\workspace\Debug\main.o
 .debug_frame   0x0000138c       0x68 C:\WinOpen\Sistemas_embebidos\BaseProject\workspace\Debug\startup_sam.o